#
# There is insufficient memory for the Java Runtime Environment to continue.
# Native memory allocation (malloc) failed to allocate 1117616 bytes. Error detail: Chunk::new
# Possible reasons:
#   The system is out of physical RAM or swap space
#   This process is running with CompressedOops enabled, and the Java Heap may be blocking the growth of the native heap
# Possible solutions:
#   Reduce memory load on the system
#   Increase physical memory or swap space
#   Check if swap backing store is full
#   Decrease Java heap size (-Xmx/-Xms)
#   Decrease number of Java threads
#   Decrease Java thread stack sizes (-Xss)
#   Set larger code cache with -XX:ReservedCodeCacheSize=
#   JVM is running with Zero Based Compressed Oops mode in which the Java heap is
#     placed in the first 32GB address space. The Java Heap base address is the
#     maximum limit for the native heap growth. Please use -XX:HeapBaseMinAddress
#     to set the Java Heap base and to place the Java Heap above 32GB virtual address.
# This output file may be truncated or incomplete.
#
#  Out of Memory Error (arena.cpp:168), pid=5252, tid=13188
#
# JRE version: OpenJDK Runtime Environment Temurin-21.0.10+7 (21.0.10+7) (build 21.0.10+7-LTS)
# Java VM: OpenJDK 64-Bit Server VM Temurin-21.0.10+7 (21.0.10+7-LTS, mixed mode, sharing, tiered, compressed oops, compressed class ptrs, g1 gc, windows-amd64)
# No core dump will be written. Minidumps are not enabled by default on client versions of Windows
#

---------------  S U M M A R Y ------------

Command Line: --add-opens=java.base/java.util=ALL-UNNAMED --add-opens=java.base/java.lang=ALL-UNNAMED --add-opens=java.base/java.lang.invoke=ALL-UNNAMED --add-opens=java.prefs/java.util.prefs=ALL-UNNAMED --add-exports=jdk.compiler/com.sun.tools.javac.api=ALL-UNNAMED --add-exports=jdk.compiler/com.sun.tools.javac.util=ALL-UNNAMED --add-opens=java.base/java.nio.charset=ALL-UNNAMED --add-opens=java.base/java.net=ALL-UNNAMED --add-opens=java.base/java.util.concurrent.atomic=ALL-UNNAMED -Xmx4G -Dfile.encoding=utf8 -Duser.country=TR -Duser.language=tr -Duser.variant -javaagent:C:\Users\System Bilgisayar\.gradle\wrapper\dists\gradle-8.9-bin\90cnw93cvbtalezasaz0blq0a\gradle-8.9\lib\agents\gradle-instrumentation-agent-8.9.jar org.gradle.launcher.daemon.bootstrap.GradleDaemon 8.9

Host: Intel(R) Core(TM) i5-7200U CPU @ 2.50GHz, 4 cores, 3G,  Windows 10 , 64 bit Build 19041 (10.0.19041.5915)
Time: Mon May  4 22:48:43 2026 Türkiye Standart Saati elapsed time: 109.096878 seconds (0d 0h 1m 49s)

---------------  T H R E A D  ---------------

Current thread (0x00000229fe8cd380):  JavaThread "C2 CompilerThread0" daemon [_thread_in_native, id=13188, stack(0x00000059f6000000,0x00000059f6100000) (1024K)]


Current CompileTask:
C2:109098 7263       4       javax.management.ObjectName::construct (1135 bytes)

Stack: [0x00000059f6000000,0x00000059f6100000]
Native frames: (J=compiled Java code, j=interpreted, Vv=VM code, C=native code)
V  [jvm.dll+0x6d7a39]
V  [jvm.dll+0x8b4b26]
V  [jvm.dll+0x8b70de]
V  [jvm.dll+0x8b77c3]
V  [jvm.dll+0x284346]
V  [jvm.dll+0xc66ed]
V  [jvm.dll+0xc6c31]
V  [jvm.dll+0x3bec3b]
V  [jvm.dll+0x1e3f69]
V  [jvm.dll+0x24c6b3]
V  [jvm.dll+0x24bb40]
V  [jvm.dll+0x1cb34e]
V  [jvm.dll+0x25b85d]
V  [jvm.dll+0x259dea]
V  [jvm.dll+0x3f857e]
V  [jvm.dll+0x85f59d]
V  [jvm.dll+0x6d626d]
C  [ucrtbase.dll+0x21bb2]
C  [KERNEL32.DLL+0x17374]
C  [ntdll.dll+0x4cc91]


---------------  P R O C E S S  ---------------

Threads class SMR info:
_java_thread_list=0x00000229c5ffef50, length=35, elements={
0x00000229e2ff3fb0, 0x00000229fe8c7de0, 0x00000229fe8c8b00, 0x00000229fe8ca6d0,
0x00000229fe8cb130, 0x00000229fe8cbb90, 0x00000229fe8cc5f0, 0x00000229fe8cd380,
0x00000229fe9296f0, 0x00000229feaaf270, 0x00000229feacf170, 0x00000229c5d5d150,
0x00000229c5c26e40, 0x00000229c5f2d7d0, 0x00000229c61a9850, 0x00000229c5ee5360,
0x00000229c5eae540, 0x00000229ff4de360, 0x00000229c5e838a0, 0x00000229c5e86000,
0x00000229c5e86690, 0x00000229c5e83f30, 0x00000229c5e85970, 0x00000229c5e83210,
0x00000229c5e84c50, 0x00000229c5e852e0, 0x00000229c5eb6c60, 0x00000229c5ebd560,
0x00000229c5eb9a50, 0x00000229c5ebc1b0, 0x00000229c5eb8d30, 0x00000229c5ebae00,
0x00000229c5eb7980, 0x00000229c5ebb490, 0x00000229c5ebbb20
}

Java Threads: ( => current thread )
  0x00000229e2ff3fb0 JavaThread "main"                              [_thread_blocked, id=13544, stack(0x00000059f5200000,0x00000059f5300000) (1024K)]
  0x00000229fe8c7de0 JavaThread "Reference Handler"          daemon [_thread_blocked, id=11332, stack(0x00000059f5a00000,0x00000059f5b00000) (1024K)]
  0x00000229fe8c8b00 JavaThread "Finalizer"                  daemon [_thread_blocked, id=6216, stack(0x00000059f5b00000,0x00000059f5c00000) (1024K)]
  0x00000229fe8ca6d0 JavaThread "Signal Dispatcher"          daemon [_thread_blocked, id=9008, stack(0x00000059f5c00000,0x00000059f5d00000) (1024K)]
  0x00000229fe8cb130 JavaThread "Attach Listener"            daemon [_thread_blocked, id=1120, stack(0x00000059f5d00000,0x00000059f5e00000) (1024K)]
  0x00000229fe8cbb90 JavaThread "Service Thread"             daemon [_thread_blocked, id=1032, stack(0x00000059f5e00000,0x00000059f5f00000) (1024K)]
  0x00000229fe8cc5f0 JavaThread "Monitor Deflation Thread"   daemon [_thread_blocked, id=10332, stack(0x00000059f5f00000,0x00000059f6000000) (1024K)]
=>0x00000229fe8cd380 JavaThread "C2 CompilerThread0"         daemon [_thread_in_native, id=13188, stack(0x00000059f6000000,0x00000059f6100000) (1024K)]
  0x00000229fe9296f0 JavaThread "C1 CompilerThread0"         daemon [_thread_blocked, id=13100, stack(0x00000059f6100000,0x00000059f6200000) (1024K)]
  0x00000229feaaf270 JavaThread "Common-Cleaner"             daemon [_thread_blocked, id=9736, stack(0x00000059f6200000,0x00000059f6300000) (1024K)]
  0x00000229feacf170 JavaThread "Notification Thread"        daemon [_thread_blocked, id=1272, stack(0x00000059f6300000,0x00000059f6400000) (1024K)]
  0x00000229c5d5d150 JavaThread "Daemon health stats"               [_thread_blocked, id=13844, stack(0x00000059f6700000,0x00000059f6800000) (1024K)]
  0x00000229c5c26e40 JavaThread "Incoming local TCP Connector on port 62811"        [_thread_in_native, id=2548, stack(0x00000059f6800000,0x00000059f6900000) (1024K)]
  0x00000229c5f2d7d0 JavaThread "Daemon periodic checks"            [_thread_blocked, id=13016, stack(0x00000059f6900000,0x00000059f6a00000) (1024K)]
  0x00000229c61a9850 JavaThread "Daemon"                            [_thread_blocked, id=4224, stack(0x00000059f6a00000,0x00000059f6b00000) (1024K)]
  0x00000229c5ee5360 JavaThread "Handler for socket connection from /127.0.0.1:62811 to /127.0.0.1:62812"        [_thread_in_native, id=8704, stack(0x00000059f6b00000,0x00000059f6c00000) (1024K)]
  0x00000229c5eae540 JavaThread "Cancel handler"                    [_thread_blocked, id=13852, stack(0x00000059f6c00000,0x00000059f6d00000) (1024K)]
  0x00000229ff4de360 JavaThread "Daemon worker"                     [_thread_in_vm, id=12896, stack(0x00000059f6d00000,0x00000059f6e00000) (1024K)]
  0x00000229c5e838a0 JavaThread "Asynchronous log dispatcher for DefaultDaemonConnection: socket connection from /127.0.0.1:62811 to /127.0.0.1:62812"        [_thread_blocked, id=3768, stack(0x00000059f6e00000,0x00000059f6f00000) (1024K)]
  0x00000229c5e86000 JavaThread "Stdin handler"                     [_thread_blocked, id=6100, stack(0x00000059f6f00000,0x00000059f7000000) (1024K)]
  0x00000229c5e86690 JavaThread "Daemon client event forwarder"        [_thread_blocked, id=13344, stack(0x00000059f7000000,0x00000059f7100000) (1024K)]
  0x00000229c5e83f30 JavaThread "Cache worker for journal cache (C:\Users\System Bilgisayar\.gradle\caches\journal-1)"        [_thread_blocked, id=5052, stack(0x00000059f7100000,0x00000059f7200000) (1024K)]
  0x00000229c5e85970 JavaThread "File lock request listener"        [_thread_in_native, id=12328, stack(0x00000059f7200000,0x00000059f7300000) (1024K)]
  0x00000229c5e83210 JavaThread "Cache worker for file hash cache (C:\Users\System Bilgisayar\.gradle\caches\8.9\fileHashes)"        [_thread_blocked, id=5992, stack(0x00000059f7300000,0x00000059f7400000) (1024K)]
  0x00000229c5e84c50 JavaThread "Cache worker for file hash cache (C:\Users\System Bilgisayar\AppData\Local\Pub\Cache\hosted\pub.dev\shared_preferences_android-2.4.23\android\.gradle\8.9\fileHashes)"        [_thread_blocked, id=6448, stack(0x00000059f7400000,0x00000059f7500000) (1024K)]
  0x00000229c5e852e0 JavaThread "Cache worker for Build Output Cleanup Cache (C:\Users\System Bilgisayar\AppData\Local\Pub\Cache\hosted\pub.dev\shared_preferences_android-2.4.23\android\.gradle\buildOutputCleanup)"        [_thread_blocked, id=14220, stack(0x00000059f7500000,0x00000059f7600000) (1024K)]
  0x00000229c5eb6c60 JavaThread "File watcher server"        daemon [_thread_in_native, id=9748, stack(0x00000059f7600000,0x00000059f7700000) (1024K)]
  0x00000229c5ebd560 JavaThread "File watcher consumer"      daemon [_thread_blocked, id=6384, stack(0x00000059f7700000,0x00000059f7800000) (1024K)]
  0x00000229c5eb9a50 JavaThread "Cache worker for checksums cache (C:\Users\System Bilgisayar\AppData\Local\Pub\Cache\hosted\pub.dev\shared_preferences_android-2.4.23\android\.gradle\8.9\checksums)"        [_thread_blocked, id=3980, stack(0x00000059f7800000,0x00000059f7900000) (1024K)]
  0x00000229c5ebc1b0 JavaThread "Cache worker for file content cache (C:\Users\System Bilgisayar\.gradle\caches\8.9\fileContent)"        [_thread_blocked, id=13752, stack(0x00000059f7900000,0x00000059f7a00000) (1024K)]
  0x00000229c5eb8d30 JavaThread "Cache worker for cache directory md-rule (C:\Users\System Bilgisayar\.gradle\caches\8.9\md-rule)"        [_thread_blocked, id=8852, stack(0x00000059f7a00000,0x00000059f7b00000) (1024K)]
  0x00000229c5ebae00 JavaThread "Cache worker for cache directory md-supplier (C:\Users\System Bilgisayar\.gradle\caches\8.9\md-supplier)"        [_thread_blocked, id=7660, stack(0x00000059f7b00000,0x00000059f7c00000) (1024K)]
  0x00000229c5eb7980 JavaThread "jar transforms"                    [_thread_blocked, id=7868, stack(0x00000059f7c00000,0x00000059f7d00000) (1024K)]
  0x00000229c5ebb490 JavaThread "jar transforms Thread 2"           [_thread_blocked, id=11960, stack(0x00000059f7d00000,0x00000059f7e00000) (1024K)]
  0x00000229c5ebbb20 JavaThread "File lock release action executor"        [_thread_blocked, id=12932, stack(0x00000059f7e00000,0x00000059f7f00000) (1024K)]
Total: 35

Other Threads:
  0x00000229e531bfe0 VMThread "VM Thread"                           [id=9932, stack(0x00000059f5900000,0x00000059f5a00000) (1024K)]
  0x00000229fe8ad220 WatcherThread "VM Periodic Task Thread"        [id=1304, stack(0x00000059f5800000,0x00000059f5900000) (1024K)]
  0x00000229e52bade0 WorkerThread "GC Thread#0"                     [id=10112, stack(0x00000059f5300000,0x00000059f5400000) (1024K)]
  0x00000229fec12530 WorkerThread "GC Thread#1"                     [id=2116, stack(0x00000059f6400000,0x00000059f6500000) (1024K)]
  0x00000229fec20400 WorkerThread "GC Thread#2"                     [id=2520, stack(0x00000059f6500000,0x00000059f6600000) (1024K)]
  0x00000229ff2f8b20 WorkerThread "GC Thread#3"                     [id=13256, stack(0x00000059f6600000,0x00000059f6700000) (1024K)]
  0x00000229e52ccbf0 ConcurrentGCThread "G1 Main Marker"            [id=1184, stack(0x00000059f5400000,0x00000059f5500000) (1024K)]
  0x00000229e52cd510 WorkerThread "G1 Conc#0"                       [id=6156, stack(0x00000059f5500000,0x00000059f5600000) (1024K)]
  0x00000229e52f9a20 ConcurrentGCThread "G1 Refine#0"               [id=8224, stack(0x00000059f5600000,0x00000059f5700000) (1024K)]
  0x00000229e52fb3c0 ConcurrentGCThread "G1 Service"                [id=11712, stack(0x00000059f5700000,0x00000059f5800000) (1024K)]
Total: 10

Threads with active compile tasks:
C2 CompilerThread0  109259 7263       4       javax.management.ObjectName::construct (1135 bytes)
C1 CompilerThread0  109259 7281       1       org.jetbrains.kotlin.metadata.ProtoBuf$Class::getTypeParameterList (5 bytes)
Total: 2

VM state: not at safepoint (normal execution)

VM Mutex/Monitor currently owned by a thread: None

Heap address: 0x0000000700000000, size: 4096 MB, Compressed Oops mode: Zero based, Oop shift amount: 3

CDS archive(s) mapped at: [0x0000022980000000-0x0000022980ba0000-0x0000022980ba0000), size 12189696, SharedBaseAddress: 0x0000022980000000, ArchiveRelocationMode: 1.
Compressed class space mapped at: 0x0000022981000000-0x00000229c1000000, reserved size: 1073741824
Narrow klass base: 0x0000022980000000, Narrow klass shift: 0, Narrow klass range: 0x100000000

GC Precious Log:
 CardTable entry size: 512
 Card Set container configuration: InlinePtr #cards 4 size 8 Array Of Cards #cards 16 size 48 Howl #buckets 8 coarsen threshold 3686 Howl Bitmap #cards 512 size 80 coarsen threshold 460 Card regions per heap region 1 cards per card region 4096
 CPUs: 4 total, 4 available
 Memory: 3345M
 Large Page Support: Disabled
 NUMA Support: Disabled
 Compressed Oops: Enabled (Zero based)
 Heap Region Size: 2M
 Heap Min Capacity: 8M
 Heap Initial Capacity: 54M
 Heap Max Capacity: 4G
 Pre-touch: Disabled
 Parallel Workers: 4
 Concurrent Workers: 1
 Concurrent Refinement Workers: 4
 Periodic GC: Disabled

Heap:
 garbage-first heap   total 122880K, used 94868K [0x0000000700000000, 0x0000000800000000)
  region size 2048K, 15 young (30720K), 2 survivors (4096K)
 Metaspace       used 82575K, committed 84416K, reserved 1179648K
  class space    used 11194K, committed 12096K, reserved 1048576K

Heap Regions: E=young(eden), S=young(survivor), O=old, HS=humongous(starts), HC=humongous(continues), CS=collection set, F=free, TAMS=top-at-mark-start, PB=parsable bottom
|   0|0x0000000700000000, 0x0000000700200000, 0x0000000700200000|100%|HS|  |TAMS 0x0000000700000000| PB 0x0000000700000000| Complete 
|   1|0x0000000700200000, 0x0000000700400000, 0x0000000700400000|100%|HC|  |TAMS 0x0000000700200000| PB 0x0000000700200000| Complete 
|   2|0x0000000700400000, 0x0000000700600000, 0x0000000700600000|100%| O|  |TAMS 0x0000000700400000| PB 0x0000000700400000| Untracked 
|   3|0x0000000700600000, 0x0000000700800000, 0x0000000700800000|100%| O|  |TAMS 0x0000000700600000| PB 0x0000000700600000| Untracked 
|   4|0x0000000700800000, 0x0000000700a00000, 0x0000000700a00000|100%| O|  |TAMS 0x0000000700800000| PB 0x0000000700800000| Untracked 
|   5|0x0000000700a00000, 0x0000000700c00000, 0x0000000700c00000|100%| O|  |TAMS 0x0000000700a00000| PB 0x0000000700a00000| Untracked 
|   6|0x0000000700c00000, 0x0000000700e00000, 0x0000000700e00000|100%| O|  |TAMS 0x0000000700c00000| PB 0x0000000700c00000| Untracked 
|   7|0x0000000700e00000, 0x0000000701000000, 0x0000000701000000|100%| O|  |TAMS 0x0000000700e00000| PB 0x0000000700e00000| Untracked 
|   8|0x0000000701000000, 0x0000000701200000, 0x0000000701200000|100%| O|  |TAMS 0x0000000701000000| PB 0x0000000701000000| Untracked 
|   9|0x0000000701200000, 0x0000000701400000, 0x0000000701400000|100%| O|  |TAMS 0x0000000701200000| PB 0x0000000701200000| Untracked 
|  10|0x0000000701400000, 0x0000000701600000, 0x0000000701600000|100%| O|  |TAMS 0x0000000701400000| PB 0x0000000701400000| Untracked 
|  11|0x0000000701600000, 0x0000000701800000, 0x0000000701800000|100%| O|  |TAMS 0x0000000701600000| PB 0x0000000701600000| Untracked 
|  12|0x0000000701800000, 0x0000000701a00000, 0x0000000701a00000|100%| O|  |TAMS 0x0000000701800000| PB 0x0000000701800000| Untracked 
|  13|0x0000000701a00000, 0x0000000701c00000, 0x0000000701c00000|100%| O|  |TAMS 0x0000000701a00000| PB 0x0000000701a00000| Untracked 
|  14|0x0000000701c00000, 0x0000000701e00000, 0x0000000701e00000|100%| O|  |TAMS 0x0000000701c00000| PB 0x0000000701c00000| Untracked 
|  15|0x0000000701e00000, 0x0000000702000000, 0x0000000702000000|100%| O|  |TAMS 0x0000000701e00000| PB 0x0000000701e00000| Untracked 
|  16|0x0000000702000000, 0x0000000702200000, 0x0000000702200000|100%| O|  |TAMS 0x0000000702000000| PB 0x0000000702000000| Untracked 
|  17|0x0000000702200000, 0x0000000702400000, 0x0000000702400000|100%| O|  |TAMS 0x0000000702200000| PB 0x0000000702200000| Untracked 
|  18|0x0000000702400000, 0x0000000702600000, 0x0000000702600000|100%| O|  |TAMS 0x0000000702400000| PB 0x0000000702400000| Untracked 
|  19|0x0000000702600000, 0x0000000702800000, 0x0000000702800000|100%|HS|  |TAMS 0x0000000702600000| PB 0x0000000702600000| Complete 
|  20|0x0000000702800000, 0x0000000702a00000, 0x0000000702a00000|100%|HC|  |TAMS 0x0000000702800000| PB 0x0000000702800000| Complete 
|  21|0x0000000702a00000, 0x0000000702c00000, 0x0000000702c00000|100%|HC|  |TAMS 0x0000000702a00000| PB 0x0000000702a00000| Complete 
|  22|0x0000000702c00000, 0x0000000702d5c060, 0x0000000702e00000| 67%| O|  |TAMS 0x0000000702c00000| PB 0x0000000702c00000| Untracked 
|  23|0x0000000702e00000, 0x0000000703000000, 0x0000000703000000|100%| O|  |TAMS 0x0000000702e00000| PB 0x0000000702e00000| Untracked 
|  24|0x0000000703000000, 0x0000000703200000, 0x0000000703200000|100%| O|  |TAMS 0x0000000703000000| PB 0x0000000703000000| Untracked 
|  25|0x0000000703200000, 0x0000000703400000, 0x0000000703400000|100%| O|  |TAMS 0x0000000703200000| PB 0x0000000703200000| Untracked 
|  26|0x0000000703400000, 0x0000000703600000, 0x0000000703600000|100%| O|Cm|TAMS 0x0000000703400000| PB 0x0000000703400000| Complete 
|  27|0x0000000703600000, 0x0000000703800000, 0x0000000703800000|100%| O|  |TAMS 0x0000000703600000| PB 0x0000000703600000| Untracked 
|  28|0x0000000703800000, 0x0000000703a00000, 0x0000000703a00000|100%| O|  |TAMS 0x0000000703800000| PB 0x0000000703800000| Untracked 
|  29|0x0000000703a00000, 0x0000000703c00000, 0x0000000703c00000|100%| O|  |TAMS 0x0000000703a00000| PB 0x0000000703a00000| Untracked 
|  30|0x0000000703c00000, 0x0000000703c00000, 0x0000000703e00000|  0%| F|  |TAMS 0x0000000703c00000| PB 0x0000000703c00000| Untracked 
|  31|0x0000000703e00000, 0x0000000703e00000, 0x0000000704000000|  0%| F|  |TAMS 0x0000000703e00000| PB 0x0000000703e00000| Untracked 
|  32|0x0000000704000000, 0x00000007041492e0, 0x0000000704200000| 64%| S|CS|TAMS 0x0000000704000000| PB 0x0000000704000000| Complete 
|  33|0x0000000704200000, 0x0000000704400000, 0x0000000704400000|100%| O|  |TAMS 0x0000000704200000| PB 0x0000000704200000| Untracked 
|  34|0x0000000704400000, 0x0000000704400000, 0x0000000704600000|  0%| F|  |TAMS 0x0000000704400000| PB 0x0000000704400000| Untracked 
|  35|0x0000000704600000, 0x0000000704600000, 0x0000000704800000|  0%| F|  |TAMS 0x0000000704600000| PB 0x0000000704600000| Untracked 
|  36|0x0000000704800000, 0x0000000704a00000, 0x0000000704a00000|100%| S|CS|TAMS 0x0000000704800000| PB 0x0000000704800000| Complete 
|  37|0x0000000704a00000, 0x0000000704a00000, 0x0000000704c00000|  0%| F|  |TAMS 0x0000000704a00000| PB 0x0000000704a00000| Untracked 
|  38|0x0000000704c00000, 0x0000000704c00000, 0x0000000704e00000|  0%| F|  |TAMS 0x0000000704c00000| PB 0x0000000704c00000| Untracked 
|  39|0x0000000704e00000, 0x0000000704e00000, 0x0000000705000000|  0%| F|  |TAMS 0x0000000704e00000| PB 0x0000000704e00000| Untracked 
|  40|0x0000000705000000, 0x0000000705000000, 0x0000000705200000|  0%| F|  |TAMS 0x0000000705000000| PB 0x0000000705000000| Untracked 
|  41|0x0000000705200000, 0x0000000705200000, 0x0000000705400000|  0%| F|  |TAMS 0x0000000705200000| PB 0x0000000705200000| Untracked 
|  42|0x0000000705400000, 0x0000000705400000, 0x0000000705600000|  0%| F|  |TAMS 0x0000000705400000| PB 0x0000000705400000| Untracked 
|  43|0x0000000705600000, 0x0000000705600000, 0x0000000705800000|  0%| F|  |TAMS 0x0000000705600000| PB 0x0000000705600000| Untracked 
|  44|0x0000000705800000, 0x00000007059f7070, 0x0000000705a00000| 98%| E|  |TAMS 0x0000000705800000| PB 0x0000000705800000| Complete 
|  45|0x0000000705a00000, 0x0000000705c00000, 0x0000000705c00000|100%| E|CS|TAMS 0x0000000705a00000| PB 0x0000000705a00000| Complete 
|  46|0x0000000705c00000, 0x0000000705e00000, 0x0000000705e00000|100%| E|CS|TAMS 0x0000000705c00000| PB 0x0000000705c00000| Complete 
|  47|0x0000000705e00000, 0x0000000706000000, 0x0000000706000000|100%| E|CS|TAMS 0x0000000705e00000| PB 0x0000000705e00000| Complete 
|  48|0x0000000706000000, 0x0000000706200000, 0x0000000706200000|100%| E|CS|TAMS 0x0000000706000000| PB 0x0000000706000000| Complete 
|  49|0x0000000706200000, 0x0000000706400000, 0x0000000706400000|100%| E|CS|TAMS 0x0000000706200000| PB 0x0000000706200000| Complete 
|  50|0x0000000706400000, 0x0000000706600000, 0x0000000706600000|100%| E|  |TAMS 0x0000000706400000| PB 0x0000000706400000| Complete 
|  51|0x0000000706600000, 0x0000000706800000, 0x0000000706800000|100%| E|CS|TAMS 0x0000000706600000| PB 0x0000000706600000| Complete 
|  52|0x0000000706800000, 0x0000000706a00000, 0x0000000706a00000|100%| E|CS|TAMS 0x0000000706800000| PB 0x0000000706800000| Complete 
|  53|0x0000000706a00000, 0x0000000706c00000, 0x0000000706c00000|100%| E|CS|TAMS 0x0000000706a00000| PB 0x0000000706a00000| Complete 
|  54|0x0000000706c00000, 0x0000000706e00000, 0x0000000706e00000|100%| E|CS|TAMS 0x0000000706c00000| PB 0x0000000706c00000| Complete 
|  55|0x0000000706e00000, 0x0000000707000000, 0x0000000707000000|100%| E|CS|TAMS 0x0000000706e00000| PB 0x0000000706e00000| Complete 
|2044|0x00000007ff800000, 0x00000007ffa00000, 0x00000007ffa00000|100%| O|  |TAMS 0x00000007ff800000| PB 0x00000007ff800000| Untracked 
|2045|0x00000007ffa00000, 0x00000007ffc00000, 0x00000007ffc00000|100%| O|  |TAMS 0x00000007ffa00000| PB 0x00000007ffa00000| Untracked 
|2046|0x00000007ffc00000, 0x00000007ffe00000, 0x00000007ffe00000|100%| O|  |TAMS 0x00000007ffc00000| PB 0x00000007ffc00000| Untracked 
|2047|0x00000007ffe00000, 0x0000000800000000, 0x0000000800000000|100%| E|CS|TAMS 0x00000007ffe00000| PB 0x00000007ffe00000| Complete 

Card table byte_map: [0x00000229f7c60000,0x00000229f8460000] _byte_map_base: 0x00000229f4460000

Marking Bits: (CMBitMap*) 0x00000229e52bb300
 Bits: [0x00000229f8460000, 0x00000229fc460000)

Polling page: 0x00000229e3240000

Metaspace:

Usage:
  Non-class:     69.71 MB used.
      Class:     10.93 MB used.
       Both:     80.64 MB used.

Virtual space:
  Non-class space:      128.00 MB reserved,      70.62 MB ( 55%) committed,  2 nodes.
      Class space:        1.00 GB reserved,      11.81 MB (  1%) committed,  1 nodes.
             Both:        1.12 GB reserved,      82.44 MB (  7%) committed. 

Chunk freelists:
   Non-Class:  8.91 MB
       Class:  4.11 MB
        Both:  13.02 MB

MaxMetaspaceSize: unlimited
CompressedClassSpaceSize: 1.00 GB
Initial GC threshold: 21.00 MB
Current GC threshold: 133.56 MB
CDS: on
 - commit_granule_bytes: 65536.
 - commit_granule_words: 8192.
 - virtual_space_node_default_size: 8388608.
 - enlarge_chunks_in_place: 1.
 - use_allocation_guard: 0.


Internal statistics:

num_allocs_failed_limit: 3.
num_arena_births: 3226.
num_arena_deaths: 0.
num_vsnodes_births: 3.
num_vsnodes_deaths: 0.
num_space_committed: 1317.
num_space_uncommitted: 0.
num_chunks_returned_to_freelist: 3.
num_chunks_taken_from_freelist: 6607.
num_chunk_merges: 3.
num_chunk_splits: 4671.
num_chunks_enlarged: 3222.
num_inconsistent_stats: 0.

CodeHeap 'non-profiled nmethods': size=120000Kb used=3497Kb max_used=3701Kb free=116502Kb
 bounds [0x00000229eff30000, 0x00000229f02d0000, 0x00000229f7460000]
CodeHeap 'profiled nmethods': size=120000Kb used=12223Kb max_used=12541Kb free=107776Kb
 bounds [0x00000229e8460000, 0x00000229e90a0000, 0x00000229ef990000]
CodeHeap 'non-nmethods': size=5760Kb used=2755Kb max_used=2772Kb free=3004Kb
 bounds [0x00000229ef990000, 0x00000229efc60000, 0x00000229eff30000]
CodeCache: size=245760Kb, used=18475Kb, max_used=19014Kb, free=227282Kb
 total_blobs=7120, nmethods=6108, adapters=915, full_count=0
Compilation: enabled, stopped_count=0, restarted_count=0

Compilation events (20 events):
Event: 107.824 Thread 0x00000229fe9296f0 nmethod 7253 0x00000229e85c4590 code [0x00000229e85c47c0, 0x00000229e85c4e68]
Event: 107.840 Thread 0x00000229fe8cd380 7254       4       java.lang.StringConcatHelper::newString (67 bytes)
Event: 107.858 Thread 0x00000229fe8cd380 nmethod 7254 0x00000229f017ce90 code [0x00000229f017d060, 0x00000229f017d5c8]
Event: 107.996 Thread 0x00000229fe8cd380 7255       4       java.util.jar.JarFile::getManifest (5 bytes)
Event: 108.030 Thread 0x00000229fe9296f0 7257       3       org.jetbrains.kotlin.com.intellij.psi.impl.source.tree.TreeElement::getTreeNext (5 bytes)
Event: 108.030 Thread 0x00000229fe9296f0 nmethod 7257 0x00000229e85f3490 code [0x00000229e85f3620, 0x00000229e85f3748]
Event: 108.144 Thread 0x00000229fe8cd380 nmethod 7255 0x00000229f0178510 code [0x00000229f01788e0, 0x00000229f017af80]
Event: 108.145 Thread 0x00000229fe8cd380 7256   !   4       java.util.jar.JarFile::getManifestFromReference (197 bytes)
Event: 108.180 Thread 0x00000229fe9296f0 7258       3       org.jetbrains.kotlin.config.LanguageVersionSettingsImpl::getFeatureSupport (89 bytes)
Event: 108.183 Thread 0x00000229fe9296f0 nmethod 7258 0x00000229e8c12610 code [0x00000229e8c12940, 0x00000229e8c13938]
Event: 108.183 Thread 0x00000229fe9296f0 7259       3       java.math.BigInteger::compareMagnitude (96 bytes)
Event: 108.184 Thread 0x00000229fe9296f0 nmethod 7259 0x00000229e8509d90 code [0x00000229e8509f60, 0x00000229e850a2f8]
Event: 108.194 Thread 0x00000229fe9296f0 7261       3       org.jetbrains.kotlin.util.slicedMap.OpenAddressLinearProbingHashTable::get (91 bytes)
Event: 108.195 Thread 0x00000229fe9296f0 nmethod 7261 0x00000229e8b2ee90 code [0x00000229e8b2f100, 0x00000229e8b2fb98]
Event: 108.213 Thread 0x00000229fe8cd380 nmethod 7256 0x00000229f01d3390 code [0x00000229f01d3760, 0x00000229f01d5e20]
Event: 108.213 Thread 0x00000229fe8cd380 7260       4       jdk.internal.loader.URLClassPath$JarLoader$2::getInputStream (15 bytes)
Event: 108.221 Thread 0x00000229fe8cd380 nmethod 7260 0x00000229f022a210 code [0x00000229f022a3e0, 0x00000229f022a838]
Event: 108.296 Thread 0x00000229fe9296f0 7262       3       org.jetbrains.kotlin.com.intellij.psi.impl.source.SourceTreeToPsiMap::treeElementToPsi (15 bytes)
Event: 108.296 Thread 0x00000229fe9296f0 nmethod 7262 0x00000229e8467c90 code [0x00000229e8467e40, 0x00000229e8468048]
Event: 108.765 Thread 0x00000229fe8cd380 7263       4       javax.management.ObjectName::construct (1135 bytes)

GC Heap History (20 events):
Event: 67.594 GC heap before
{Heap before GC invocations=27 (full 0):
 garbage-first heap   total 69632K, used 66758K [0x0000000700000000, 0x0000000800000000)
  region size 2048K, 13 young (26624K), 2 survivors (4096K)
 Metaspace       used 56995K, committed 58432K, reserved 1114112K
  class space    used 8285K, committed 8960K, reserved 1048576K
}
Event: 67.612 GC heap after
{Heap after GC invocations=28 (full 0):
 garbage-first heap   total 75776K, used 46789K [0x0000000700000000, 0x0000000800000000)
  region size 2048K, 2 young (4096K), 2 survivors (4096K)
 Metaspace       used 56995K, committed 58432K, reserved 1114112K
  class space    used 8285K, committed 8960K, reserved 1048576K
}
Event: 68.497 GC heap before
{Heap before GC invocations=28 (full 0):
 garbage-first heap   total 75776K, used 67269K [0x0000000700000000, 0x0000000800000000)
  region size 2048K, 13 young (26624K), 2 survivors (4096K)
 Metaspace       used 57115K, committed 58560K, reserved 1114112K
  class space    used 8290K, committed 8960K, reserved 1048576K
}
Event: 68.572 GC heap after
{Heap after GC invocations=29 (full 0):
 garbage-first heap   total 81920K, used 53844K [0x0000000700000000, 0x0000000800000000)
  region size 2048K, 2 young (4096K), 2 survivors (4096K)
 Metaspace       used 57115K, committed 58560K, reserved 1114112K
  class space    used 8290K, committed 8960K, reserved 1048576K
}
Event: 70.143 GC heap before
{Heap before GC invocations=30 (full 0):
 garbage-first heap   total 92160K, used 70228K [0x0000000700000000, 0x0000000800000000)
  region size 2048K, 10 young (20480K), 2 survivors (4096K)
 Metaspace       used 58202K, committed 59648K, reserved 1114112K
  class space    used 8431K, committed 9152K, reserved 1048576K
}
Event: 70.156 GC heap after
{Heap after GC invocations=31 (full 0):
 garbage-first heap   total 92160K, used 50481K [0x0000000700000000, 0x0000000800000000)
  region size 2048K, 2 young (4096K), 2 survivors (4096K)
 Metaspace       used 58202K, committed 59648K, reserved 1114112K
  class space    used 8431K, committed 9152K, reserved 1048576K
}
Event: 73.439 GC heap before
{Heap before GC invocations=31 (full 0):
 garbage-first heap   total 92160K, used 79153K [0x0000000700000000, 0x0000000800000000)
  region size 2048K, 14 young (28672K), 2 survivors (4096K)
 Metaspace       used 61481K, committed 62912K, reserved 1114112K
  class space    used 8786K, committed 9472K, reserved 1048576K
}
Event: 73.566 GC heap after
{Heap after GC invocations=32 (full 0):
 garbage-first heap   total 110592K, used 58094K [0x0000000700000000, 0x0000000800000000)
  region size 2048K, 2 young (4096K), 2 survivors (4096K)
 Metaspace       used 61481K, committed 62912K, reserved 1114112K
  class space    used 8786K, committed 9472K, reserved 1048576K
}
Event: 84.665 GC heap before
{Heap before GC invocations=32 (full 0):
 garbage-first heap   total 110592K, used 88814K [0x0000000700000000, 0x0000000800000000)
  region size 2048K, 18 young (36864K), 2 survivors (4096K)
 Metaspace       used 64986K, committed 66432K, reserved 1114112K
  class space    used 9144K, committed 9856K, reserved 1048576K
}
Event: 84.682 GC heap after
{Heap after GC invocations=33 (full 0):
 garbage-first heap   total 110592K, used 60869K [0x0000000700000000, 0x0000000800000000)
  region size 2048K, 3 young (6144K), 3 survivors (6144K)
 Metaspace       used 64986K, committed 66432K, reserved 1114112K
  class space    used 9144K, committed 9856K, reserved 1048576K
}
Event: 88.541 GC heap before
{Heap before GC invocations=33 (full 0):
 garbage-first heap   total 110592K, used 91589K [0x0000000700000000, 0x0000000800000000)
  region size 2048K, 19 young (38912K), 3 survivors (6144K)
 Metaspace       used 68939K, committed 70656K, reserved 1114112K
  class space    used 9583K, committed 10432K, reserved 1048576K
}
Event: 88.573 GC heap after
{Heap after GC invocations=34 (full 0):
 garbage-first heap   total 110592K, used 62968K [0x0000000700000000, 0x0000000800000000)
  region size 2048K, 3 young (6144K), 3 survivors (6144K)
 Metaspace       used 68939K, committed 70656K, reserved 1114112K
  class space    used 9583K, committed 10432K, reserved 1048576K
}
Event: 91.577 GC heap before
{Heap before GC invocations=34 (full 0):
 garbage-first heap   total 110592K, used 95736K [0x0000000700000000, 0x0000000800000000)
  region size 2048K, 19 young (38912K), 3 survivors (6144K)
 Metaspace       used 72708K, committed 74496K, reserved 1114112K
  class space    used 10048K, committed 10944K, reserved 1048576K
}
Event: 91.647 GC heap after
{Heap after GC invocations=35 (full 0):
 garbage-first heap   total 110592K, used 65174K [0x0000000700000000, 0x0000000800000000)
  region size 2048K, 2 young (4096K), 2 survivors (4096K)
 Metaspace       used 72708K, committed 74496K, reserved 1114112K
  class space    used 10048K, committed 10944K, reserved 1048576K
}
Event: 94.674 GC heap before
{Heap before GC invocations=36 (full 0):
 garbage-first heap   total 110592K, used 97942K [0x0000000700000000, 0x0000000800000000)
  region size 2048K, 18 young (36864K), 2 survivors (4096K)
 Metaspace       used 76377K, committed 78144K, reserved 1179648K
  class space    used 10526K, committed 11392K, reserved 1048576K
}
Event: 94.708 GC heap after
{Heap after GC invocations=37 (full 0):
 garbage-first heap   total 110592K, used 69009K [0x0000000700000000, 0x0000000800000000)
  region size 2048K, 3 young (6144K), 3 survivors (6144K)
 Metaspace       used 76377K, committed 78144K, reserved 1179648K
  class space    used 10526K, committed 11392K, reserved 1048576K
}
Event: 97.331 GC heap before
{Heap before GC invocations=37 (full 0):
 garbage-first heap   total 110592K, used 99729K [0x0000000700000000, 0x0000000800000000)
  region size 2048K, 18 young (36864K), 3 survivors (6144K)
 Metaspace       used 77655K, committed 79360K, reserved 1179648K
  class space    used 10675K, committed 11520K, reserved 1048576K
}
Event: 97.421 GC heap after
{Heap after GC invocations=38 (full 0):
 garbage-first heap   total 110592K, used 68752K [0x0000000700000000, 0x0000000800000000)
  region size 2048K, 2 young (4096K), 2 survivors (4096K)
 Metaspace       used 77655K, committed 79360K, reserved 1179648K
  class space    used 10675K, committed 11520K, reserved 1048576K
}
Event: 105.750 GC heap before
{Heap before GC invocations=38 (full 0):
 garbage-first heap   total 110592K, used 97424K [0x0000000700000000, 0x0000000800000000)
  region size 2048K, 16 young (32768K), 2 survivors (4096K)
 Metaspace       used 78859K, committed 80576K, reserved 1179648K
  class space    used 10780K, committed 11648K, reserved 1048576K
}
Event: 105.877 GC heap after
{Heap after GC invocations=39 (full 0):
 garbage-first heap   total 110592K, used 72340K [0x0000000700000000, 0x0000000800000000)
  region size 2048K, 2 young (4096K), 2 survivors (4096K)
 Metaspace       used 78859K, committed 80576K, reserved 1179648K
  class space    used 10780K, committed 11648K, reserved 1048576K
}

Dll operation events (14 events):
Event: 0.053 Loaded shared library C:\Users\System Bilgisayar\.vscode\extensions\redhat.java-1.54.0-win32-x64\jre\21.0.10-win32-x86_64\bin\java.dll
Event: 0.226 Loaded shared library C:\Users\System Bilgisayar\.vscode\extensions\redhat.java-1.54.0-win32-x64\jre\21.0.10-win32-x86_64\bin\zip.dll
Event: 0.611 Loaded shared library C:\Users\System Bilgisayar\.vscode\extensions\redhat.java-1.54.0-win32-x64\jre\21.0.10-win32-x86_64\bin\instrument.dll
Event: 0.747 Loaded shared library C:\Users\System Bilgisayar\.vscode\extensions\redhat.java-1.54.0-win32-x64\jre\21.0.10-win32-x86_64\bin\net.dll
Event: 0.857 Loaded shared library C:\Users\System Bilgisayar\.vscode\extensions\redhat.java-1.54.0-win32-x64\jre\21.0.10-win32-x86_64\bin\nio.dll
Event: 0.864 Loaded shared library C:\Users\System Bilgisayar\.vscode\extensions\redhat.java-1.54.0-win32-x64\jre\21.0.10-win32-x86_64\bin\zip.dll
Event: 5.819 Loaded shared library C:\Users\System Bilgisayar\.vscode\extensions\redhat.java-1.54.0-win32-x64\jre\21.0.10-win32-x86_64\bin\jimage.dll
Event: 6.903 Loaded shared library C:\Users\System Bilgisayar\.vscode\extensions\redhat.java-1.54.0-win32-x64\jre\21.0.10-win32-x86_64\bin\verify.dll
Event: 7.622 Loaded shared library C:\Users\System Bilgisayar\.gradle\native\c067742578af261105cb4f569cf0c3c89f3d7b1fecec35dd04571415982c5e48\windows-amd64\native-platform.dll
Event: 7.649 Loaded shared library C:\Users\System Bilgisayar\.gradle\native\100fb08df4bc3b14c8652ba06237920a3bd2aa13389f12d3474272988ae205f9\windows-amd64\native-platform-file-events.dll
Event: 11.679 Loaded shared library C:\Users\System Bilgisayar\.vscode\extensions\redhat.java-1.54.0-win32-x64\jre\21.0.10-win32-x86_64\bin\management.dll
Event: 11.687 Loaded shared library C:\Users\System Bilgisayar\.vscode\extensions\redhat.java-1.54.0-win32-x64\jre\21.0.10-win32-x86_64\bin\management_ext.dll
Event: 12.334 Loaded shared library C:\Users\System Bilgisayar\.vscode\extensions\redhat.java-1.54.0-win32-x64\jre\21.0.10-win32-x86_64\bin\extnet.dll
Event: 12.747 Loaded shared library C:\Users\System Bilgisayar\.vscode\extensions\redhat.java-1.54.0-win32-x64\jre\21.0.10-win32-x86_64\bin\sunmscapi.dll

Deoptimization events (20 events):
Event: 106.974 Thread 0x00000229ff4de360 Uncommon trap: trap_request=0xffffffde fr.pc=0x00000229f02917f0 relative=0x00000000000001d0
Event: 106.974 Thread 0x00000229ff4de360 Uncommon trap: reason=class_check action=maybe_recompile pc=0x00000229f02917f0 method=org.jetbrains.kotlin.name.FqName.equals(Ljava/lang/Object;)Z @ 8 c2
Event: 106.974 Thread 0x00000229ff4de360 DEOPT PACKING pc=0x00000229f02917f0 sp=0x00000059f6df4b70
Event: 106.974 Thread 0x00000229ff4de360 DEOPT UNPACKING pc=0x00000229ef9e4422 sp=0x00000059f6df4af8 mode 2
Event: 107.517 Thread 0x00000229ff4de360 Uncommon trap: trap_request=0xffffff45 fr.pc=0x00000229f0285258 relative=0x0000000000000118
Event: 107.517 Thread 0x00000229ff4de360 Uncommon trap: reason=unstable_if action=reinterpret pc=0x00000229f0285258 method=org.jetbrains.kotlin.name.Name.hashCode()I @ 16 c2
Event: 107.517 Thread 0x00000229ff4de360 DEOPT PACKING pc=0x00000229f0285258 sp=0x00000059f6df5ad0
Event: 107.517 Thread 0x00000229ff4de360 DEOPT UNPACKING pc=0x00000229ef9e4422 sp=0x00000059f6df5a58 mode 2
Event: 107.528 Thread 0x00000229ff4de360 Uncommon trap: trap_request=0xffffff45 fr.pc=0x00000229f004ead0 relative=0x00000000000000b0
Event: 107.528 Thread 0x00000229ff4de360 Uncommon trap: reason=unstable_if action=reinterpret pc=0x00000229f004ead0 method=java.lang.CharacterDataLatin1.digit(II)I @ 7 c2
Event: 107.528 Thread 0x00000229ff4de360 DEOPT PACKING pc=0x00000229f004ead0 sp=0x00000059f6df5930
Event: 107.528 Thread 0x00000229ff4de360 DEOPT UNPACKING pc=0x00000229ef9e4422 sp=0x00000059f6df58b0 mode 2
Event: 108.125 Thread 0x00000229ff4de360 Uncommon trap: trap_request=0xffffffde fr.pc=0x00000229f01da618 relative=0x0000000000000078
Event: 108.125 Thread 0x00000229ff4de360 Uncommon trap: reason=class_check action=maybe_recompile pc=0x00000229f01da618 method=java.util.Collections$UnmodifiableCollection.size()I @ 4 c2
Event: 108.125 Thread 0x00000229ff4de360 DEOPT PACKING pc=0x00000229f01da618 sp=0x00000059f6df4e90
Event: 108.125 Thread 0x00000229ff4de360 DEOPT UNPACKING pc=0x00000229ef9e4422 sp=0x00000059f6df4e18 mode 2
Event: 108.125 Thread 0x00000229ff4de360 Uncommon trap: trap_request=0xffffffde fr.pc=0x00000229f01da618 relative=0x0000000000000078
Event: 108.125 Thread 0x00000229ff4de360 Uncommon trap: reason=class_check action=maybe_recompile pc=0x00000229f01da618 method=java.util.Collections$UnmodifiableCollection.size()I @ 4 c2
Event: 108.125 Thread 0x00000229ff4de360 DEOPT PACKING pc=0x00000229f01da618 sp=0x00000059f6df4e00
Event: 108.125 Thread 0x00000229ff4de360 DEOPT UNPACKING pc=0x00000229ef9e4422 sp=0x00000059f6df4d88 mode 2

Classes loaded (20 events):
Event: 69.064 Loading class sun/nio/ch/ChannelInputStream
Event: 69.070 Loading class sun/nio/ch/ChannelInputStream done
Event: 90.978 Loading class java/text/StringCharacterIterator
Event: 90.982 Loading class java/text/CharacterIterator
Event: 90.984 Loading class java/text/CharacterIterator done
Event: 90.984 Loading class java/text/StringCharacterIterator done
Event: 91.126 Loading class java/io/NotSerializableException
Event: 91.129 Loading class java/io/NotSerializableException done
Event: 91.240 Loading class java/util/AbstractList$ListItr
Event: 91.241 Loading class java/util/AbstractList$ListItr done
Event: 92.304 Loading class java/util/function/IntUnaryOperator
Event: 92.308 Loading class java/util/function/IntUnaryOperator done
Event: 92.704 Loading class java/util/AbstractList$SubList
Event: 92.706 Loading class java/util/AbstractList$SubList done
Event: 92.708 Loading class java/util/AbstractList$SubList$1
Event: 92.709 Loading class java/util/AbstractList$SubList$1 done
Event: 106.128 Loading class java/util/AbstractList$RandomAccessSubList
Event: 106.135 Loading class java/util/AbstractList$RandomAccessSubList done
Event: 107.444 Loading class java/util/Collections$2
Event: 107.446 Loading class java/util/Collections$2 done

Classes unloaded (0 events):
No events

Classes redefined (0 events):
No events

Internal exceptions (20 events):
Event: 87.746 Thread 0x00000229ff4de360 Exception <a 'java/lang/NoSuchMethodError'{0x0000000705530278}: 'java.lang.Object java.lang.invoke.DirectMethodHandle$Holder.newInvokeSpecial(java.lang.Object, java.lang.Object, java.lang.Object, java.lang.Object, java.lang.Object, java.lang.Object, java.lang.Object, java.lang.Object, java.lang.Object, java.lang.Object, java.lang.Object, java.lang.Object, java.lang.Object, java.lang.Object, java.lang.Object, java.lang.Object, java.lang.Object, java.lang.Object, java.lang.Object)'> (0x0000000705530278) 
thr
Event: 87.755 Thread 0x00000229ff4de360 Exception <a 'java/lang/NoSuchMethodError'{0x0000000705537870}: 'java.lang.Object java.lang.invoke.DirectMethodHandle$Holder.invokeSpecial(java.lang.Object, java.lang.Object, java.lang.Object, java.lang.Object, java.lang.Object, java.lang.Object, java.lang.Object, java.lang.Object, java.lang.Object, java.lang.Object, java.lang.Object, java.lang.Object, java.lang.Object, java.lang.Object, java.lang.Object, java.lang.Object, java.lang.Object, java.lang.Object, java.lang.Object, java.lang.Object)'> (0x0000000
Event: 87.758 Thread 0x00000229ff4de360 Exception <a 'java/lang/NoSuchMethodError'{0x000000070553db80}: 'java.lang.Object java.lang.invoke.DelegatingMethodHandle$Holder.reinvoke_L(java.lang.Object, java.lang.Object, java.lang.Object, java.lang.Object, java.lang.Object, java.lang.Object, java.lang.Object, java.lang.Object, java.lang.Object, java.lang.Object, java.lang.Object, java.lang.Object, java.lang.Object, java.lang.Object, java.lang.Object, java.lang.Object, java.lang.Object, java.lang.Object, java.lang.Object)'> (0x000000070553db80) 
throw
Event: 87.809 Thread 0x00000229ff4de360 Exception <a 'java/lang/NoSuchMethodError'{0x0000000705226360}: 'java.lang.Object java.lang.invoke.DirectMethodHandle$Holder.newInvokeSpecial(java.lang.Object, java.lang.Object, java.lang.Object, java.lang.Object, java.lang.Object, java.lang.Object, java.lang.Object, java.lang.Object, java.lang.Object, java.lang.Object, java.lang.Object, java.lang.Object, java.lang.Object, java.lang.Object, java.lang.Object, java.lang.Object, java.lang.Object, java.lang.Object, java.lang.Object, java.lang.Object, java.lang
Event: 88.358 Thread 0x00000229ff4de360 Exception <a 'java/lang/NoSuchMethodError'{0x0000000704bff5c0}: 'java.lang.Object java.lang.invoke.DirectMethodHandle$Holder.newInvokeSpecial(java.lang.Object, java.lang.Object, java.lang.Object, java.lang.Object, java.lang.Object, java.lang.Object, java.lang.Object, java.lang.Object, java.lang.Object, java.lang.Object, java.lang.Object, java.lang.Object, java.lang.Object, java.lang.Object, java.lang.Object, java.lang.Object)'> (0x0000000704bff5c0) 
thrown [s\src\hotspot\share\interpreter\linkResolver.cpp,
Event: 88.360 Thread 0x00000229ff4de360 Exception <a 'java/lang/NoSuchMethodError'{0x0000000704809d50}: 'java.lang.Object java.lang.invoke.DirectMethodHandle$Holder.invokeSpecial(java.lang.Object, java.lang.Object, java.lang.Object, java.lang.Object, java.lang.Object, java.lang.Object, java.lang.Object, java.lang.Object, java.lang.Object, java.lang.Object, java.lang.Object, java.lang.Object, java.lang.Object, java.lang.Object, java.lang.Object, java.lang.Object, java.lang.Object)'> (0x0000000704809d50) 
thrown [s\src\hotspot\share\interpreter\li
Event: 88.361 Thread 0x00000229ff4de360 Exception <a 'java/lang/NoSuchMethodError'{0x000000070480fbe0}: 'java.lang.Object java.lang.invoke.DelegatingMethodHandle$Holder.reinvoke_L(java.lang.Object, java.lang.Object, java.lang.Object, java.lang.Object, java.lang.Object, java.lang.Object, java.lang.Object, java.lang.Object, java.lang.Object, java.lang.Object, java.lang.Object, java.lang.Object, java.lang.Object, java.lang.Object, java.lang.Object, java.lang.Object)'> (0x000000070480fbe0) 
thrown [s\src\hotspot\share\interpreter\linkResolver.cpp, l
Event: 88.400 Thread 0x00000229ff4de360 Exception <a 'java/lang/NoSuchMethodError'{0x00000007048c15d8}: 'java.lang.Object java.lang.invoke.DirectMethodHandle$Holder.newInvokeSpecial(java.lang.Object, java.lang.Object, java.lang.Object, java.lang.Object, java.lang.Object, java.lang.Object, java.lang.Object, java.lang.Object, java.lang.Object, java.lang.Object, java.lang.Object, java.lang.Object, java.lang.Object, java.lang.Object, java.lang.Object, java.lang.Object, java.lang.Object, java.lang.Object)'> (0x00000007048c15d8) 
thrown [s\src\hotspot
Event: 88.402 Thread 0x00000229ff4de360 Exception <a 'java/lang/NoSuchMethodError'{0x00000007048c8688}: 'java.lang.Object java.lang.invoke.DirectMethodHandle$Holder.invokeSpecial(java.lang.Object, java.lang.Object, java.lang.Object, java.lang.Object, java.lang.Object, java.lang.Object, java.lang.Object, java.lang.Object, java.lang.Object, java.lang.Object, java.lang.Object, java.lang.Object, java.lang.Object, java.lang.Object, java.lang.Object, java.lang.Object, java.lang.Object, java.lang.Object, java.lang.Object)'> (0x00000007048c8688) 
thrown
Event: 88.403 Thread 0x00000229ff4de360 Exception <a 'java/lang/NoSuchMethodError'{0x00000007048ce550}: 'java.lang.Object java.lang.invoke.DelegatingMethodHandle$Holder.reinvoke_L(java.lang.Object, java.lang.Object, java.lang.Object, java.lang.Object, java.lang.Object, java.lang.Object, java.lang.Object, java.lang.Object, java.lang.Object, java.lang.Object, java.lang.Object, java.lang.Object, java.lang.Object, java.lang.Object, java.lang.Object, java.lang.Object, java.lang.Object, java.lang.Object)'> (0x00000007048ce550) 
thrown [s\src\hotspot\s
Event: 88.422 Thread 0x00000229ff4de360 Exception <a 'java/lang/NoSuchMethodError'{0x0000000704966410}: 'java.lang.Object java.lang.invoke.DirectMethodHandle$Holder.newInvokeSpecial(java.lang.Object, java.lang.Object, java.lang.Object, java.lang.Object, java.lang.Object, java.lang.Object, java.lang.Object, java.lang.Object, java.lang.Object, java.lang.Object, java.lang.Object, java.lang.Object, java.lang.Object, java.lang.Object, java.lang.Object, java.lang.Object, java.lang.Object, java.lang.Object, java.lang.Object, java.lang.Object, java.lang
Event: 89.596 Thread 0x00000229ff4de360 Exception <a 'java/lang/NoSuchMethodError'{0x0000000705a88d58}: 'java.lang.Object java.lang.invoke.DirectMethodHandle$Holder.newInvokeSpecial(java.lang.Object, java.lang.Object, java.lang.Object, int)'> (0x0000000705a88d58) 
thrown [s\src\hotspot\share\interpreter\linkResolver.cpp, line 773]
Event: 89.600 Thread 0x00000229ff4de360 Exception <a 'java/lang/NoSuchMethodError'{0x0000000705a8e308}: 'java.lang.Object java.lang.invoke.DirectMethodHandle$Holder.invokeSpecial(java.lang.Object, java.lang.Object, java.lang.Object, java.lang.Object, int)'> (0x0000000705a8e308) 
thrown [s\src\hotspot\share\interpreter\linkResolver.cpp, line 773]
Event: 89.601 Thread 0x00000229ff4de360 Exception <a 'java/lang/NoSuchMethodError'{0x0000000705a92f28}: 'java.lang.Object java.lang.invoke.Invokers$Holder.linkToTargetMethod(java.lang.Object, java.lang.Object, int, java.lang.Object)'> (0x0000000705a92f28) 
thrown [s\src\hotspot\share\interpreter\linkResolver.cpp, line 773]
Event: 89.770 Thread 0x00000229ff4de360 Implicit null exception at 0x00000229f0158780 to 0x00000229f015883c
Event: 93.106 Thread 0x00000229ff4de360 Exception <a 'java/lang/NoSuchMethodError'{0x0000000705852f88}: 'java.lang.Object java.lang.invoke.DirectMethodHandle$Holder.newInvokeSpecial(java.lang.Object, java.lang.Object, java.lang.Object, java.lang.Object, int)'> (0x0000000705852f88) 
thrown [s\src\hotspot\share\interpreter\linkResolver.cpp, line 773]
Event: 93.120 Thread 0x00000229ff4de360 Exception <a 'java/lang/NoSuchMethodError'{0x0000000705858a30}: 'java.lang.Object java.lang.invoke.DirectMethodHandle$Holder.invokeSpecial(java.lang.Object, java.lang.Object, java.lang.Object, java.lang.Object, java.lang.Object, int)'> (0x0000000705858a30) 
thrown [s\src\hotspot\share\interpreter\linkResolver.cpp, line 773]
Event: 93.120 Thread 0x00000229ff4de360 Exception <a 'java/lang/NoSuchMethodError'{0x000000070585dea0}: 'java.lang.Object java.lang.invoke.Invokers$Holder.linkToTargetMethod(java.lang.Object, java.lang.Object, java.lang.Object, int, java.lang.Object)'> (0x000000070585dea0) 
thrown [s\src\hotspot\share\interpreter\linkResolver.cpp, line 773]
Event: 106.493 Thread 0x00000229ff4de360 Implicit null exception at 0x00000229effa48e8 to 0x00000229effa4a04
Event: 107.498 Thread 0x00000229ff4de360 Exception <a 'java/lang/IncompatibleClassChangeError'{0x0000000705a88ed0}: Found class java.lang.Object, but interface was expected> (0x0000000705a88ed0) 
thrown [s\src\hotspot\share\interpreter\linkResolver.cpp, line 840]

ZGC Phase Switch (0 events):
No events

VM Operations (20 events):
Event: 101.722 Executing safepoint VM operation: Cleanup
Event: 101.722 Executing safepoint VM operation: Cleanup done
Event: 102.724 Executing safepoint VM operation: Cleanup
Event: 102.755 Executing safepoint VM operation: Cleanup done
Event: 103.758 Executing safepoint VM operation: Cleanup
Event: 104.636 Executing safepoint VM operation: Cleanup done
Event: 105.636 Executing safepoint VM operation: Cleanup
Event: 105.652 Executing safepoint VM operation: Cleanup done
Event: 105.686 Executing safepoint VM operation: G1CollectForAllocation (G1 Evacuation Pause)
Event: 105.877 Executing safepoint VM operation: G1CollectForAllocation (G1 Evacuation Pause) done
Event: 106.744 Executing non-safepoint VM operation: HandshakeAllThreads (Deoptimize)
Event: 106.744 Executing non-safepoint VM operation: HandshakeAllThreads (Deoptimize) done
Event: 106.749 Executing non-safepoint VM operation: HandshakeAllThreads (Deoptimize)
Event: 106.749 Executing non-safepoint VM operation: HandshakeAllThreads (Deoptimize) done
Event: 107.321 Executing safepoint VM operation: G1PauseRemark
Event: 107.427 Executing safepoint VM operation: G1PauseRemark done
Event: 107.491 Executing safepoint VM operation: G1PauseCleanup
Event: 107.492 Executing safepoint VM operation: G1PauseCleanup done
Event: 108.507 Executing safepoint VM operation: Cleanup
Event: 108.507 Executing safepoint VM operation: Cleanup done

Memory protections (0 events):
No events

Nmethod flushes (20 events):
Event: 107.422 Thread 0x00000229e531bfe0 flushing  nmethod 0x00000229e8625190
Event: 107.422 Thread 0x00000229e531bfe0 flushing  nmethod 0x00000229e8643890
Event: 107.422 Thread 0x00000229e531bfe0 flushing  nmethod 0x00000229e8769010
Event: 107.422 Thread 0x00000229e531bfe0 flushing  nmethod 0x00000229e8832290
Event: 107.422 Thread 0x00000229e531bfe0 flushing  nmethod 0x00000229e8832e10
Event: 107.422 Thread 0x00000229e531bfe0 flushing  nmethod 0x00000229e8833a10
Event: 107.422 Thread 0x00000229e531bfe0 flushing  nmethod 0x00000229e88d9910
Event: 107.422 Thread 0x00000229e531bfe0 flushing  nmethod 0x00000229e88da510
Event: 107.422 Thread 0x00000229e531bfe0 flushing  nmethod 0x00000229e88e6110
Event: 107.422 Thread 0x00000229e531bfe0 flushing  nmethod 0x00000229e89da490
Event: 107.422 Thread 0x00000229e531bfe0 flushing  nmethod 0x00000229e8b09b10
Event: 107.422 Thread 0x00000229e531bfe0 flushing  nmethod 0x00000229e8c71b10
Event: 107.422 Thread 0x00000229e531bfe0 flushing  nmethod 0x00000229e8c72b10
Event: 107.423 Thread 0x00000229e531bfe0 flushing  nmethod 0x00000229e8c89c10
Event: 107.423 Thread 0x00000229e531bfe0 flushing  nmethod 0x00000229e8c8b310
Event: 107.423 Thread 0x00000229e531bfe0 flushing  nmethod 0x00000229e8c8e710
Event: 107.423 Thread 0x00000229e531bfe0 flushing  nmethod 0x00000229e8ca1610
Event: 107.423 Thread 0x00000229e531bfe0 flushing  nmethod 0x00000229e8ca8790
Event: 107.423 Thread 0x00000229e531bfe0 flushing  nmethod 0x00000229e8dc8810
Event: 107.423 Thread 0x00000229e531bfe0 flushing  nmethod 0x00000229e8dd5c10

Events (20 events):
Event: 12.857 Thread 0x00000229c61a9850 Thread added: 0x00000229c5ee5360
Event: 12.943 Thread 0x00000229c61a9850 Thread added: 0x00000229c5eae540
Event: 13.007 Thread 0x00000229c61a9850 Thread added: 0x00000229ff4de360
Event: 13.039 Thread 0x00000229ff4de360 Thread added: 0x00000229c5e838a0
Event: 13.046 Thread 0x00000229ff4de360 Thread added: 0x00000229c5e86000
Event: 13.050 Thread 0x00000229ff4de360 Thread added: 0x00000229c5e86690
Event: 14.254 Thread 0x00000229ff4de360 Thread added: 0x00000229c5e83f30
Event: 14.323 Thread 0x00000229ff4de360 Thread added: 0x00000229c5e85970
Event: 14.426 Thread 0x00000229ff4de360 Thread added: 0x00000229c5e83210
Event: 19.758 Thread 0x00000229ff4de360 Thread added: 0x00000229c5e84c50
Event: 20.015 Thread 0x00000229ff4de360 Thread added: 0x00000229c5e852e0
Event: 23.718 Thread 0x00000229ff4de360 Thread added: 0x00000229c5eb6c60
Event: 23.750 Thread 0x00000229ff4de360 Thread added: 0x00000229c5ebd560
Event: 24.752 Thread 0x00000229ff4de360 Thread added: 0x00000229c5eb9a50
Event: 24.947 Thread 0x00000229ff4de360 Thread added: 0x00000229c5ebc1b0
Event: 25.603 Thread 0x00000229ff4de360 Thread added: 0x00000229c5eb8d30
Event: 26.125 Thread 0x00000229ff4de360 Thread added: 0x00000229c5ebae00
Event: 35.584 Thread 0x00000229ff4de360 Thread added: 0x00000229c5eb7980
Event: 42.639 Thread 0x00000229ff4de360 Thread added: 0x00000229c5ebb490
Event: 51.710 Thread 0x00000229c5e85970 Thread added: 0x00000229c5ebbb20


Dynamic libraries:
0x00007ff648e20000 - 0x00007ff648e2e000 	C:\Users\System Bilgisayar\.vscode\extensions\redhat.java-1.54.0-win32-x64\jre\21.0.10-win32-x86_64\bin\java.exe
0x00007ffa034d0000 - 0x00007ffa036c8000 	C:\WINDOWS\SYSTEM32\ntdll.dll
0x00007ffa020b0000 - 0x00007ffa02172000 	C:\WINDOWS\System32\KERNEL32.DLL
0x00007ffa011f0000 - 0x00007ffa014e6000 	C:\WINDOWS\System32\KERNELBASE.dll
0x00007ffa00b60000 - 0x00007ffa00c60000 	C:\WINDOWS\System32\ucrtbase.dll
0x00007ff9e8b50000 - 0x00007ff9e8b68000 	C:\Users\System Bilgisayar\.vscode\extensions\redhat.java-1.54.0-win32-x64\jre\21.0.10-win32-x86_64\bin\jli.dll
0x00007ffa016e0000 - 0x00007ffa01881000 	C:\WINDOWS\System32\USER32.dll
0x00007ffa00db0000 - 0x00007ffa00dd2000 	C:\WINDOWS\System32\win32u.dll
0x00007ffa014f0000 - 0x00007ffa0151b000 	C:\WINDOWS\System32\GDI32.dll
0x00007ffa00f40000 - 0x00007ffa01059000 	C:\WINDOWS\System32\gdi32full.dll
0x00007ffa00c60000 - 0x00007ffa00cfd000 	C:\WINDOWS\System32\msvcp_win.dll
0x00007ff9e9640000 - 0x00007ff9e965e000 	C:\Users\System Bilgisayar\.vscode\extensions\redhat.java-1.54.0-win32-x64\jre\21.0.10-win32-x86_64\bin\VCRUNTIME140.dll
0x00007ff9f0bc0000 - 0x00007ff9f0e5b000 	C:\WINDOWS\WinSxS\amd64_microsoft.windows.common-controls_6595b64144ccf1df_6.0.19041.6456_none_60b8a6cb71f64256\COMCTL32.dll
0x00007ffa032d0000 - 0x00007ffa0336e000 	C:\WINDOWS\System32\msvcrt.dll
0x00007ffa03240000 - 0x00007ffa0326f000 	C:\WINDOWS\System32\IMM32.DLL
0x00007ff9f9b00000 - 0x00007ff9f9b0c000 	C:\Users\System Bilgisayar\.vscode\extensions\redhat.java-1.54.0-win32-x64\jre\21.0.10-win32-x86_64\bin\vcruntime140_1.dll
0x00007ff9deef0000 - 0x00007ff9def7d000 	C:\Users\System Bilgisayar\.vscode\extensions\redhat.java-1.54.0-win32-x64\jre\21.0.10-win32-x86_64\bin\msvcp140.dll
0x00007ff9ae790000 - 0x00007ff9af531000 	C:\Users\System Bilgisayar\.vscode\extensions\redhat.java-1.54.0-win32-x64\jre\21.0.10-win32-x86_64\bin\server\jvm.dll
0x00007ffa01590000 - 0x00007ffa01641000 	C:\WINDOWS\System32\ADVAPI32.dll
0x00007ffa02010000 - 0x00007ffa020af000 	C:\WINDOWS\System32\sechost.dll
0x00007ffa03370000 - 0x00007ffa03490000 	C:\WINDOWS\System32\RPCRT4.dll
0x00007ffa011c0000 - 0x00007ffa011e7000 	C:\WINDOWS\System32\bcrypt.dll
0x00007ffa02fd0000 - 0x00007ffa0303b000 	C:\WINDOWS\System32\WS2_32.dll
0x00007ffa000f0000 - 0x00007ffa0013b000 	C:\WINDOWS\SYSTEM32\POWRPROF.dll
0x00007ff9f1090000 - 0x00007ff9f10b7000 	C:\WINDOWS\SYSTEM32\WINMM.dll
0x00007ff9f88d0000 - 0x00007ff9f88da000 	C:\WINDOWS\SYSTEM32\VERSION.dll
0x00007ff9fff60000 - 0x00007ff9fff72000 	C:\WINDOWS\SYSTEM32\UMPDC.dll
0x00007ff9ff370000 - 0x00007ff9ff382000 	C:\WINDOWS\SYSTEM32\kernel.appcore.dll
0x00007ff9f9250000 - 0x00007ff9f925a000 	C:\Users\System Bilgisayar\.vscode\extensions\redhat.java-1.54.0-win32-x64\jre\21.0.10-win32-x86_64\bin\jimage.dll
0x00007ff9fe8b0000 - 0x00007ff9feab1000 	C:\WINDOWS\SYSTEM32\DBGHELP.DLL
0x00007ff9eafe0000 - 0x00007ff9eb014000 	C:\WINDOWS\SYSTEM32\dbgcore.DLL
0x00007ffa01130000 - 0x00007ffa011b2000 	C:\WINDOWS\System32\bcryptPrimitives.dll
0x00007ff9fd4d0000 - 0x00007ff9fd4df000 	C:\Users\System Bilgisayar\.vscode\extensions\redhat.java-1.54.0-win32-x64\jre\21.0.10-win32-x86_64\bin\instrument.dll
0x00007ff9e7bb0000 - 0x00007ff9e7bd0000 	C:\Users\System Bilgisayar\.vscode\extensions\redhat.java-1.54.0-win32-x64\jre\21.0.10-win32-x86_64\bin\java.dll
0x00007ffa023f0000 - 0x00007ffa02b60000 	C:\WINDOWS\System32\SHELL32.dll
0x00007ff9febb0000 - 0x00007ff9ff355000 	C:\WINDOWS\SYSTEM32\windows.storage.dll
0x00007ffa018f0000 - 0x00007ffa01c44000 	C:\WINDOWS\System32\combase.dll
0x00007ffa00590000 - 0x00007ffa005bb000 	C:\WINDOWS\SYSTEM32\Wldp.dll
0x00007ffa03170000 - 0x00007ffa0323d000 	C:\WINDOWS\System32\OLEAUT32.dll
0x00007ffa02330000 - 0x00007ffa023dd000 	C:\WINDOWS\System32\SHCORE.dll
0x00007ffa03270000 - 0x00007ffa032cb000 	C:\WINDOWS\System32\shlwapi.dll
0x00007ffa00a90000 - 0x00007ffa00ab4000 	C:\WINDOWS\SYSTEM32\profapi.dll
0x00007ff9e7b90000 - 0x00007ff9e7ba8000 	C:\Users\System Bilgisayar\.vscode\extensions\redhat.java-1.54.0-win32-x64\jre\21.0.10-win32-x86_64\bin\zip.dll
0x00007ff9f90a0000 - 0x00007ff9f90b0000 	C:\Users\System Bilgisayar\.vscode\extensions\redhat.java-1.54.0-win32-x64\jre\21.0.10-win32-x86_64\bin\net.dll
0x00007ff9fa2e0000 - 0x00007ff9fa3ea000 	C:\WINDOWS\SYSTEM32\WINHTTP.dll
0x00007ffa002f0000 - 0x00007ffa0035a000 	C:\WINDOWS\system32\mswsock.dll
0x00007ff9e6570000 - 0x00007ff9e6586000 	C:\Users\System Bilgisayar\.vscode\extensions\redhat.java-1.54.0-win32-x64\jre\21.0.10-win32-x86_64\bin\nio.dll
0x00007ff9fcb50000 - 0x00007ff9fcb60000 	C:\Users\System Bilgisayar\.vscode\extensions\redhat.java-1.54.0-win32-x64\jre\21.0.10-win32-x86_64\bin\verify.dll
0x00007ff9e9ca0000 - 0x00007ff9e9cc7000 	C:\Users\System Bilgisayar\.gradle\native\c067742578af261105cb4f569cf0c3c89f3d7b1fecec35dd04571415982c5e48\windows-amd64\native-platform.dll
0x00007ff9c3870000 - 0x00007ff9c39b4000 	C:\Users\System Bilgisayar\.gradle\native\100fb08df4bc3b14c8652ba06237920a3bd2aa13389f12d3474272988ae205f9\windows-amd64\native-platform-file-events.dll
0x00007ff9eef30000 - 0x00007ff9eef3a000 	C:\Users\System Bilgisayar\.vscode\extensions\redhat.java-1.54.0-win32-x64\jre\21.0.10-win32-x86_64\bin\management.dll
0x00007ff9eef20000 - 0x00007ff9eef2c000 	C:\Users\System Bilgisayar\.vscode\extensions\redhat.java-1.54.0-win32-x64\jre\21.0.10-win32-x86_64\bin\management_ext.dll
0x00007ffa02000000 - 0x00007ffa02008000 	C:\WINDOWS\System32\PSAPI.DLL
0x00007ffa004f0000 - 0x00007ffa00508000 	C:\WINDOWS\SYSTEM32\CRYPTSP.dll
0x00007ff9ffba0000 - 0x00007ff9ffbd8000 	C:\WINDOWS\system32\rsaenh.dll
0x00007ffa00a10000 - 0x00007ffa00a3e000 	C:\WINDOWS\SYSTEM32\USERENV.dll
0x00007ffa004e0000 - 0x00007ffa004ec000 	C:\WINDOWS\SYSTEM32\CRYPTBASE.dll
0x00007ff9fff80000 - 0x00007ff9fffbb000 	C:\WINDOWS\SYSTEM32\IPHLPAPI.DLL
0x00007ffa01580000 - 0x00007ffa01588000 	C:\WINDOWS\System32\NSI.dll
0x00007ff9fac10000 - 0x00007ff9fac19000 	C:\Users\System Bilgisayar\.vscode\extensions\redhat.java-1.54.0-win32-x64\jre\21.0.10-win32-x86_64\bin\extnet.dll
0x00007ff9fac30000 - 0x00007ff9fac3e000 	C:\Users\System Bilgisayar\.vscode\extensions\redhat.java-1.54.0-win32-x64\jre\21.0.10-win32-x86_64\bin\sunmscapi.dll
0x00007ffa00de0000 - 0x00007ffa00f3d000 	C:\WINDOWS\System32\CRYPT32.dll
0x00007ffa00600000 - 0x00007ffa00627000 	C:\WINDOWS\SYSTEM32\ncrypt.dll
0x00007ffa005c0000 - 0x00007ffa005fb000 	C:\WINDOWS\SYSTEM32\NTASN1.dll
0x00007ff9fac20000 - 0x00007ff9fac27000 	C:\WINDOWS\system32\wshunix.dll

JVMTI agents:
C:\Users\System Bilgisayar\.gradle\wrapper\dists\gradle-8.9-bin\90cnw93cvbtalezasaz0blq0a\gradle-8.9\lib\agents\gradle-instrumentation-agent-8.9.jar path:C:\Users\System Bilgisayar\.vscode\extensions\redhat.java-1.54.0-win32-x64\jre\21.0.10-win32-x86_64\bin\instrument.dll, loaded, initialized, instrumentlib options:none

dbghelp: loaded successfully - version: 4.0.5 - missing functions: none
symbol engine: initialized successfully - sym options: 0x614 - pdb path: .;C:\Users\System Bilgisayar\.vscode\extensions\redhat.java-1.54.0-win32-x64\jre\21.0.10-win32-x86_64\bin;C:\WINDOWS\SYSTEM32;C:\WINDOWS\WinSxS\amd64_microsoft.windows.common-controls_6595b64144ccf1df_6.0.19041.6456_none_60b8a6cb71f64256;C:\Users\System Bilgisayar\.vscode\extensions\redhat.java-1.54.0-win32-x64\jre\21.0.10-win32-x86_64\bin\server;C:\Users\System Bilgisayar\.gradle\native\c067742578af261105cb4f569cf0c3c89f3d7b1fecec35dd04571415982c5e48\windows-amd64;C:\Users\System Bilgisayar\.gradle\native\100fb08df4bc3b14c8652ba06237920a3bd2aa13389f12d3474272988ae205f9\windows-amd64

VM Arguments:
jvm_args: --add-opens=java.base/java.util=ALL-UNNAMED --add-opens=java.base/java.lang=ALL-UNNAMED --add-opens=java.base/java.lang.invoke=ALL-UNNAMED --add-opens=java.prefs/java.util.prefs=ALL-UNNAMED --add-exports=jdk.compiler/com.sun.tools.javac.api=ALL-UNNAMED --add-exports=jdk.compiler/com.sun.tools.javac.util=ALL-UNNAMED --add-opens=java.base/java.nio.charset=ALL-UNNAMED --add-opens=java.base/java.net=ALL-UNNAMED --add-opens=java.base/java.util.concurrent.atomic=ALL-UNNAMED -Xmx4G -Dfile.encoding=utf8 -Duser.country=TR -Duser.language=tr -Duser.variant -javaagent:C:\Users\System Bilgisayar\.gradle\wrapper\dists\gradle-8.9-bin\90cnw93cvbtalezasaz0blq0a\gradle-8.9\lib\agents\gradle-instrumentation-agent-8.9.jar 
java_command: org.gradle.launcher.daemon.bootstrap.GradleDaemon 8.9
java_class_path (initial): C:\Users\System Bilgisayar\.gradle\wrapper\dists\gradle-8.9-bin\90cnw93cvbtalezasaz0blq0a\gradle-8.9\lib\gradle-daemon-main-8.9.jar
Launcher Type: SUN_STANDARD

[Global flags]
     intx CICompilerCount                          = 3                                         {product} {ergonomic}
     uint ConcGCThreads                            = 1                                         {product} {ergonomic}
     uint G1ConcRefinementThreads                  = 4                                         {product} {ergonomic}
   size_t G1HeapRegionSize                         = 2097152                                   {product} {ergonomic}
    uintx GCDrainStackTargetSize                   = 64                                        {product} {ergonomic}
   size_t InitialHeapSize                          = 56623104                                  {product} {ergonomic}
   size_t MarkStackSize                            = 4194304                                   {product} {ergonomic}
   size_t MaxHeapSize                              = 4294967296                                {product} {command line}
   size_t MaxNewSize                               = 2575302656                                {product} {ergonomic}
   size_t MinHeapDeltaBytes                        = 2097152                                   {product} {ergonomic}
   size_t MinHeapSize                              = 8388608                                   {product} {ergonomic}
    uintx NonNMethodCodeHeapSize                   = 5832780                                {pd product} {ergonomic}
    uintx NonProfiledCodeHeapSize                  = 122912730                              {pd product} {ergonomic}
    uintx ProfiledCodeHeapSize                     = 122912730                              {pd product} {ergonomic}
    uintx ReservedCodeCacheSize                    = 251658240                              {pd product} {ergonomic}
     bool SegmentedCodeCache                       = true                                      {product} {ergonomic}
   size_t SoftMaxHeapSize                          = 4294967296                             {manageable} {ergonomic}
     bool UseCompressedOops                        = true                           {product lp64_product} {ergonomic}
     bool UseG1GC                                  = true                                      {product} {ergonomic}
     bool UseLargePagesIndividualAllocation        = false                                  {pd product} {ergonomic}

Logging:
Log output configuration:
 #0: stdout all=warning uptime,level,tags foldmultilines=false
 #1: stderr all=off uptime,level,tags foldmultilines=false

Release file:
JAVA_VERSION="21.0.10" 
MODULES="java.base java.compiler java.datatransfer java.xml java.prefs java.desktop java.instrument java.logging java.management java.security.sasl java.naming java.rmi java.management.rmi java.net.http java.scripting java.security.jgss java.transaction.xa java.sql java.sql.rowset java.xml.crypto java.se java.smartcardio jdk.accessibility jdk.internal.jvmstat jdk.attach jdk.charsets jdk.internal.opt jdk.zipfs jdk.compiler jdk.crypto.ec jdk.crypto.cryptoki jdk.crypto.mscapi jdk.dynalink jdk.internal.ed jdk.editpad jdk.hotspot.agent jdk.httpserver jdk.internal.le jdk.internal.vm.ci jdk.internal.vm.compiler jdk.internal.vm.compiler.management jdk.jartool jdk.javadoc jdk.jcmd jdk.management jdk.management.agent jdk.jconsole jdk.jdeps jdk.jdwp.agent jdk.jdi jdk.jfr jdk.jshell jdk.jsobject jdk.jstatd jdk.localedata jdk.management.jfr jdk.naming.dns jdk.naming.rmi jdk.net jdk.nio.mapmode jdk.random jdk.sctp jdk.security.auth jdk.security.jgss jdk.unsupported jdk.unsupported.desktop jdk.xml.dom" 

Environment Variables:
JAVA_HOME=C:\Program Files\Java\jdk-17
PATH=C:\Users\System Bilgisayar\AppData\Local\Programs\Microsoft VS Code;C:\Program Files\Zulu\zulu-11\bin\;C:\flutter\bin;C:\Windows\system32;C:\Windows;C:\Windows\System32\Wbem;C:\Windows\System32\WindowsPowerShell\v1.0\;C:\Windows\System32\OpenSSH\;C:\Program Files\Microsoft SQL Server\150\Tools\Binn\;C:\WINDOWS\system32;C:\WINDOWS;C:\WINDOWS\System32\Wbem;C:\WINDOWS\System32\WindowsPowerShell\v1.0\;C:\WINDOWS\System32\OpenSSH\;C:\Program Files (x86)\Git\cmd;C:\Program Files\Java\jdk-23;C:\xampp\php;C:\composer;C:\nodejs;C:\Program Files\nodejs\;C:\Users\System Bilgisayar\AppData\Local\Pub\Cache\bin;C:\Program Files\dotnet\;C:\Program Files (x86)\Windows Kits\10\Windows Performance Toolkit\;C:\Program Files\MySQL\MySQL Shell 8.0\bin\;E:\Anaconda;C:\Program Files\flutter\bin;E: \Anaconda\Library\mingw-64\bin;E:\Anaconda\Library\usr\bin;E:\Anaconda\Library\bin;E:\Anaconda\Scripts;C:\Users\System Bilgisayar\AppData\Local\Microsoft\WindowsApps;C:\Program Files\JetBrains\IntelliJ IDEA Community Edition 2022.2.3\bin;;C:\Users\System Bilgisayar\AppData\Local\Programs\Microsoft VS Code\bin;C:\Program Files\Git\bin\;C:\dart-sdk\bin;C:\Users\System Bilgisayar\AppData\Roaming\Composer\vendor\bin;C:\Users\System Bilgisayar\AppData\Local\Microsoft\WinGet\Links;C:\Users\System Bilgisayar\AppData\Roaming\npm;C:\Program Files\Java\jdk-17\bin;C:\Users\System Bilgisayar\.dotnet\tools
USERNAME=System Bilgisayar
OS=Windows_NT
PROCESSOR_IDENTIFIER=Intel64 Family 6 Model 142 Stepping 9, GenuineIntel
TMP=C:\Users\SYSTEM~1\AppData\Local\Temp
TEMP=C:\Users\SYSTEM~1\AppData\Local\Temp




Periodic native trim disabled

---------------  S Y S T E M  ---------------

OS:
 Windows 10 , 64 bit Build 19041 (10.0.19041.5915)
OS uptime: 12 days 23:40 hours

CPU: total 4 (initial active 4) (2 cores per cpu, 2 threads per core) family 6 model 142 stepping 9 microcode 0xb4, cx8, cmov, fxsr, ht, mmx, 3dnowpref, sse, sse2, sse3, ssse3, sse4.1, sse4.2, popcnt, lzcnt, tsc, tscinvbit, avx, avx2, aes, erms, clmul, bmi1, bmi2, adx, fma, vzeroupper, clflush, clflushopt, rdtscp, f16c
Processor Information for the first 4 processors :
  Max Mhz: 2712, Current Mhz: 2511, Mhz Limit: 2495

Memory: 4k page, system-wide physical 3345M (83M free)
TotalPageFile size 13585M (AvailPageFile size 10M)
current process WorkingSet (physical memory assigned to process): 198M, peak: 198M
current process commit charge ("private bytes"): 371M, peak: 372M

vm_info: OpenJDK 64-Bit Server VM (21.0.10+7-LTS) for windows-amd64 JRE (21.0.10+7-LTS), built on 2026-01-20T00:00:00Z by "admin" with MS VC++ 17.12 (VS2022)

END.
