#
# There is insufficient memory for the Java Runtime Environment to continue.
# Native memory allocation (mmap) failed to map 306184192 bytes. Error detail: G1 virtual space
# Possible reasons:
#   The system is out of physical RAM or swap space
#   This process is running with CompressedOops enabled, and the Java Heap may be blocking the growth of the native heap
# Possible solutions:
#   Reduce memory load on the system
#   Increase physical memory or swap space
#   Check if swap backing store is full
#   Decrease Java heap size (-Xmx/-Xms)
#   Decrease number of Java threads
#   Decrease Java thread stack sizes (-Xss)
#   Set larger code cache with -XX:ReservedCodeCacheSize=
#   JVM is running with Unscaled Compressed Oops mode in which the Java heap is
#     placed in the first 4GB address space. The Java Heap base address is the
#     maximum limit for the native heap growth. Please use -XX:HeapBaseMinAddress
#     to set the Java Heap base and to place the Java Heap above 4GB virtual address.
# This output file may be truncated or incomplete.
#
#  Out of Memory Error (os_windows.cpp:3714), pid=7740, tid=12744
#
# JRE version: OpenJDK Runtime Environment Temurin-21.0.10+7 (21.0.10+7) (build 21.0.10+7-LTS)
# Java VM: OpenJDK 64-Bit Server VM Temurin-21.0.10+7 (21.0.10+7-LTS, mixed mode, sharing, tiered, compressed oops, compressed class ptrs, g1 gc, windows-amd64)
# No core dump will be written. Minidumps are not enabled by default on client versions of Windows
#

---------------  S U M M A R Y ------------

Command Line: --add-opens=java.base/java.util=ALL-UNNAMED --add-opens=java.base/java.lang=ALL-UNNAMED --add-opens=java.base/java.lang.invoke=ALL-UNNAMED --add-opens=java.prefs/java.util.prefs=ALL-UNNAMED --add-exports=jdk.compiler/com.sun.tools.javac.api=ALL-UNNAMED --add-exports=jdk.compiler/com.sun.tools.javac.util=ALL-UNNAMED --add-opens=java.base/java.nio.charset=ALL-UNNAMED --add-opens=java.base/java.net=ALL-UNNAMED --add-opens=java.base/java.util.concurrent.atomic=ALL-UNNAMED -Xmx1536M -Dfile.encoding=utf8 -Duser.country=TR -Duser.language=tr -Duser.variant -javaagent:C:\Users\System Bilgisayar\.gradle\wrapper\dists\gradle-8.9-bin\90cnw93cvbtalezasaz0blq0a\gradle-8.9\lib\agents\gradle-instrumentation-agent-8.9.jar org.gradle.launcher.daemon.bootstrap.GradleDaemon 8.9

Host: Intel(R) Core(TM) i5-7200U CPU @ 2.50GHz, 4 cores, 3G,  Windows 10 , 64 bit Build 19041 (10.0.19041.5915)
Time: Mon May  4 22:46:48 2026 Türkiye Standart Saati elapsed time: 97.752874 seconds (0d 0h 1m 37s)

---------------  T H R E A D  ---------------

Current thread (0x00000268a041ec10):  VMThread "VM Thread"          [id=12744, stack(0x0000008c1f400000,0x0000008c1f500000) (1024K)]

Stack: [0x0000008c1f400000,0x0000008c1f500000]
Native frames: (J=compiled Java code, j=interpreted, Vv=VM code, C=native code)
V  [jvm.dll+0x6d7a39]
V  [jvm.dll+0x8b4b26]
V  [jvm.dll+0x8b70de]
V  [jvm.dll+0x8b77c3]
V  [jvm.dll+0x284346]
V  [jvm.dll+0x6d4355]
V  [jvm.dll+0x6c808a]
V  [jvm.dll+0x35edb8]
V  [jvm.dll+0x3669f6]
V  [jvm.dll+0x3b7afe]
V  [jvm.dll+0x3b7da8]
V  [jvm.dll+0x332fbc]
V  [jvm.dll+0x333047]
V  [jvm.dll+0x376e1c]
V  [jvm.dll+0x3755be]
V  [jvm.dll+0x332701]
V  [jvm.dll+0x374c2a]
V  [jvm.dll+0x8bd4b0]
V  [jvm.dll+0x8be824]
V  [jvm.dll+0x8bed50]
V  [jvm.dll+0x8beff3]
V  [jvm.dll+0x85f59d]
V  [jvm.dll+0x6d626d]
C  [ucrtbase.dll+0x21bb2]
C  [KERNEL32.DLL+0x17374]
C  [ntdll.dll+0x4cc91]

VM_Operation (0x0000008c220fa360): G1CollectForAllocation, mode: safepoint, requested by thread 0x00000268ffc1b770


---------------  P R O C E S S  ---------------

Threads class SMR info:
_java_thread_list=0x00000268fdcf0c50, length=46, elements={
0x000002689e0d2e50, 0x00000268b67db150, 0x00000268b67dbe70, 0x00000268b67de980,
0x00000268b67e1670, 0x00000268b67e2870, 0x00000268b67e3a70, 0x00000268b68084b0,
0x00000268b680d710, 0x00000268b69cf9f0, 0x00000268b6a793a0, 0x00000268b6acb370,
0x00000268fc6feb30, 0x00000268fd49c8f0, 0x00000268fd43ff10, 0x00000268fd440580,
0x00000268fd664db0, 0x00000268b68b73d0, 0x00000268fd623940, 0x00000268fd621870,
0x00000268fd620b50, 0x00000268fd6211e0, 0x00000268fd622c20, 0x00000268fd621f00,
0x00000268fd622590, 0x00000268fd6232b0, 0x00000268fe8d53a0, 0x00000268fe8daf80,
0x00000268fe8db610, 0x00000268fe8d8eb0, 0x00000268fe8d4d10, 0x00000268fe8d6de0,
0x00000268fe8d5a30, 0x00000268fe8dc330, 0x00000268fe8d8190, 0x00000268fe8dbca0,
0x00000268fe8d7470, 0x00000268fe8d7b00, 0x00000268fe8da260, 0x00000268fe8da8f0,
0x00000268fe8d6750, 0x00000268ffc1cb20, 0x00000268ffc18980, 0x00000268ffc19010,
0x00000268ffc1b770, 0x00000268ffc196a0
}

Java Threads: ( => current thread )
  0x000002689e0d2e50 JavaThread "main"                              [_thread_blocked, id=5728, stack(0x0000008c1ed00000,0x0000008c1ee00000) (1024K)]
  0x00000268b67db150 JavaThread "Reference Handler"          daemon [_thread_blocked, id=13624, stack(0x0000008c1f500000,0x0000008c1f600000) (1024K)]
  0x00000268b67dbe70 JavaThread "Finalizer"                  daemon [_thread_blocked, id=6436, stack(0x0000008c1f600000,0x0000008c1f700000) (1024K)]
  0x00000268b67de980 JavaThread "Signal Dispatcher"          daemon [_thread_blocked, id=10772, stack(0x0000008c1f700000,0x0000008c1f800000) (1024K)]
  0x00000268b67e1670 JavaThread "Attach Listener"            daemon [_thread_blocked, id=13036, stack(0x0000008c1f800000,0x0000008c1f900000) (1024K)]
  0x00000268b67e2870 JavaThread "Service Thread"             daemon [_thread_blocked, id=7132, stack(0x0000008c1f900000,0x0000008c1fa00000) (1024K)]
  0x00000268b67e3a70 JavaThread "Monitor Deflation Thread"   daemon [_thread_blocked, id=108, stack(0x0000008c1fa00000,0x0000008c1fb00000) (1024K)]
  0x00000268b68084b0 JavaThread "C2 CompilerThread0"         daemon [_thread_blocked, id=9056, stack(0x0000008c1fb00000,0x0000008c1fc00000) (1024K)]
  0x00000268b680d710 JavaThread "C1 CompilerThread0"         daemon [_thread_blocked, id=8188, stack(0x0000008c1fc00000,0x0000008c1fd00000) (1024K)]
  0x00000268b69cf9f0 JavaThread "Common-Cleaner"             daemon [_thread_blocked, id=12932, stack(0x0000008c1fd00000,0x0000008c1fe00000) (1024K)]
  0x00000268b6a793a0 JavaThread "Notification Thread"        daemon [_thread_blocked, id=12244, stack(0x0000008c1fe00000,0x0000008c1ff00000) (1024K)]
  0x00000268b6acb370 JavaThread "Daemon health stats"               [_thread_blocked, id=12340, stack(0x0000008c20200000,0x0000008c20300000) (1024K)]
  0x00000268fc6feb30 JavaThread "Incoming local TCP Connector on port 62777"        [_thread_in_native, id=7092, stack(0x0000008c20300000,0x0000008c20400000) (1024K)]
  0x00000268fd49c8f0 JavaThread "Daemon periodic checks"            [_thread_blocked, id=10916, stack(0x0000008c20400000,0x0000008c20500000) (1024K)]
  0x00000268fd43ff10 JavaThread "Daemon"                            [_thread_blocked, id=4152, stack(0x0000008c20500000,0x0000008c20600000) (1024K)]
  0x00000268fd440580 JavaThread "Handler for socket connection from /127.0.0.1:62777 to /127.0.0.1:62778"        [_thread_in_native, id=8056, stack(0x0000008c20600000,0x0000008c20700000) (1024K)]
  0x00000268fd664db0 JavaThread "Cancel handler"                    [_thread_blocked, id=9500, stack(0x0000008c20700000,0x0000008c20800000) (1024K)]
  0x00000268b68b73d0 JavaThread "Daemon worker"                     [_thread_blocked, id=5348, stack(0x0000008c20800000,0x0000008c20900000) (1024K)]
  0x00000268fd623940 JavaThread "Asynchronous log dispatcher for DefaultDaemonConnection: socket connection from /127.0.0.1:62777 to /127.0.0.1:62778"        [_thread_blocked, id=13640, stack(0x0000008c20900000,0x0000008c20a00000) (1024K)]
  0x00000268fd621870 JavaThread "Stdin handler"                     [_thread_blocked, id=9264, stack(0x0000008c20a00000,0x0000008c20b00000) (1024K)]
  0x00000268fd620b50 JavaThread "Daemon client event forwarder"        [_thread_blocked, id=2280, stack(0x0000008c20b00000,0x0000008c20c00000) (1024K)]
  0x00000268fd6211e0 JavaThread "Cache worker for journal cache (C:\Users\System Bilgisayar\.gradle\caches\journal-1)"        [_thread_blocked, id=14200, stack(0x0000008c20c00000,0x0000008c20d00000) (1024K)]
  0x00000268fd622c20 JavaThread "File lock request listener"        [_thread_in_native, id=3832, stack(0x0000008c20d00000,0x0000008c20e00000) (1024K)]
  0x00000268fd621f00 JavaThread "Cache worker for file hash cache (C:\Users\System Bilgisayar\.gradle\caches\8.9\fileHashes)"        [_thread_blocked, id=7260, stack(0x0000008c20e00000,0x0000008c20f00000) (1024K)]
  0x00000268fd622590 JavaThread "Cache worker for file hash cache (C:\Users\System Bilgisayar\AppData\Local\Pub\Cache\hosted\pub.dev\share_plus-13.0.0\android\.gradle\8.9\fileHashes)"        [_thread_blocked, id=8496, stack(0x0000008c20f00000,0x0000008c21000000) (1024K)]
  0x00000268fd6232b0 JavaThread "Cache worker for Build Output Cleanup Cache (C:\Users\System Bilgisayar\AppData\Local\Pub\Cache\hosted\pub.dev\share_plus-13.0.0\android\.gradle\buildOutputCleanup)"        [_thread_blocked, id=8660, stack(0x0000008c21000000,0x0000008c21100000) (1024K)]
  0x00000268fe8d53a0 JavaThread "File lock release action executor"        [_thread_blocked, id=10216, stack(0x0000008c21100000,0x0000008c21200000) (1024K)]
  0x00000268fe8daf80 JavaThread "File watcher server"        daemon [_thread_in_native, id=5632, stack(0x0000008c21200000,0x0000008c21300000) (1024K)]
  0x00000268fe8db610 JavaThread "File watcher consumer"      daemon [_thread_blocked, id=6636, stack(0x0000008c21300000,0x0000008c21400000) (1024K)]
  0x00000268fe8d8eb0 JavaThread "Cache worker for checksums cache (C:\Users\System Bilgisayar\AppData\Local\Pub\Cache\hosted\pub.dev\share_plus-13.0.0\android\.gradle\8.9\checksums)"        [_thread_blocked, id=9436, stack(0x0000008c21400000,0x0000008c21500000) (1024K)]
  0x00000268fe8d4d10 JavaThread "Cache worker for file content cache (C:\Users\System Bilgisayar\.gradle\caches\8.9\fileContent)"        [_thread_blocked, id=8112, stack(0x0000008c21500000,0x0000008c21600000) (1024K)]
  0x00000268fe8d6de0 JavaThread "Cache worker for cache directory md-rule (C:\Users\System Bilgisayar\.gradle\caches\8.9\md-rule)"        [_thread_blocked, id=13168, stack(0x0000008c21600000,0x0000008c21700000) (1024K)]
  0x00000268fe8d5a30 JavaThread "Cache worker for cache directory md-supplier (C:\Users\System Bilgisayar\.gradle\caches\8.9\md-supplier)"        [_thread_blocked, id=9048, stack(0x0000008c21700000,0x0000008c21800000) (1024K)]
  0x00000268fe8dc330 JavaThread "jar transforms"                    [_thread_blocked, id=4880, stack(0x0000008c21800000,0x0000008c21900000) (1024K)]
  0x00000268fe8d8190 JavaThread "jar transforms Thread 2"           [_thread_blocked, id=9976, stack(0x0000008c21900000,0x0000008c21a00000) (1024K)]
  0x00000268fe8dbca0 JavaThread "jar transforms Thread 3"           [_thread_blocked, id=5704, stack(0x0000008c21a00000,0x0000008c21b00000) (1024K)]
  0x00000268fe8d7470 JavaThread "jar transforms Thread 4"           [_thread_blocked, id=2304, stack(0x0000008c21b00000,0x0000008c21c00000) (1024K)]
  0x00000268fe8d7b00 JavaThread "Unconstrained build operations"        [_thread_blocked, id=10120, stack(0x0000008c1ea00000,0x0000008c1eb00000) (1024K)]
  0x00000268fe8da260 JavaThread "Unconstrained build operations Thread 2"        [_thread_blocked, id=10252, stack(0x0000008c1eb00000,0x0000008c1ec00000) (1024K)]
  0x00000268fe8da8f0 JavaThread "Unconstrained build operations Thread 3"        [_thread_blocked, id=1508, stack(0x0000008c1ec00000,0x0000008c1ed00000) (1024K)]
  0x00000268fe8d6750 JavaThread "Unconstrained build operations Thread 4"        [_thread_blocked, id=10000, stack(0x0000008c21c00000,0x0000008c21d00000) (1024K)]
  0x00000268ffc1cb20 JavaThread "Unconstrained build operations Thread 5"        [_thread_blocked, id=12828, stack(0x0000008c21d00000,0x0000008c21e00000) (1024K)]
  0x00000268ffc18980 JavaThread "Unconstrained build operations Thread 6"        [_thread_blocked, id=14184, stack(0x0000008c21e00000,0x0000008c21f00000) (1024K)]
  0x00000268ffc19010 JavaThread "Unconstrained build operations Thread 7"        [_thread_blocked, id=6568, stack(0x0000008c21f00000,0x0000008c22000000) (1024K)]
  0x00000268ffc1b770 JavaThread "Unconstrained build operations Thread 8"        [_thread_blocked, id=12492, stack(0x0000008c22000000,0x0000008c22100000) (1024K)]
  0x00000268ffc196a0 JavaThread "Unconstrained build operations Thread 9"        [_thread_blocked, id=13588, stack(0x0000008c22100000,0x0000008c22200000) (1024K)]
Total: 46

Other Threads:
=>0x00000268a041ec10 VMThread "VM Thread"                           [id=12744, stack(0x0000008c1f400000,0x0000008c1f500000) (1024K)]
  0x00000268a0415740 WatcherThread "VM Periodic Task Thread"        [id=6044, stack(0x0000008c1f300000,0x0000008c1f400000) (1024K)]
  0x00000268a0399c50 WorkerThread "GC Thread#0"                     [id=4760, stack(0x0000008c1ee00000,0x0000008c1ef00000) (1024K)]
  0x00000268b6b62bb0 WorkerThread "GC Thread#1"                     [id=8452, stack(0x0000008c1ff00000,0x0000008c20000000) (1024K)]
  0x00000268b6b6fc00 WorkerThread "GC Thread#2"                     [id=10152, stack(0x0000008c20000000,0x0000008c20100000) (1024K)]
  0x00000268fc78a790 WorkerThread "GC Thread#3"                     [id=8940, stack(0x0000008c20100000,0x0000008c20200000) (1024K)]
  0x00000268a03a7e00 ConcurrentGCThread "G1 Main Marker"            [id=12952, stack(0x0000008c1ef00000,0x0000008c1f000000) (1024K)]
  0x00000268a03a90b0 WorkerThread "G1 Conc#0"                       [id=3360, stack(0x0000008c1f000000,0x0000008c1f100000) (1024K)]
  0x00000268a0400440 ConcurrentGCThread "G1 Refine#0"               [id=11576, stack(0x0000008c1f100000,0x0000008c1f200000) (1024K)]
  0x00000268a0400fc0 ConcurrentGCThread "G1 Service"                [id=10864, stack(0x0000008c1f200000,0x0000008c1f300000) (1024K)]
Total: 10

Threads with active compile tasks:
C2 CompilerThread0  97855 9182       4       org.objectweb.asm.ClassReader::accept (1419 bytes)
Total: 1

VM state: at safepoint (normal execution)

VM Mutex/Monitor currently owned by a thread:  ([mutex/lock_event])
[0x00007ff9af44e560] Threads_lock - owner thread: 0x00000268a041ec10
[0x00007ff9af44e660] Heap_lock - owner thread: 0x00000268ffc1b770

Heap address: 0x00000000a0000000, size: 1536 MB, Compressed Oops mode: 32-bit

CDS archive(s) mapped at: [0x00000268b7000000-0x00000268b7ba0000-0x00000268b7ba0000), size 12189696, SharedBaseAddress: 0x00000268b7000000, ArchiveRelocationMode: 1.
Compressed class space mapped at: 0x00000268b8000000-0x00000268f8000000, reserved size: 1073741824
Narrow klass base: 0x00000268b7000000, Narrow klass shift: 0, Narrow klass range: 0x100000000

GC Precious Log:
 CardTable entry size: 512
 Card Set container configuration: InlinePtr #cards 5 size 8 Array Of Cards #cards 12 size 40 Howl #buckets 4 coarsen threshold 1843 Howl Bitmap #cards 512 size 80 coarsen threshold 460 Card regions per heap region 1 cards per card region 2048
 CPUs: 4 total, 4 available
 Memory: 3345M
 Large Page Support: Disabled
 NUMA Support: Disabled
 Compressed Oops: Enabled (32-bit)
 Heap Region Size: 1M
 Heap Min Capacity: 8M
 Heap Initial Capacity: 54M
 Heap Max Capacity: 1536M
 Pre-touch: Disabled
 Parallel Workers: 4
 Concurrent Workers: 1
 Concurrent Refinement Workers: 4
 Periodic GC: Disabled

Heap:
 garbage-first heap   total 241664K, used 85093K [0x00000000a0000000, 0x0000000100000000)
  region size 1024K, 9 young (9216K), 9 survivors (9216K)
 Metaspace       used 51293K, committed 52928K, reserved 1114112K
  class space    used 7312K, committed 8128K, reserved 1048576K

Heap Regions: E=young(eden), S=young(survivor), O=old, HS=humongous(starts), HC=humongous(continues), CS=collection set, F=free, TAMS=top-at-mark-start, PB=parsable bottom
|   0|0x00000000a0000000, 0x00000000a0100000, 0x00000000a0100000|100%|HS|  |TAMS 0x00000000a0000000| PB 0x00000000a0000000| Complete 
|   1|0x00000000a0100000, 0x00000000a0200000, 0x00000000a0200000|100%|HC|  |TAMS 0x00000000a0100000| PB 0x00000000a0100000| Complete 
|   2|0x00000000a0200000, 0x00000000a0300000, 0x00000000a0300000|100%|HC|  |TAMS 0x00000000a0200000| PB 0x00000000a0200000| Complete 
|   3|0x00000000a0300000, 0x00000000a0400000, 0x00000000a0400000|100%|HC|  |TAMS 0x00000000a0300000| PB 0x00000000a0300000| Complete 
|   4|0x00000000a0400000, 0x00000000a0500000, 0x00000000a0500000|100%| O|  |TAMS 0x00000000a0400000| PB 0x00000000a0400000| Untracked 
|   5|0x00000000a0500000, 0x00000000a0600000, 0x00000000a0600000|100%| O|  |TAMS 0x00000000a0500000| PB 0x00000000a0500000| Untracked 
|   6|0x00000000a0600000, 0x00000000a0700000, 0x00000000a0700000|100%| O|  |TAMS 0x00000000a0600000| PB 0x00000000a0600000| Untracked 
|   7|0x00000000a0700000, 0x00000000a0800000, 0x00000000a0800000|100%| O|  |TAMS 0x00000000a0700000| PB 0x00000000a0700000| Untracked 
|   8|0x00000000a0800000, 0x00000000a0900000, 0x00000000a0900000|100%| O|  |TAMS 0x00000000a0800000| PB 0x00000000a0800000| Untracked 
|   9|0x00000000a0900000, 0x00000000a0a00000, 0x00000000a0a00000|100%| O|  |TAMS 0x00000000a0900000| PB 0x00000000a0900000| Untracked 
|  10|0x00000000a0a00000, 0x00000000a0b00000, 0x00000000a0b00000|100%| O|  |TAMS 0x00000000a0a00000| PB 0x00000000a0a00000| Untracked 
|  11|0x00000000a0b00000, 0x00000000a0c00000, 0x00000000a0c00000|100%| O|  |TAMS 0x00000000a0b00000| PB 0x00000000a0b00000| Untracked 
|  12|0x00000000a0c00000, 0x00000000a0d00000, 0x00000000a0d00000|100%|HS|  |TAMS 0x00000000a0c00000| PB 0x00000000a0c00000| Complete 
|  13|0x00000000a0d00000, 0x00000000a0e00000, 0x00000000a0e00000|100%| O|  |TAMS 0x00000000a0d00000| PB 0x00000000a0d00000| Untracked 
|  14|0x00000000a0e00000, 0x00000000a0f00000, 0x00000000a0f00000|100%| O|  |TAMS 0x00000000a0e00000| PB 0x00000000a0e00000| Untracked 
|  15|0x00000000a0f00000, 0x00000000a1000000, 0x00000000a1000000|100%| O|  |TAMS 0x00000000a0f00000| PB 0x00000000a0f00000| Untracked 
|  16|0x00000000a1000000, 0x00000000a1100000, 0x00000000a1100000|100%| O|  |TAMS 0x00000000a1000000| PB 0x00000000a1000000| Untracked 
|  17|0x00000000a1100000, 0x00000000a1200000, 0x00000000a1200000|100%| O|  |TAMS 0x00000000a1100000| PB 0x00000000a1100000| Untracked 
|  18|0x00000000a1200000, 0x00000000a1300000, 0x00000000a1300000|100%| O|  |TAMS 0x00000000a1200000| PB 0x00000000a1200000| Untracked 
|  19|0x00000000a1300000, 0x00000000a1400000, 0x00000000a1400000|100%| O|  |TAMS 0x00000000a1300000| PB 0x00000000a1300000| Untracked 
|  20|0x00000000a1400000, 0x00000000a1500000, 0x00000000a1500000|100%| O|  |TAMS 0x00000000a1400000| PB 0x00000000a1400000| Untracked 
|  21|0x00000000a1500000, 0x00000000a1600000, 0x00000000a1600000|100%| O|  |TAMS 0x00000000a1500000| PB 0x00000000a1500000| Untracked 
|  22|0x00000000a1600000, 0x00000000a1700000, 0x00000000a1700000|100%| O|  |TAMS 0x00000000a1600000| PB 0x00000000a1600000| Untracked 
|  23|0x00000000a1700000, 0x00000000a1800000, 0x00000000a1800000|100%| O|  |TAMS 0x00000000a1700000| PB 0x00000000a1700000| Untracked 
|  24|0x00000000a1800000, 0x00000000a1900000, 0x00000000a1900000|100%| O|  |TAMS 0x00000000a1800000| PB 0x00000000a1800000| Untracked 
|  25|0x00000000a1900000, 0x00000000a1a00000, 0x00000000a1a00000|100%| O|  |TAMS 0x00000000a1900000| PB 0x00000000a1900000| Untracked 
|  26|0x00000000a1a00000, 0x00000000a1b00000, 0x00000000a1b00000|100%| O|  |TAMS 0x00000000a1a00000| PB 0x00000000a1a00000| Untracked 
|  27|0x00000000a1b00000, 0x00000000a1c00000, 0x00000000a1c00000|100%| O|  |TAMS 0x00000000a1b00000| PB 0x00000000a1b00000| Untracked 
|  28|0x00000000a1c00000, 0x00000000a1d00000, 0x00000000a1d00000|100%| O|  |TAMS 0x00000000a1c00000| PB 0x00000000a1c00000| Untracked 
|  29|0x00000000a1d00000, 0x00000000a1e00000, 0x00000000a1e00000|100%| O|  |TAMS 0x00000000a1d00000| PB 0x00000000a1d00000| Untracked 
|  30|0x00000000a1e00000, 0x00000000a1f00000, 0x00000000a1f00000|100%| O|  |TAMS 0x00000000a1e00000| PB 0x00000000a1e00000| Untracked 
|  31|0x00000000a1f00000, 0x00000000a2000000, 0x00000000a2000000|100%| O|  |TAMS 0x00000000a1f00000| PB 0x00000000a1f00000| Untracked 
|  32|0x00000000a2000000, 0x00000000a2100000, 0x00000000a2100000|100%| O|  |TAMS 0x00000000a2000000| PB 0x00000000a2000000| Untracked 
|  33|0x00000000a2100000, 0x00000000a2200000, 0x00000000a2200000|100%| O|  |TAMS 0x00000000a2100000| PB 0x00000000a2100000| Untracked 
|  34|0x00000000a2200000, 0x00000000a2300000, 0x00000000a2300000|100%| O|  |TAMS 0x00000000a2200000| PB 0x00000000a2200000| Untracked 
|  35|0x00000000a2300000, 0x00000000a2400000, 0x00000000a2400000|100%| O|  |TAMS 0x00000000a2300000| PB 0x00000000a2300000| Untracked 
|  36|0x00000000a2400000, 0x00000000a2500000, 0x00000000a2500000|100%| O|  |TAMS 0x00000000a2400000| PB 0x00000000a2400000| Untracked 
|  37|0x00000000a2500000, 0x00000000a2600000, 0x00000000a2600000|100%| O|  |TAMS 0x00000000a2500000| PB 0x00000000a2500000| Untracked 
|  38|0x00000000a2600000, 0x00000000a2700000, 0x00000000a2700000|100%| O|  |TAMS 0x00000000a2600000| PB 0x00000000a2600000| Untracked 
|  39|0x00000000a2700000, 0x00000000a2800000, 0x00000000a2800000|100%| O|  |TAMS 0x00000000a2700000| PB 0x00000000a2700000| Untracked 
|  40|0x00000000a2800000, 0x00000000a2900000, 0x00000000a2900000|100%| O|  |TAMS 0x00000000a2800000| PB 0x00000000a2800000| Untracked 
|  41|0x00000000a2900000, 0x00000000a2a00000, 0x00000000a2a00000|100%| O|  |TAMS 0x00000000a2900000| PB 0x00000000a2900000| Untracked 
|  42|0x00000000a2a00000, 0x00000000a2b00000, 0x00000000a2b00000|100%| O|  |TAMS 0x00000000a2a00000| PB 0x00000000a2a00000| Untracked 
|  43|0x00000000a2b00000, 0x00000000a2c00000, 0x00000000a2c00000|100%|HS|  |TAMS 0x00000000a2b00000| PB 0x00000000a2b00000| Complete 
|  44|0x00000000a2c00000, 0x00000000a2d00000, 0x00000000a2d00000|100%|HS|  |TAMS 0x00000000a2c00000| PB 0x00000000a2c00000| Complete 
|  45|0x00000000a2d00000, 0x00000000a2e00000, 0x00000000a2e00000|100%| O|  |TAMS 0x00000000a2d00000| PB 0x00000000a2d00000| Untracked 
|  46|0x00000000a2e00000, 0x00000000a2f00000, 0x00000000a2f00000|100%|HS|  |TAMS 0x00000000a2e00000| PB 0x00000000a2e00000| Complete 
|  47|0x00000000a2f00000, 0x00000000a3000000, 0x00000000a3000000|100%|HC|  |TAMS 0x00000000a2f00000| PB 0x00000000a2f00000| Complete 
|  48|0x00000000a3000000, 0x00000000a3100000, 0x00000000a3100000|100%| O|  |TAMS 0x00000000a3000000| PB 0x00000000a3000000| Untracked 
|  49|0x00000000a3100000, 0x00000000a3100000, 0x00000000a3200000|  0%| F|  |TAMS 0x00000000a3100000| PB 0x00000000a3100000| Untracked 
|  50|0x00000000a3200000, 0x00000000a3300000, 0x00000000a3300000|100%| O|  |TAMS 0x00000000a3200000| PB 0x00000000a3200000| Untracked 
|  51|0x00000000a3300000, 0x00000000a3400000, 0x00000000a3400000|100%| O|  |TAMS 0x00000000a3300000| PB 0x00000000a3300000| Untracked 
|  52|0x00000000a3400000, 0x00000000a3500000, 0x00000000a3500000|100%| O|  |TAMS 0x00000000a3400000| PB 0x00000000a3400000| Untracked 
|  53|0x00000000a3500000, 0x00000000a3600000, 0x00000000a3600000|100%| O|  |TAMS 0x00000000a3500000| PB 0x00000000a3500000| Untracked 
|  54|0x00000000a3600000, 0x00000000a3699560, 0x00000000a3700000| 59%| O|  |TAMS 0x00000000a3600000| PB 0x00000000a3600000| Untracked 
|  55|0x00000000a3700000, 0x00000000a3800000, 0x00000000a3800000|100%| O|  |TAMS 0x00000000a3700000| PB 0x00000000a3700000| Untracked 
|  56|0x00000000a3800000, 0x00000000a3800000, 0x00000000a3900000|  0%| F|  |TAMS 0x00000000a3800000| PB 0x00000000a3800000| Untracked 
|  57|0x00000000a3900000, 0x00000000a3900000, 0x00000000a3a00000|  0%| F|  |TAMS 0x00000000a3900000| PB 0x00000000a3900000| Untracked 
|  58|0x00000000a3a00000, 0x00000000a3a00000, 0x00000000a3b00000|  0%| F|  |TAMS 0x00000000a3a00000| PB 0x00000000a3a00000| Untracked 
|  59|0x00000000a3b00000, 0x00000000a3c00000, 0x00000000a3c00000|100%| O|  |TAMS 0x00000000a3b00000| PB 0x00000000a3b00000| Untracked 
|  60|0x00000000a3c00000, 0x00000000a3c00000, 0x00000000a3d00000|  0%| F|  |TAMS 0x00000000a3c00000| PB 0x00000000a3c00000| Untracked 
|  61|0x00000000a3d00000, 0x00000000a3e00000, 0x00000000a3e00000|100%| O|  |TAMS 0x00000000a3d00000| PB 0x00000000a3d00000| Untracked 
|  62|0x00000000a3e00000, 0x00000000a3f00000, 0x00000000a3f00000|100%| O|  |TAMS 0x00000000a3e00000| PB 0x00000000a3e00000| Untracked 
|  63|0x00000000a3f00000, 0x00000000a4000000, 0x00000000a4000000|100%| O|  |TAMS 0x00000000a3f00000| PB 0x00000000a3f00000| Untracked 
|  64|0x00000000a4000000, 0x00000000a4000000, 0x00000000a4100000|  0%| F|  |TAMS 0x00000000a4000000| PB 0x00000000a4000000| Untracked 
|  65|0x00000000a4100000, 0x00000000a4200000, 0x00000000a4200000|100%| O|  |TAMS 0x00000000a4100000| PB 0x00000000a4100000| Untracked 
|  66|0x00000000a4200000, 0x00000000a4300000, 0x00000000a4300000|100%| O|  |TAMS 0x00000000a4200000| PB 0x00000000a4200000| Untracked 
|  67|0x00000000a4300000, 0x00000000a4400000, 0x00000000a4400000|100%| O|  |TAMS 0x00000000a4300000| PB 0x00000000a4300000| Untracked 
|  68|0x00000000a4400000, 0x00000000a4500000, 0x00000000a4500000|100%| O|  |TAMS 0x00000000a4400000| PB 0x00000000a4400000| Untracked 
|  69|0x00000000a4500000, 0x00000000a4600000, 0x00000000a4600000|100%| O|  |TAMS 0x00000000a4500000| PB 0x00000000a4500000| Untracked 
|  70|0x00000000a4600000, 0x00000000a4700000, 0x00000000a4700000|100%| O|  |TAMS 0x00000000a4600000| PB 0x00000000a4600000| Untracked 
|  71|0x00000000a4700000, 0x00000000a4800000, 0x00000000a4800000|100%| O|  |TAMS 0x00000000a4700000| PB 0x00000000a4700000| Untracked 
|  72|0x00000000a4800000, 0x00000000a4900000, 0x00000000a4900000|100%| O|  |TAMS 0x00000000a4800000| PB 0x00000000a4800000| Untracked 
|  73|0x00000000a4900000, 0x00000000a4a00000, 0x00000000a4a00000|100%| O|  |TAMS 0x00000000a4900000| PB 0x00000000a4900000| Untracked 
|  74|0x00000000a4a00000, 0x00000000a4b00000, 0x00000000a4b00000|100%| O|  |TAMS 0x00000000a4a00000| PB 0x00000000a4a00000| Untracked 
|  75|0x00000000a4b00000, 0x00000000a4c00000, 0x00000000a4c00000|100%| O|  |TAMS 0x00000000a4b00000| PB 0x00000000a4b00000| Untracked 
|  76|0x00000000a4c00000, 0x00000000a4d00000, 0x00000000a4d00000|100%| O|  |TAMS 0x00000000a4c00000| PB 0x00000000a4c00000| Untracked 
|  77|0x00000000a4d00000, 0x00000000a4e00000, 0x00000000a4e00000|100%| O|  |TAMS 0x00000000a4d00000| PB 0x00000000a4d00000| Untracked 
|  78|0x00000000a4e00000, 0x00000000a4e00000, 0x00000000a4f00000|  0%| F|  |TAMS 0x00000000a4e00000| PB 0x00000000a4e00000| Untracked 
|  79|0x00000000a4f00000, 0x00000000a5000000, 0x00000000a5000000|100%| O|  |TAMS 0x00000000a4f00000| PB 0x00000000a4f00000| Untracked 
|  80|0x00000000a5000000, 0x00000000a5000000, 0x00000000a5100000|  0%| F|  |TAMS 0x00000000a5000000| PB 0x00000000a5000000| Untracked 
|  81|0x00000000a5100000, 0x00000000a5100000, 0x00000000a5200000|  0%| F|  |TAMS 0x00000000a5100000| PB 0x00000000a5100000| Untracked 
|  82|0x00000000a5200000, 0x00000000a5200000, 0x00000000a5300000|  0%| F|  |TAMS 0x00000000a5200000| PB 0x00000000a5200000| Untracked 
|  83|0x00000000a5300000, 0x00000000a5380000, 0x00000000a5400000| 50%| S|CS|TAMS 0x00000000a5300000| PB 0x00000000a5300000| Complete 
|  84|0x00000000a5400000, 0x00000000a5400000, 0x00000000a5500000|  0%| F|  |TAMS 0x00000000a5400000| PB 0x00000000a5400000| Untracked 
|  85|0x00000000a5500000, 0x00000000a5600000, 0x00000000a5600000|100%| S|CS|TAMS 0x00000000a5500000| PB 0x00000000a5500000| Complete 
|  86|0x00000000a5600000, 0x00000000a5700000, 0x00000000a5700000|100%| S|CS|TAMS 0x00000000a5600000| PB 0x00000000a5600000| Complete 
|  87|0x00000000a5700000, 0x00000000a5800000, 0x00000000a5800000|100%| S|CS|TAMS 0x00000000a5700000| PB 0x00000000a5700000| Complete 
|  88|0x00000000a5800000, 0x00000000a5900000, 0x00000000a5900000|100%| S|CS|TAMS 0x00000000a5800000| PB 0x00000000a5800000| Complete 
|  89|0x00000000a5900000, 0x00000000a5a00000, 0x00000000a5a00000|100%| S|CS|TAMS 0x00000000a5900000| PB 0x00000000a5900000| Complete 
|  90|0x00000000a5a00000, 0x00000000a5b00000, 0x00000000a5b00000|100%| S|CS|TAMS 0x00000000a5a00000| PB 0x00000000a5a00000| Complete 
|  91|0x00000000a5b00000, 0x00000000a5c00000, 0x00000000a5c00000|100%| S|CS|TAMS 0x00000000a5b00000| PB 0x00000000a5b00000| Complete 
|  92|0x00000000a5c00000, 0x00000000a5c00000, 0x00000000a5d00000|  0%| F|  |TAMS 0x00000000a5c00000| PB 0x00000000a5c00000| Untracked 
|  93|0x00000000a5d00000, 0x00000000a5d00000, 0x00000000a5e00000|  0%| F|  |TAMS 0x00000000a5d00000| PB 0x00000000a5d00000| Untracked 
|  94|0x00000000a5e00000, 0x00000000a5e00000, 0x00000000a5f00000|  0%| F|  |TAMS 0x00000000a5e00000| PB 0x00000000a5e00000| Untracked 
|  95|0x00000000a5f00000, 0x00000000a5f00000, 0x00000000a6000000|  0%| F|  |TAMS 0x00000000a5f00000| PB 0x00000000a5f00000| Untracked 
|  96|0x00000000a6000000, 0x00000000a6000000, 0x00000000a6100000|  0%| F|  |TAMS 0x00000000a6000000| PB 0x00000000a6000000| Untracked 
|  97|0x00000000a6100000, 0x00000000a6100000, 0x00000000a6200000|  0%| F|  |TAMS 0x00000000a6100000| PB 0x00000000a6100000| Untracked 
|  98|0x00000000a6200000, 0x00000000a6200000, 0x00000000a6300000|  0%| F|  |TAMS 0x00000000a6200000| PB 0x00000000a6200000| Untracked 
|  99|0x00000000a6300000, 0x00000000a6400000, 0x00000000a6400000|100%| S|CS|TAMS 0x00000000a6300000| PB 0x00000000a6300000| Complete 
| 100|0x00000000a6400000, 0x00000000a6400000, 0x00000000a6500000|  0%| F|  |TAMS 0x00000000a6400000| PB 0x00000000a6400000| Untracked 
| 101|0x00000000a6500000, 0x00000000a6500000, 0x00000000a6600000|  0%| F|  |TAMS 0x00000000a6500000| PB 0x00000000a6500000| Untracked 
| 102|0x00000000a6600000, 0x00000000a6600000, 0x00000000a6700000|  0%| F|  |TAMS 0x00000000a6600000| PB 0x00000000a6600000| Untracked 
| 103|0x00000000a6700000, 0x00000000a6700000, 0x00000000a6800000|  0%| F|  |TAMS 0x00000000a6700000| PB 0x00000000a6700000| Untracked 
| 104|0x00000000a6800000, 0x00000000a6800000, 0x00000000a6900000|  0%| F|  |TAMS 0x00000000a6800000| PB 0x00000000a6800000| Untracked 
| 105|0x00000000a6900000, 0x00000000a6900000, 0x00000000a6a00000|  0%| F|  |TAMS 0x00000000a6900000| PB 0x00000000a6900000| Untracked 
| 106|0x00000000a6a00000, 0x00000000a6a00000, 0x00000000a6b00000|  0%| F|  |TAMS 0x00000000a6a00000| PB 0x00000000a6a00000| Untracked 
| 107|0x00000000a6b00000, 0x00000000a6b00000, 0x00000000a6c00000|  0%| F|  |TAMS 0x00000000a6b00000| PB 0x00000000a6b00000| Untracked 
| 108|0x00000000a6c00000, 0x00000000a6c00000, 0x00000000a6d00000|  0%| F|  |TAMS 0x00000000a6c00000| PB 0x00000000a6c00000| Untracked 
| 109|0x00000000a6d00000, 0x00000000a6d00000, 0x00000000a6e00000|  0%| F|  |TAMS 0x00000000a6d00000| PB 0x00000000a6d00000| Untracked 
| 110|0x00000000a6e00000, 0x00000000a6e00000, 0x00000000a6f00000|  0%| F|  |TAMS 0x00000000a6e00000| PB 0x00000000a6e00000| Untracked 
| 111|0x00000000a6f00000, 0x00000000a6f00000, 0x00000000a7000000|  0%| F|  |TAMS 0x00000000a6f00000| PB 0x00000000a6f00000| Untracked 
| 112|0x00000000a7000000, 0x00000000a7000000, 0x00000000a7100000|  0%| F|  |TAMS 0x00000000a7000000| PB 0x00000000a7000000| Untracked 
| 113|0x00000000a7100000, 0x00000000a7100000, 0x00000000a7200000|  0%| F|  |TAMS 0x00000000a7100000| PB 0x00000000a7100000| Untracked 
| 114|0x00000000a7200000, 0x00000000a7200000, 0x00000000a7300000|  0%| F|  |TAMS 0x00000000a7200000| PB 0x00000000a7200000| Untracked 
| 115|0x00000000a7300000, 0x00000000a7300000, 0x00000000a7400000|  0%| F|  |TAMS 0x00000000a7300000| PB 0x00000000a7300000| Untracked 
| 116|0x00000000a7400000, 0x00000000a7400000, 0x00000000a7500000|  0%| F|  |TAMS 0x00000000a7400000| PB 0x00000000a7400000| Untracked 
| 117|0x00000000a7500000, 0x00000000a7500000, 0x00000000a7600000|  0%| F|  |TAMS 0x00000000a7500000| PB 0x00000000a7500000| Untracked 
| 118|0x00000000a7600000, 0x00000000a7600000, 0x00000000a7700000|  0%| F|  |TAMS 0x00000000a7600000| PB 0x00000000a7600000| Untracked 
| 119|0x00000000a7700000, 0x00000000a7700000, 0x00000000a7800000|  0%| F|  |TAMS 0x00000000a7700000| PB 0x00000000a7700000| Untracked 
| 120|0x00000000a7800000, 0x00000000a7800000, 0x00000000a7900000|  0%| F|  |TAMS 0x00000000a7800000| PB 0x00000000a7800000| Untracked 
| 121|0x00000000a7900000, 0x00000000a7900000, 0x00000000a7a00000|  0%| F|  |TAMS 0x00000000a7900000| PB 0x00000000a7900000| Untracked 
| 122|0x00000000a7a00000, 0x00000000a7a00000, 0x00000000a7b00000|  0%| F|  |TAMS 0x00000000a7a00000| PB 0x00000000a7a00000| Untracked 
| 123|0x00000000a7b00000, 0x00000000a7b00000, 0x00000000a7c00000|  0%| F|  |TAMS 0x00000000a7b00000| PB 0x00000000a7b00000| Untracked 
| 124|0x00000000a7c00000, 0x00000000a7c00000, 0x00000000a7d00000|  0%| F|  |TAMS 0x00000000a7c00000| PB 0x00000000a7c00000| Untracked 
| 125|0x00000000a7d00000, 0x00000000a7d00000, 0x00000000a7e00000|  0%| F|  |TAMS 0x00000000a7d00000| PB 0x00000000a7d00000| Untracked 
| 126|0x00000000a7e00000, 0x00000000a7e00000, 0x00000000a7f00000|  0%| F|  |TAMS 0x00000000a7e00000| PB 0x00000000a7e00000| Untracked 
| 127|0x00000000a7f00000, 0x00000000a7f00000, 0x00000000a8000000|  0%| F|  |TAMS 0x00000000a7f00000| PB 0x00000000a7f00000| Untracked 
| 128|0x00000000a8000000, 0x00000000a8000000, 0x00000000a8100000|  0%| F|  |TAMS 0x00000000a8000000| PB 0x00000000a8000000| Untracked 
| 129|0x00000000a8100000, 0x00000000a8100000, 0x00000000a8200000|  0%| F|  |TAMS 0x00000000a8100000| PB 0x00000000a8100000| Untracked 
| 130|0x00000000a8200000, 0x00000000a8200000, 0x00000000a8300000|  0%| F|  |TAMS 0x00000000a8200000| PB 0x00000000a8200000| Untracked 
| 131|0x00000000a8300000, 0x00000000a8300000, 0x00000000a8400000|  0%| F|  |TAMS 0x00000000a8300000| PB 0x00000000a8300000| Untracked 
| 132|0x00000000a8400000, 0x00000000a8400000, 0x00000000a8500000|  0%| F|  |TAMS 0x00000000a8400000| PB 0x00000000a8400000| Untracked 
| 133|0x00000000a8500000, 0x00000000a8500000, 0x00000000a8600000|  0%| F|  |TAMS 0x00000000a8500000| PB 0x00000000a8500000| Untracked 
| 134|0x00000000a8600000, 0x00000000a8600000, 0x00000000a8700000|  0%| F|  |TAMS 0x00000000a8600000| PB 0x00000000a8600000| Untracked 
| 135|0x00000000a8700000, 0x00000000a8700000, 0x00000000a8800000|  0%| F|  |TAMS 0x00000000a8700000| PB 0x00000000a8700000| Untracked 
| 136|0x00000000a8800000, 0x00000000a8800000, 0x00000000a8900000|  0%| F|  |TAMS 0x00000000a8800000| PB 0x00000000a8800000| Untracked 
| 137|0x00000000a8900000, 0x00000000a8900000, 0x00000000a8a00000|  0%| F|  |TAMS 0x00000000a8900000| PB 0x00000000a8900000| Untracked 
| 138|0x00000000a8a00000, 0x00000000a8a00000, 0x00000000a8b00000|  0%| F|  |TAMS 0x00000000a8a00000| PB 0x00000000a8a00000| Untracked 
| 139|0x00000000a8b00000, 0x00000000a8b00000, 0x00000000a8c00000|  0%| F|  |TAMS 0x00000000a8b00000| PB 0x00000000a8b00000| Untracked 
| 140|0x00000000a8c00000, 0x00000000a8c00000, 0x00000000a8d00000|  0%| F|  |TAMS 0x00000000a8c00000| PB 0x00000000a8c00000| Untracked 
| 141|0x00000000a8d00000, 0x00000000a8d00000, 0x00000000a8e00000|  0%| F|  |TAMS 0x00000000a8d00000| PB 0x00000000a8d00000| Untracked 
| 142|0x00000000a8e00000, 0x00000000a8e00000, 0x00000000a8f00000|  0%| F|  |TAMS 0x00000000a8e00000| PB 0x00000000a8e00000| Untracked 
| 143|0x00000000a8f00000, 0x00000000a8f00000, 0x00000000a9000000|  0%| F|  |TAMS 0x00000000a8f00000| PB 0x00000000a8f00000| Untracked 
| 144|0x00000000a9000000, 0x00000000a9000000, 0x00000000a9100000|  0%| F|  |TAMS 0x00000000a9000000| PB 0x00000000a9000000| Untracked 
| 145|0x00000000a9100000, 0x00000000a9100000, 0x00000000a9200000|  0%| F|  |TAMS 0x00000000a9100000| PB 0x00000000a9100000| Untracked 
| 146|0x00000000a9200000, 0x00000000a9200000, 0x00000000a9300000|  0%| F|  |TAMS 0x00000000a9200000| PB 0x00000000a9200000| Untracked 
| 147|0x00000000a9300000, 0x00000000a9300000, 0x00000000a9400000|  0%| F|  |TAMS 0x00000000a9300000| PB 0x00000000a9300000| Untracked 
| 148|0x00000000a9400000, 0x00000000a9400000, 0x00000000a9500000|  0%| F|  |TAMS 0x00000000a9400000| PB 0x00000000a9400000| Untracked 
| 149|0x00000000a9500000, 0x00000000a9500000, 0x00000000a9600000|  0%| F|  |TAMS 0x00000000a9500000| PB 0x00000000a9500000| Untracked 
| 150|0x00000000a9600000, 0x00000000a9600000, 0x00000000a9700000|  0%| F|  |TAMS 0x00000000a9600000| PB 0x00000000a9600000| Untracked 
| 151|0x00000000a9700000, 0x00000000a9700000, 0x00000000a9800000|  0%| F|  |TAMS 0x00000000a9700000| PB 0x00000000a9700000| Untracked 
| 152|0x00000000a9800000, 0x00000000a9800000, 0x00000000a9900000|  0%| F|  |TAMS 0x00000000a9800000| PB 0x00000000a9800000| Untracked 
| 153|0x00000000a9900000, 0x00000000a9900000, 0x00000000a9a00000|  0%| F|  |TAMS 0x00000000a9900000| PB 0x00000000a9900000| Untracked 
| 154|0x00000000a9a00000, 0x00000000a9a00000, 0x00000000a9b00000|  0%| F|  |TAMS 0x00000000a9a00000| PB 0x00000000a9a00000| Untracked 
| 155|0x00000000a9b00000, 0x00000000a9b00000, 0x00000000a9c00000|  0%| F|  |TAMS 0x00000000a9b00000| PB 0x00000000a9b00000| Untracked 
| 156|0x00000000a9c00000, 0x00000000a9c00000, 0x00000000a9d00000|  0%| F|  |TAMS 0x00000000a9c00000| PB 0x00000000a9c00000| Untracked 
| 157|0x00000000a9d00000, 0x00000000a9d00000, 0x00000000a9e00000|  0%| F|  |TAMS 0x00000000a9d00000| PB 0x00000000a9d00000| Untracked 
| 158|0x00000000a9e00000, 0x00000000a9e00000, 0x00000000a9f00000|  0%| F|  |TAMS 0x00000000a9e00000| PB 0x00000000a9e00000| Untracked 
| 159|0x00000000a9f00000, 0x00000000a9f00000, 0x00000000aa000000|  0%| F|  |TAMS 0x00000000a9f00000| PB 0x00000000a9f00000| Untracked 
| 160|0x00000000aa000000, 0x00000000aa000000, 0x00000000aa100000|  0%| F|  |TAMS 0x00000000aa000000| PB 0x00000000aa000000| Untracked 
| 161|0x00000000aa100000, 0x00000000aa100000, 0x00000000aa200000|  0%| F|  |TAMS 0x00000000aa100000| PB 0x00000000aa100000| Untracked 
| 162|0x00000000aa200000, 0x00000000aa200000, 0x00000000aa300000|  0%| F|  |TAMS 0x00000000aa200000| PB 0x00000000aa200000| Untracked 
| 163|0x00000000aa300000, 0x00000000aa300000, 0x00000000aa400000|  0%| F|  |TAMS 0x00000000aa300000| PB 0x00000000aa300000| Untracked 
| 164|0x00000000aa400000, 0x00000000aa400000, 0x00000000aa500000|  0%| F|  |TAMS 0x00000000aa400000| PB 0x00000000aa400000| Untracked 
| 165|0x00000000aa500000, 0x00000000aa500000, 0x00000000aa600000|  0%| F|  |TAMS 0x00000000aa500000| PB 0x00000000aa500000| Untracked 
| 166|0x00000000aa600000, 0x00000000aa600000, 0x00000000aa700000|  0%| F|  |TAMS 0x00000000aa600000| PB 0x00000000aa600000| Untracked 
| 167|0x00000000aa700000, 0x00000000aa700000, 0x00000000aa800000|  0%| F|  |TAMS 0x00000000aa700000| PB 0x00000000aa700000| Untracked 
| 168|0x00000000aa800000, 0x00000000aa800000, 0x00000000aa900000|  0%| F|  |TAMS 0x00000000aa800000| PB 0x00000000aa800000| Untracked 
| 169|0x00000000aa900000, 0x00000000aa900000, 0x00000000aaa00000|  0%| F|  |TAMS 0x00000000aa900000| PB 0x00000000aa900000| Untracked 
| 170|0x00000000aaa00000, 0x00000000aaa00000, 0x00000000aab00000|  0%| F|  |TAMS 0x00000000aaa00000| PB 0x00000000aaa00000| Untracked 
| 171|0x00000000aab00000, 0x00000000aab00000, 0x00000000aac00000|  0%| F|  |TAMS 0x00000000aab00000| PB 0x00000000aab00000| Untracked 
| 172|0x00000000aac00000, 0x00000000aac00000, 0x00000000aad00000|  0%| F|  |TAMS 0x00000000aac00000| PB 0x00000000aac00000| Untracked 
| 173|0x00000000aad00000, 0x00000000aad00000, 0x00000000aae00000|  0%| F|  |TAMS 0x00000000aad00000| PB 0x00000000aad00000| Untracked 
| 174|0x00000000aae00000, 0x00000000aae00000, 0x00000000aaf00000|  0%| F|  |TAMS 0x00000000aae00000| PB 0x00000000aae00000| Untracked 
| 175|0x00000000aaf00000, 0x00000000aaf00000, 0x00000000ab000000|  0%| F|  |TAMS 0x00000000aaf00000| PB 0x00000000aaf00000| Untracked 
| 176|0x00000000ab000000, 0x00000000ab000000, 0x00000000ab100000|  0%| F|  |TAMS 0x00000000ab000000| PB 0x00000000ab000000| Untracked 
| 177|0x00000000ab100000, 0x00000000ab100000, 0x00000000ab200000|  0%| F|  |TAMS 0x00000000ab100000| PB 0x00000000ab100000| Untracked 
| 178|0x00000000ab200000, 0x00000000ab200000, 0x00000000ab300000|  0%| F|  |TAMS 0x00000000ab200000| PB 0x00000000ab200000| Untracked 
| 179|0x00000000ab300000, 0x00000000ab300000, 0x00000000ab400000|  0%| F|  |TAMS 0x00000000ab300000| PB 0x00000000ab300000| Untracked 
| 180|0x00000000ab400000, 0x00000000ab400000, 0x00000000ab500000|  0%| F|  |TAMS 0x00000000ab400000| PB 0x00000000ab400000| Untracked 
| 181|0x00000000ab500000, 0x00000000ab500000, 0x00000000ab600000|  0%| F|  |TAMS 0x00000000ab500000| PB 0x00000000ab500000| Untracked 
| 182|0x00000000ab600000, 0x00000000ab600000, 0x00000000ab700000|  0%| F|  |TAMS 0x00000000ab600000| PB 0x00000000ab600000| Untracked 
| 183|0x00000000ab700000, 0x00000000ab700000, 0x00000000ab800000|  0%| F|  |TAMS 0x00000000ab700000| PB 0x00000000ab700000| Untracked 
| 184|0x00000000ab800000, 0x00000000ab800000, 0x00000000ab900000|  0%| F|  |TAMS 0x00000000ab800000| PB 0x00000000ab800000| Untracked 
| 185|0x00000000ab900000, 0x00000000ab900000, 0x00000000aba00000|  0%| F|  |TAMS 0x00000000ab900000| PB 0x00000000ab900000| Untracked 
| 186|0x00000000aba00000, 0x00000000aba00000, 0x00000000abb00000|  0%| F|  |TAMS 0x00000000aba00000| PB 0x00000000aba00000| Untracked 
| 187|0x00000000abb00000, 0x00000000abb00000, 0x00000000abc00000|  0%| F|  |TAMS 0x00000000abb00000| PB 0x00000000abb00000| Untracked 
| 188|0x00000000abc00000, 0x00000000abc00000, 0x00000000abd00000|  0%| F|  |TAMS 0x00000000abc00000| PB 0x00000000abc00000| Untracked 
| 189|0x00000000abd00000, 0x00000000abd00000, 0x00000000abe00000|  0%| F|  |TAMS 0x00000000abd00000| PB 0x00000000abd00000| Untracked 
| 190|0x00000000abe00000, 0x00000000abe00000, 0x00000000abf00000|  0%| F|  |TAMS 0x00000000abe00000| PB 0x00000000abe00000| Untracked 
| 191|0x00000000abf00000, 0x00000000abf00000, 0x00000000ac000000|  0%| F|  |TAMS 0x00000000abf00000| PB 0x00000000abf00000| Untracked 
| 192|0x00000000ac000000, 0x00000000ac000000, 0x00000000ac100000|  0%| F|  |TAMS 0x00000000ac000000| PB 0x00000000ac000000| Untracked 
| 193|0x00000000ac100000, 0x00000000ac100000, 0x00000000ac200000|  0%| F|  |TAMS 0x00000000ac100000| PB 0x00000000ac100000| Untracked 
| 194|0x00000000ac200000, 0x00000000ac200000, 0x00000000ac300000|  0%| F|  |TAMS 0x00000000ac200000| PB 0x00000000ac200000| Untracked 
| 195|0x00000000ac300000, 0x00000000ac300000, 0x00000000ac400000|  0%| F|  |TAMS 0x00000000ac300000| PB 0x00000000ac300000| Untracked 
| 196|0x00000000ac400000, 0x00000000ac400000, 0x00000000ac500000|  0%| F|  |TAMS 0x00000000ac400000| PB 0x00000000ac400000| Untracked 
| 197|0x00000000ac500000, 0x00000000ac500000, 0x00000000ac600000|  0%| F|  |TAMS 0x00000000ac500000| PB 0x00000000ac500000| Untracked 
| 198|0x00000000ac600000, 0x00000000ac600000, 0x00000000ac700000|  0%| F|  |TAMS 0x00000000ac600000| PB 0x00000000ac600000| Untracked 
| 199|0x00000000ac700000, 0x00000000ac700000, 0x00000000ac800000|  0%| F|  |TAMS 0x00000000ac700000| PB 0x00000000ac700000| Untracked 
| 200|0x00000000ac800000, 0x00000000ac800000, 0x00000000ac900000|  0%| F|  |TAMS 0x00000000ac800000| PB 0x00000000ac800000| Untracked 
| 201|0x00000000ac900000, 0x00000000ac900000, 0x00000000aca00000|  0%| F|  |TAMS 0x00000000ac900000| PB 0x00000000ac900000| Untracked 
| 202|0x00000000aca00000, 0x00000000aca00000, 0x00000000acb00000|  0%| F|  |TAMS 0x00000000aca00000| PB 0x00000000aca00000| Untracked 
| 203|0x00000000acb00000, 0x00000000acb00000, 0x00000000acc00000|  0%| F|  |TAMS 0x00000000acb00000| PB 0x00000000acb00000| Untracked 
| 204|0x00000000acc00000, 0x00000000acc00000, 0x00000000acd00000|  0%| F|  |TAMS 0x00000000acc00000| PB 0x00000000acc00000| Untracked 
| 205|0x00000000acd00000, 0x00000000acd00000, 0x00000000ace00000|  0%| F|  |TAMS 0x00000000acd00000| PB 0x00000000acd00000| Untracked 
| 206|0x00000000ace00000, 0x00000000ace00000, 0x00000000acf00000|  0%| F|  |TAMS 0x00000000ace00000| PB 0x00000000ace00000| Untracked 
| 207|0x00000000acf00000, 0x00000000acf00000, 0x00000000ad000000|  0%| F|  |TAMS 0x00000000acf00000| PB 0x00000000acf00000| Untracked 
| 208|0x00000000ad000000, 0x00000000ad000000, 0x00000000ad100000|  0%| F|  |TAMS 0x00000000ad000000| PB 0x00000000ad000000| Untracked 
| 209|0x00000000ad100000, 0x00000000ad100000, 0x00000000ad200000|  0%| F|  |TAMS 0x00000000ad100000| PB 0x00000000ad100000| Untracked 
| 210|0x00000000ad200000, 0x00000000ad200000, 0x00000000ad300000|  0%| F|  |TAMS 0x00000000ad200000| PB 0x00000000ad200000| Untracked 
| 211|0x00000000ad300000, 0x00000000ad300000, 0x00000000ad400000|  0%| F|  |TAMS 0x00000000ad300000| PB 0x00000000ad300000| Untracked 
| 212|0x00000000ad400000, 0x00000000ad400000, 0x00000000ad500000|  0%| F|  |TAMS 0x00000000ad400000| PB 0x00000000ad400000| Untracked 
| 213|0x00000000ad500000, 0x00000000ad500000, 0x00000000ad600000|  0%| F|  |TAMS 0x00000000ad500000| PB 0x00000000ad500000| Untracked 
| 214|0x00000000ad600000, 0x00000000ad600000, 0x00000000ad700000|  0%| F|  |TAMS 0x00000000ad600000| PB 0x00000000ad600000| Untracked 
| 215|0x00000000ad700000, 0x00000000ad700000, 0x00000000ad800000|  0%| F|  |TAMS 0x00000000ad700000| PB 0x00000000ad700000| Untracked 
| 216|0x00000000ad800000, 0x00000000ad800000, 0x00000000ad900000|  0%| F|  |TAMS 0x00000000ad800000| PB 0x00000000ad800000| Untracked 
| 217|0x00000000ad900000, 0x00000000ad900000, 0x00000000ada00000|  0%| F|  |TAMS 0x00000000ad900000| PB 0x00000000ad900000| Untracked 
| 218|0x00000000ada00000, 0x00000000ada00000, 0x00000000adb00000|  0%| F|  |TAMS 0x00000000ada00000| PB 0x00000000ada00000| Untracked 
| 219|0x00000000adb00000, 0x00000000adb00000, 0x00000000adc00000|  0%| F|  |TAMS 0x00000000adb00000| PB 0x00000000adb00000| Untracked 
| 220|0x00000000adc00000, 0x00000000adc00000, 0x00000000add00000|  0%| F|  |TAMS 0x00000000adc00000| PB 0x00000000adc00000| Untracked 
| 221|0x00000000add00000, 0x00000000add00000, 0x00000000ade00000|  0%| F|  |TAMS 0x00000000add00000| PB 0x00000000add00000| Untracked 
| 222|0x00000000ade00000, 0x00000000ade00000, 0x00000000adf00000|  0%| F|  |TAMS 0x00000000ade00000| PB 0x00000000ade00000| Untracked 
| 223|0x00000000adf00000, 0x00000000adf00000, 0x00000000ae000000|  0%| F|  |TAMS 0x00000000adf00000| PB 0x00000000adf00000| Untracked 
| 224|0x00000000ae000000, 0x00000000ae000000, 0x00000000ae100000|  0%| F|  |TAMS 0x00000000ae000000| PB 0x00000000ae000000| Untracked 
| 225|0x00000000ae100000, 0x00000000ae100000, 0x00000000ae200000|  0%| F|  |TAMS 0x00000000ae100000| PB 0x00000000ae100000| Untracked 
| 226|0x00000000ae200000, 0x00000000ae200000, 0x00000000ae300000|  0%| F|  |TAMS 0x00000000ae200000| PB 0x00000000ae200000| Untracked 
| 227|0x00000000ae300000, 0x00000000ae300000, 0x00000000ae400000|  0%| F|  |TAMS 0x00000000ae300000| PB 0x00000000ae300000| Untracked 
| 228|0x00000000ae400000, 0x00000000ae400000, 0x00000000ae500000|  0%| F|  |TAMS 0x00000000ae400000| PB 0x00000000ae400000| Untracked 
| 229|0x00000000ae500000, 0x00000000ae500000, 0x00000000ae600000|  0%| F|  |TAMS 0x00000000ae500000| PB 0x00000000ae500000| Untracked 
| 230|0x00000000ae600000, 0x00000000ae600000, 0x00000000ae700000|  0%| F|  |TAMS 0x00000000ae600000| PB 0x00000000ae600000| Untracked 
| 231|0x00000000ae700000, 0x00000000ae700000, 0x00000000ae800000|  0%| F|  |TAMS 0x00000000ae700000| PB 0x00000000ae700000| Untracked 
|1532|0x00000000ffc00000, 0x00000000ffd00000, 0x00000000ffd00000|100%| O|  |TAMS 0x00000000ffc00000| PB 0x00000000ffc00000| Untracked 
|1533|0x00000000ffd00000, 0x00000000ffd00000, 0x00000000ffe00000|  0%| F|  |TAMS 0x00000000ffd00000| PB 0x00000000ffd00000| Untracked 
|1534|0x00000000ffe00000, 0x00000000ffe00000, 0x00000000fff00000|  0%| F|  |TAMS 0x00000000ffe00000| PB 0x00000000ffe00000| Untracked 
|1535|0x00000000fff00000, 0x0000000100000000, 0x0000000100000000|100%| O|  |TAMS 0x00000000fff00000| PB 0x00000000fff00000| Untracked 

Card table byte_map: [0x00000268b2860000,0x00000268b2b60000] _byte_map_base: 0x00000268b2360000

Marking Bits: (CMBitMap*) 0x00000268a039a360
 Bits: [0x00000268b2b60000, 0x00000268b4360000)

Polling page: 0x000002689e300000

Metaspace:

Usage:
  Non-class:     42.95 MB used.
      Class:      7.14 MB used.
       Both:     50.09 MB used.

Virtual space:
  Non-class space:       64.00 MB reserved,      43.75 MB ( 68%) committed,  1 nodes.
      Class space:        1.00 GB reserved,       7.94 MB ( <1%) committed,  1 nodes.
             Both:        1.06 GB reserved,      51.69 MB (  5%) committed. 

Chunk freelists:
   Non-Class:  4.05 MB
       Class:  7.98 MB
        Both:  12.03 MB

MaxMetaspaceSize: unlimited
CompressedClassSpaceSize: 1.00 GB
Initial GC threshold: 21.00 MB
Current GC threshold: 85.94 MB
CDS: on
 - commit_granule_bytes: 65536.
 - commit_granule_words: 8192.
 - virtual_space_node_default_size: 8388608.
 - enlarge_chunks_in_place: 1.
 - use_allocation_guard: 0.


Internal statistics:

num_allocs_failed_limit: 3.
num_arena_births: 2908.
num_arena_deaths: 4.
num_vsnodes_births: 2.
num_vsnodes_deaths: 0.
num_space_committed: 827.
num_space_uncommitted: 0.
num_chunks_returned_to_freelist: 7.
num_chunks_taken_from_freelist: 5395.
num_chunk_merges: 3.
num_chunk_splits: 3440.
num_chunks_enlarged: 2037.
num_inconsistent_stats: 0.

CodeHeap 'non-profiled nmethods': size=120000Kb used=4234Kb max_used=4579Kb free=115765Kb
 bounds [0x00000268ab030000, 0x00000268ab4b0000, 0x00000268b2560000]
CodeHeap 'profiled nmethods': size=120000Kb used=14508Kb max_used=15325Kb free=105491Kb
 bounds [0x00000268a3560000, 0x00000268a4460000, 0x00000268aaa90000]
CodeHeap 'non-nmethods': size=5760Kb used=2597Kb max_used=2694Kb free=3163Kb
 bounds [0x00000268aaa90000, 0x00000268aad40000, 0x00000268ab030000]
CodeCache: size=245760Kb, used=21339Kb, max_used=22598Kb, free=224419Kb
 total_blobs=8444, nmethods=7578, adapters=770, full_count=0
Compilation: enabled, stopped_count=0, restarted_count=0

Compilation events (20 events):
Event: 97.628 Thread 0x00000268b680d710 9278       2       org.gradle.internal.watch.vfs.impl.WatchingVirtualFileSystem::lambda$updateNotifyingListeners$1 (12 bytes)
Event: 97.628 Thread 0x00000268b680d710 nmethod 9278 0x00000268a3b64a90 code [0x00000268a3b64c60, 0x00000268a3b64ec8]
Event: 97.628 Thread 0x00000268b680d710 9279       2       org.gradle.internal.watch.vfs.impl.WatchingVirtualFileSystem$$Lambda/0x00000268b8520fb0::<init> (15 bytes)
Event: 97.628 Thread 0x00000268b680d710 nmethod 9279 0x00000268a3aaf510 code [0x00000268a3aaf6c0, 0x00000268a3aaf870]
Event: 97.628 Thread 0x00000268b680d710 9280       2       org.gradle.internal.watch.registry.impl.SnapshotCollectingDiffListener::publishSnapshotDiff (39 bytes)
Event: 97.629 Thread 0x00000268b680d710 nmethod 9280 0x00000268a4120490 code [0x00000268a4120660, 0x00000268a4120910]
Event: 97.633 Thread 0x00000268b680d710 9281       1       org.gradle.internal.logging.events.ProgressStartEvent::getProgressOperationId (5 bytes)
Event: 97.633 Thread 0x00000268b680d710 nmethod 9281 0x00000268ab29d010 code [0x00000268ab29d1a0, 0x00000268ab29d268]
Event: 97.656 Thread 0x00000268b680d710 9283       2       org.gradle.caching.internal.origin.OriginMetadata::<init> (20 bytes)
Event: 97.657 Thread 0x00000268b680d710 nmethod 9283 0x00000268a3da6590 code [0x00000268a3da6740, 0x00000268a3da6958]
Event: 97.657 Thread 0x00000268b680d710 9284       2       org.gradle.internal.execution.history.impl.DefaultExecutionOutputState::<init> (26 bytes)
Event: 97.657 Thread 0x00000268b680d710 nmethod 9284 0x00000268a3c43090 code [0x00000268a3c43240, 0x00000268a3c43410]
Event: 97.659 Thread 0x00000268b680d710 9285       2       org.gradle.internal.execution.steps.AssignImmutableWorkspaceStep$$Lambda/0x00000268b8525000::apply (10 bytes)
Event: 97.659 Thread 0x00000268b680d710 nmethod 9285 0x00000268a3d47c10 code [0x00000268a3d47dc0, 0x00000268a3d47f48]
Event: 97.660 Thread 0x00000268b680d710 9286       2       org.gradle.internal.execution.steps.AssignImmutableWorkspaceStep$$Lambda/0x00000268b8525240::apply (10 bytes)
Event: 97.660 Thread 0x00000268b680d710 nmethod 9286 0x00000268a3e7a190 code [0x00000268a3e7a340, 0x00000268a3e7a4c8]
Event: 97.663 Thread 0x00000268b680d710 9287       2       com.google.common.collect.CollectCollectors$$Lambda/0x00000268b8525b20::apply (8 bytes)
Event: 97.664 Thread 0x00000268b680d710 nmethod 9287 0x00000268a4032190 code [0x00000268a4032340, 0x00000268a40324e8]
Event: 97.664 Thread 0x00000268b680d710 9288       2       org.gradle.internal.execution.history.ImmutableWorkspaceMetadata::<init> (15 bytes)
Event: 97.665 Thread 0x00000268b680d710 nmethod 9288 0x00000268a4237110 code [0x00000268a42372c0, 0x00000268a4237470]

GC Heap History (20 events):
Event: 79.640 GC heap after
{Heap after GC invocations=35 (full 0):
 garbage-first heap   total 101376K, used 64694K [0x00000000a0000000, 0x0000000100000000)
  region size 1024K, 3 young (3072K), 3 survivors (3072K)
 Metaspace       used 50948K, committed 52544K, reserved 1114112K
  class space    used 7285K, committed 8064K, reserved 1048576K
}
Event: 80.073 GC heap before
{Heap before GC invocations=35 (full 0):
 garbage-first heap   total 101376K, used 88246K [0x00000000a0000000, 0x0000000100000000)
  region size 1024K, 26 young (26624K), 3 survivors (3072K)
 Metaspace       used 50968K, committed 52608K, reserved 1114112K
  class space    used 7285K, committed 8064K, reserved 1048576K
}
Event: 80.085 GC heap after
{Heap after GC invocations=36 (full 0):
 garbage-first heap   total 101376K, used 69949K [0x00000000a0000000, 0x0000000100000000)
  region size 1024K, 4 young (4096K), 4 survivors (4096K)
 Metaspace       used 50968K, committed 52608K, reserved 1114112K
  class space    used 7285K, committed 8064K, reserved 1048576K
}
Event: 80.342 GC heap before
{Heap before GC invocations=36 (full 0):
 garbage-first heap   total 101376K, used 88381K [0x00000000a0000000, 0x0000000100000000)
  region size 1024K, 22 young (22528K), 4 survivors (4096K)
 Metaspace       used 50977K, committed 52608K, reserved 1114112K
  class space    used 7285K, committed 8064K, reserved 1048576K
}
Event: 80.356 GC heap after
{Heap after GC invocations=37 (full 0):
 garbage-first heap   total 241664K, used 71396K [0x00000000a0000000, 0x0000000100000000)
  region size 1024K, 1 young (1024K), 1 survivors (1024K)
 Metaspace       used 50977K, committed 52608K, reserved 1114112K
  class space    used 7285K, committed 8064K, reserved 1048576K
}
Event: 88.804 GC heap before
{Heap before GC invocations=38 (full 0):
 garbage-first heap   total 239616K, used 192228K [0x00000000a0000000, 0x0000000100000000)
  region size 1024K, 120 young (122880K), 1 survivors (1024K)
 Metaspace       used 51014K, committed 52672K, reserved 1114112K
  class space    used 7284K, committed 8064K, reserved 1048576K
}
Event: 88.875 GC heap after
{Heap after GC invocations=39 (full 0):
 garbage-first heap   total 239616K, used 85320K [0x00000000a0000000, 0x0000000100000000)
  region size 1024K, 15 young (15360K), 15 survivors (15360K)
 Metaspace       used 51014K, committed 52672K, reserved 1114112K
  class space    used 7284K, committed 8064K, reserved 1048576K
}
Event: 90.547 GC heap before
{Heap before GC invocations=39 (full 0):
 garbage-first heap   total 239616K, used 189768K [0x00000000a0000000, 0x0000000100000000)
  region size 1024K, 118 young (120832K), 15 survivors (15360K)
 Metaspace       used 51147K, committed 52800K, reserved 1114112K
  class space    used 7308K, committed 8128K, reserved 1048576K
}
Event: 90.632 GC heap after
{Heap after GC invocations=40 (full 0):
 garbage-first heap   total 239616K, used 84420K [0x00000000a0000000, 0x0000000100000000)
  region size 1024K, 2 young (2048K), 2 survivors (2048K)
 Metaspace       used 51147K, committed 52800K, reserved 1114112K
  class space    used 7308K, committed 8128K, reserved 1048576K
}
Event: 91.670 GC heap before
{Heap before GC invocations=40 (full 0):
 garbage-first heap   total 239616K, used 200132K [0x00000000a0000000, 0x0000000100000000)
  region size 1024K, 115 young (117760K), 2 survivors (2048K)
 Metaspace       used 51167K, committed 52800K, reserved 1114112K
  class space    used 7308K, committed 8128K, reserved 1048576K
}
Event: 91.681 GC heap after
{Heap after GC invocations=41 (full 0):
 garbage-first heap   total 239616K, used 85103K [0x00000000a0000000, 0x0000000100000000)
  region size 1024K, 3 young (3072K), 3 survivors (3072K)
 Metaspace       used 51167K, committed 52800K, reserved 1114112K
  class space    used 7308K, committed 8128K, reserved 1048576K
}
Event: 93.717 GC heap before
{Heap before GC invocations=42 (full 0):
 garbage-first heap   total 239616K, used 210243K [0x00000000a0000000, 0x0000000100000000)
  region size 1024K, 127 young (130048K), 3 survivors (3072K)
 Metaspace       used 51173K, committed 52800K, reserved 1114112K
  class space    used 7308K, committed 8128K, reserved 1048576K
}
Event: 93.721 GC heap after
{Heap after GC invocations=43 (full 0):
 garbage-first heap   total 239616K, used 84881K [0x00000000a0000000, 0x0000000100000000)
  region size 1024K, 4 young (4096K), 4 survivors (4096K)
 Metaspace       used 51173K, committed 52800K, reserved 1114112K
  class space    used 7308K, committed 8128K, reserved 1048576K
}
Event: 94.650 GC heap before
{Heap before GC invocations=43 (full 0):
 garbage-first heap   total 239616K, used 216977K [0x00000000a0000000, 0x0000000100000000)
  region size 1024K, 133 young (136192K), 4 survivors (4096K)
 Metaspace       used 51181K, committed 52800K, reserved 1114112K
  class space    used 7308K, committed 8128K, reserved 1048576K
}
Event: 94.681 GC heap after
{Heap after GC invocations=44 (full 0):
 garbage-first heap   total 239616K, used 82892K [0x00000000a0000000, 0x0000000100000000)
  region size 1024K, 5 young (5120K), 5 survivors (5120K)
 Metaspace       used 51181K, committed 52800K, reserved 1114112K
  class space    used 7308K, committed 8128K, reserved 1048576K
}
Event: 95.938 GC heap before
{Heap before GC invocations=44 (full 0):
 garbage-first heap   total 239616K, used 221132K [0x00000000a0000000, 0x0000000100000000)
  region size 1024K, 140 young (143360K), 5 survivors (5120K)
 Metaspace       used 51228K, committed 52864K, reserved 1114112K
  class space    used 7308K, committed 8128K, reserved 1048576K
}
Event: 95.975 GC heap after
{Heap after GC invocations=45 (full 0):
 garbage-first heap   total 239616K, used 85282K [0x00000000a0000000, 0x0000000100000000)
  region size 1024K, 7 young (7168K), 7 survivors (7168K)
 Metaspace       used 51228K, committed 52864K, reserved 1114112K
  class space    used 7308K, committed 8128K, reserved 1048576K
}
Event: 96.945 GC heap before
{Heap before GC invocations=46 (full 0):
 garbage-first heap   total 239616K, used 221474K [0x00000000a0000000, 0x0000000100000000)
  region size 1024K, 140 young (143360K), 7 survivors (7168K)
 Metaspace       used 51262K, committed 52864K, reserved 1114112K
  class space    used 7312K, committed 8128K, reserved 1048576K
}
Event: 96.954 GC heap after
{Heap after GC invocations=47 (full 0):
 garbage-first heap   total 239616K, used 86468K [0x00000000a0000000, 0x0000000100000000)
  region size 1024K, 8 young (8192K), 8 survivors (8192K)
 Metaspace       used 51262K, committed 52864K, reserved 1114112K
  class space    used 7312K, committed 8128K, reserved 1048576K
}
Event: 97.702 GC heap before
{Heap before GC invocations=47 (full 0):
 garbage-first heap   total 239616K, used 221636K [0x00000000a0000000, 0x0000000100000000)
  region size 1024K, 140 young (143360K), 8 survivors (8192K)
 Metaspace       used 51293K, committed 52928K, reserved 1114112K
  class space    used 7312K, committed 8128K, reserved 1048576K
}

Dll operation events (14 events):
Event: 0.028 Loaded shared library C:\Users\System Bilgisayar\.vscode\extensions\redhat.java-1.54.0-win32-x64\jre\21.0.10-win32-x86_64\bin\java.dll
Event: 0.082 Loaded shared library C:\Users\System Bilgisayar\.vscode\extensions\redhat.java-1.54.0-win32-x64\jre\21.0.10-win32-x86_64\bin\zip.dll
Event: 0.240 Loaded shared library C:\Users\System Bilgisayar\.vscode\extensions\redhat.java-1.54.0-win32-x64\jre\21.0.10-win32-x86_64\bin\instrument.dll
Event: 0.263 Loaded shared library C:\Users\System Bilgisayar\.vscode\extensions\redhat.java-1.54.0-win32-x64\jre\21.0.10-win32-x86_64\bin\net.dll
Event: 0.276 Loaded shared library C:\Users\System Bilgisayar\.vscode\extensions\redhat.java-1.54.0-win32-x64\jre\21.0.10-win32-x86_64\bin\nio.dll
Event: 0.282 Loaded shared library C:\Users\System Bilgisayar\.vscode\extensions\redhat.java-1.54.0-win32-x64\jre\21.0.10-win32-x86_64\bin\zip.dll
Event: 1.406 Loaded shared library C:\Users\System Bilgisayar\.vscode\extensions\redhat.java-1.54.0-win32-x64\jre\21.0.10-win32-x86_64\bin\jimage.dll
Event: 1.891 Loaded shared library C:\Users\System Bilgisayar\.vscode\extensions\redhat.java-1.54.0-win32-x64\jre\21.0.10-win32-x86_64\bin\verify.dll
Event: 2.217 Loaded shared library C:\Users\System Bilgisayar\.gradle\native\c067742578af261105cb4f569cf0c3c89f3d7b1fecec35dd04571415982c5e48\windows-amd64\native-platform.dll
Event: 2.236 Loaded shared library C:\Users\System Bilgisayar\.gradle\native\100fb08df4bc3b14c8652ba06237920a3bd2aa13389f12d3474272988ae205f9\windows-amd64\native-platform-file-events.dll
Event: 18.715 Loaded shared library C:\Users\System Bilgisayar\.vscode\extensions\redhat.java-1.54.0-win32-x64\jre\21.0.10-win32-x86_64\bin\management.dll
Event: 18.734 Loaded shared library C:\Users\System Bilgisayar\.vscode\extensions\redhat.java-1.54.0-win32-x64\jre\21.0.10-win32-x86_64\bin\management_ext.dll
Event: 20.648 Loaded shared library C:\Users\System Bilgisayar\.vscode\extensions\redhat.java-1.54.0-win32-x64\jre\21.0.10-win32-x86_64\bin\extnet.dll
Event: 21.685 Loaded shared library C:\Users\System Bilgisayar\.vscode\extensions\redhat.java-1.54.0-win32-x64\jre\21.0.10-win32-x86_64\bin\sunmscapi.dll

Deoptimization events (20 events):
Event: 96.113 Thread 0x00000268ffc1b770 DEOPT PACKING pc=0x00000268a4401b3a sp=0x0000008c220fa590
Event: 96.113 Thread 0x00000268ffc1b770 DEOPT UNPACKING pc=0x00000268aaae4bc2 sp=0x0000008c220f9ca0 mode 0
Event: 96.122 Thread 0x00000268ffc1b770 DEOPT PACKING pc=0x00000268a4401b3a sp=0x0000008c220fa590
Event: 96.122 Thread 0x00000268ffc1b770 DEOPT UNPACKING pc=0x00000268aaae4bc2 sp=0x0000008c220f9ca0 mode 0
Event: 96.139 Thread 0x00000268ffc1b770 DEOPT PACKING pc=0x00000268a4402cc9 sp=0x0000008c220fa590
Event: 96.139 Thread 0x00000268ffc1b770 DEOPT UNPACKING pc=0x00000268aaae4bc2 sp=0x0000008c220f9ca0 mode 0
Event: 96.165 Thread 0x00000268ffc196a0 DEOPT PACKING pc=0x00000268a4402cc9 sp=0x0000008c221fa5f0
Event: 96.165 Thread 0x00000268ffc196a0 DEOPT UNPACKING pc=0x00000268aaae4bc2 sp=0x0000008c221f9d00 mode 0
Event: 96.920 Thread 0x00000268fd6211e0 Uncommon trap: trap_request=0xffffff76 fr.pc=0x00000268ab377470 relative=0x00000000000001b0
Event: 96.921 Thread 0x00000268fd6211e0 Uncommon trap: reason=predicate action=maybe_recompile pc=0x00000268ab377470 method=java.util.Collections.indexedBinarySearch(Ljava/util/List;Ljava/lang/Object;)I @ 13 c2
Event: 96.921 Thread 0x00000268fd6211e0 DEOPT PACKING pc=0x00000268ab377470 sp=0x0000008c20cfe2e0
Event: 96.921 Thread 0x00000268fd6211e0 DEOPT UNPACKING pc=0x00000268aaae4422 sp=0x0000008c20cfe260 mode 2
Event: 97.161 Thread 0x00000268b68b73d0 Uncommon trap: trap_request=0xffffff45 fr.pc=0x00000268ab494d70 relative=0x0000000000002ed0
Event: 97.161 Thread 0x00000268b68b73d0 Uncommon trap: reason=unstable_if action=reinterpret pc=0x00000268ab494d70 method=org.gradle.internal.classpath.generated.InterceptorDeclaration_ConfigCacheJvmBytecode.visitMethodInsn(Ljava/lang/String;ILjava/lang/String;Ljava/lang/String;Ljava/lang/Strin
Event: 97.161 Thread 0x00000268b68b73d0 DEOPT PACKING pc=0x00000268ab494d70 sp=0x0000008c208f4630
Event: 97.161 Thread 0x00000268b68b73d0 DEOPT UNPACKING pc=0x00000268aaae4422 sp=0x0000008c208f4598 mode 2
Event: 97.221 Thread 0x00000268b68b73d0 Uncommon trap: trap_request=0xffffffde fr.pc=0x00000268ab0dd9e0 relative=0x0000000000000360
Event: 97.221 Thread 0x00000268b68b73d0 Uncommon trap: reason=class_check action=maybe_recompile pc=0x00000268ab0dd9e0 method=java.io.BufferedOutputStream.implWrite([BII)V @ 19 c2
Event: 97.221 Thread 0x00000268b68b73d0 DEOPT PACKING pc=0x00000268ab0dd9e0 sp=0x0000008c208f4ed0
Event: 97.221 Thread 0x00000268b68b73d0 DEOPT UNPACKING pc=0x00000268aaae4422 sp=0x0000008c208f4e68 mode 2

Classes loaded (20 events):
Event: 78.303 Loading class sun/nio/ch/ChannelOutputStream
Event: 78.303 Loading class sun/nio/ch/ChannelOutputStream done
Event: 78.305 Loading class java/nio/charset/UnsupportedCharsetException
Event: 78.307 Loading class java/nio/charset/UnsupportedCharsetException done
Event: 78.314 Loading class java/util/Collections$UnmodifiableSortedMap
Event: 78.315 Loading class java/util/Collections$UnmodifiableSortedMap done
Event: 78.317 Loading class java/util/zip/Deflater
Event: 78.318 Loading class java/util/zip/Deflater done
Event: 78.335 Loading class java/util/zip/Deflater$DeflaterZStreamRef
Event: 78.336 Loading class java/util/zip/Deflater$DeflaterZStreamRef done
Event: 78.349 Loading class java/util/zip/ZipFile$ZipEntryIterator
Event: 78.350 Loading class java/util/zip/ZipFile$ZipEntryIterator done
Event: 78.393 Loading class java/util/zip/ZipInputStream
Event: 78.396 Loading class java/util/zip/ZipInputStream done
Event: 78.592 Loading class java/nio/StringCharBuffer
Event: 78.594 Loading class java/nio/StringCharBuffer done
Event: 89.868 Loading class java/nio/file/StandardCopyOption
Event: 89.873 Loading class java/nio/file/StandardCopyOption done
Event: 89.873 Loading class sun/nio/fs/WindowsFileCopy
Event: 89.893 Loading class sun/nio/fs/WindowsFileCopy done

Classes unloaded (2 events):
Event: 81.669 Thread 0x00000268a041ec10 Unloading class 0x00000268b87e4400 'java/lang/invoke/LambdaForm$DMH+0x00000268b87e4400'
Event: 81.669 Thread 0x00000268a041ec10 Unloading class 0x00000268b87d8400 'java/lang/invoke/LambdaForm$DMH+0x00000268b87d8400'

Classes redefined (0 events):
No events

Internal exceptions (20 events):
Event: 60.914 Thread 0x00000268b68b73d0 Exception <a 'java/lang/NoSuchMethodError'{0x00000000a35c2e18}: 'java.lang.Object java.lang.invoke.DirectMethodHandle$Holder.invokeSpecial(java.lang.Object, java.lang.Object, long, java.lang.Object, java.lang.Object)'> (0x00000000a35c2e18) 
thrown [s\src\hotspot\share\interpreter\linkResolver.cpp, line 773]
Event: 62.063 Thread 0x00000268b68b73d0 Exception <a 'java/lang/NoSuchMethodError'{0x00000000a2fbba88}: 'int java.lang.invoke.DirectMethodHandle$Holder.invokeSpecialIFC(java.lang.Object, java.lang.Object, java.lang.Object)'> (0x00000000a2fbba88) 
thrown [s\src\hotspot\share\interpreter\linkResolver.cpp, line 773]
Event: 65.527 Thread 0x00000268b68b73d0 Exception <a 'java/lang/NoSuchMethodError'{0x00000000a36b9218}: 'java.lang.Object java.lang.invoke.DirectMethodHandle$Holder.invokeSpecial(java.lang.Object, java.lang.Object, java.lang.Object, java.lang.Object, java.lang.Object, long)'> (0x00000000a36b9218) 
thrown [s\src\hotspot\share\interpreter\linkResolver.cpp, line 773]
Event: 65.542 Thread 0x00000268b68b73d0 Exception <a 'java/lang/NoSuchMethodError'{0x00000000a36dec88}: 'void java.lang.invoke.DirectMethodHandle$Holder.invokeStatic(java.lang.Object, java.lang.Object, java.lang.Object, int, java.lang.Object)'> (0x00000000a36dec88) 
thrown [s\src\hotspot\share\interpreter\linkResolver.cpp, line 773]
Event: 66.875 Thread 0x00000268b68b73d0 Exception <a 'java/lang/NoSuchMethodError'{0x00000000a3f80660}: 'java.lang.Object java.lang.invoke.DirectMethodHandle$Holder.newInvokeSpecial(java.lang.Object, java.lang.Object, java.lang.Object, java.lang.Object, int, java.lang.Object)'> (0x00000000a3f80660) 
thrown [s\src\hotspot\share\interpreter\linkResolver.cpp, line 773]
Event: 66.876 Thread 0x00000268b68b73d0 Exception <a 'java/lang/NoSuchMethodError'{0x00000000a3f88c40}: 'java.lang.Object java.lang.invoke.Invokers$Holder.linkToTargetMethod(java.lang.Object, java.lang.Object, java.lang.Object, int, java.lang.Object, java.lang.Object)'> (0x00000000a3f88c40) 
thrown [s\src\hotspot\share\interpreter\linkResolver.cpp, line 773]
Event: 77.448 Thread 0x00000268b68b73d0 Exception <a 'java/lang/NoSuchMethodError'{0x00000000a35aad08}: 'java.lang.Object java.lang.invoke.DirectMethodHandle$Holder.invokeSpecialIFC(java.lang.Object, java.lang.Object, java.lang.Object)'> (0x00000000a35aad08) 
thrown [s\src\hotspot\share\interpreter\linkResolver.cpp, line 773]
Event: 77.945 Thread 0x00000268ffc19010 Exception <a 'java/lang/IncompatibleClassChangeError'{0x00000000a4d5bda0}: Found class java.lang.Object, but interface was expected> (0x00000000a4d5bda0) 
thrown [s\src\hotspot\share\interpreter\linkResolver.cpp, line 840]
Event: 78.061 Thread 0x00000268ffc196a0 Exception <a 'java/lang/NoSuchMethodError'{0x00000000a4ce6910}: 'void java.lang.invoke.DirectMethodHandle$Holder.invokeVirtual(java.lang.Object, java.lang.Object)'> (0x00000000a4ce6910) 
thrown [s\src\hotspot\share\interpreter\linkResolver.cpp, line 773]
Event: 78.069 Thread 0x00000268ffc19010 Exception <a 'java/lang/NoSuchMethodError'{0x00000000a4cee790}: 'void java.lang.invoke.DirectMethodHandle$Holder.invokeVirtual(java.lang.Object, java.lang.Object)'> (0x00000000a4cee790) 
thrown [s\src\hotspot\share\interpreter\linkResolver.cpp, line 773]
Event: 78.242 Thread 0x00000268ffc1b770 Exception <a 'java/lang/NoSuchMethodError'{0x00000000a42cc980}: 'void java.lang.invoke.DirectMethodHandle$Holder.invokeInterface(java.lang.Object, java.lang.Object, java.lang.Object, java.lang.Object)'> (0x00000000a42cc980) 
thrown [s\src\hotspot\share\interpreter\linkResolver.cpp, line 773]
Event: 78.243 Thread 0x00000268ffc196a0 Exception <a 'java/lang/NoSuchMethodError'{0x00000000a41a8248}: 'void java.lang.invoke.DirectMethodHandle$Holder.invokeInterface(java.lang.Object, java.lang.Object, java.lang.Object, java.lang.Object)'> (0x00000000a41a8248) 
thrown [s\src\hotspot\share\interpreter\linkResolver.cpp, line 773]
Event: 78.244 Thread 0x00000268ffc196a0 Exception <a 'sun/nio/fs/WindowsException'{0x00000000a41c34b0}> (0x00000000a41c34b0) 
thrown [s\src\hotspot\share\prims\jni.cpp, line 520]
Event: 78.245 Thread 0x00000268ffc1b770 Exception <a 'sun/nio/fs/WindowsException'{0x00000000a41c01b8}> (0x00000000a41c01b8) 
thrown [s\src\hotspot\share\prims\jni.cpp, line 520]
Event: 78.334 Thread 0x00000268ffc19010 Exception <a 'sun/nio/fs/WindowsException'{0x00000000a3d98000}> (0x00000000a3d98000) 
thrown [s\src\hotspot\share\prims\jni.cpp, line 520]
Event: 78.354 Thread 0x00000268ffc19010 Implicit null exception at 0x00000268ab0978ef to 0x00000268ab098488
Event: 89.966 Thread 0x00000268b68b73d0 Exception <a 'sun/nio/fs/WindowsException'{0x00000000ab40f9a0}> (0x00000000ab40f9a0) 
thrown [s\src\hotspot\share\prims\jni.cpp, line 520]
Event: 90.070 Thread 0x00000268b68b73d0 Exception <a 'sun/nio/fs/WindowsException'{0x00000000aa801208}> (0x00000000aa801208) 
thrown [s\src\hotspot\share\prims\jni.cpp, line 520]
Event: 94.532 Thread 0x00000268b68b73d0 Exception <a 'sun/nio/fs/WindowsException'{0x00000000ab911d38}> (0x00000000ab911d38) 
thrown [s\src\hotspot\share\prims\jni.cpp, line 520]
Event: 97.108 Thread 0x00000268b68b73d0 Exception <a 'sun/nio/fs/WindowsException'{0x00000000aca83588}> (0x00000000aca83588) 
thrown [s\src\hotspot\share\prims\jni.cpp, line 520]

ZGC Phase Switch (0 events):
No events

VM Operations (20 events):
Event: 93.431 Executing safepoint VM operation: Cleanup done
Event: 93.714 Executing safepoint VM operation: G1CollectForAllocation (G1 Evacuation Pause)
Event: 93.714 Executing safepoint VM operation: G1CollectForAllocation (G1 Evacuation Pause) done
Event: 93.717 Executing safepoint VM operation: G1CollectForAllocation (GCLocker Initiated GC)
Event: 93.721 Executing safepoint VM operation: G1CollectForAllocation (GCLocker Initiated GC) done
Event: 94.649 Executing safepoint VM operation: G1CollectForAllocation (G1 Evacuation Pause)
Event: 94.650 Executing safepoint VM operation: G1CollectForAllocation (G1 Evacuation Pause) done
Event: 94.650 Executing safepoint VM operation: G1CollectForAllocation (GCLocker Initiated GC)
Event: 94.681 Executing safepoint VM operation: G1CollectForAllocation (GCLocker Initiated GC) done
Event: 95.689 Executing safepoint VM operation: Cleanup
Event: 95.705 Executing safepoint VM operation: Cleanup done
Event: 95.915 Executing safepoint VM operation: G1CollectForAllocation (G1 Evacuation Pause)
Event: 95.975 Executing safepoint VM operation: G1CollectForAllocation (G1 Evacuation Pause) done
Event: 96.816 Executing safepoint VM operation: G1PauseRemark
Event: 96.838 Executing safepoint VM operation: G1PauseRemark done
Event: 96.935 Executing safepoint VM operation: G1PauseCleanup
Event: 96.936 Executing safepoint VM operation: G1PauseCleanup done
Event: 96.945 Executing safepoint VM operation: G1CollectForAllocation (G1 Evacuation Pause)
Event: 96.954 Executing safepoint VM operation: G1CollectForAllocation (G1 Evacuation Pause) done
Event: 97.688 Executing safepoint VM operation: G1CollectForAllocation (G1 Evacuation Pause)

Memory protections (0 events):
No events

Nmethod flushes (20 events):
Event: 96.837 Thread 0x00000268a041ec10 flushing  nmethod 0x00000268a40fbe10
Event: 96.837 Thread 0x00000268a041ec10 flushing  nmethod 0x00000268a412f110
Event: 96.837 Thread 0x00000268a041ec10 flushing  nmethod 0x00000268a4254610
Event: 96.837 Thread 0x00000268a041ec10 flushing  nmethod 0x00000268a4256190
Event: 96.837 Thread 0x00000268a041ec10 flushing  nmethod 0x00000268a425e090
Event: 96.837 Thread 0x00000268a041ec10 flushing  nmethod 0x00000268a425e490
Event: 96.837 Thread 0x00000268a041ec10 flushing  nmethod 0x00000268a4282a10
Event: 96.837 Thread 0x00000268a041ec10 flushing  nmethod 0x00000268a4282e90
Event: 96.837 Thread 0x00000268a041ec10 flushing  nmethod 0x00000268a4283c90
Event: 96.837 Thread 0x00000268a041ec10 flushing  nmethod 0x00000268a4284890
Event: 96.837 Thread 0x00000268a041ec10 flushing  nmethod 0x00000268a4285390
Event: 96.837 Thread 0x00000268a041ec10 flushing  nmethod 0x00000268a42ea590
Event: 96.837 Thread 0x00000268a041ec10 flushing  nmethod 0x00000268a4309c10
Event: 96.837 Thread 0x00000268a041ec10 flushing  nmethod 0x00000268a430bc90
Event: 96.837 Thread 0x00000268a041ec10 flushing  nmethod 0x00000268a4343610
Event: 96.837 Thread 0x00000268a041ec10 flushing  nmethod 0x00000268a4343a10
Event: 96.837 Thread 0x00000268a041ec10 flushing  nmethod 0x00000268a4343f90
Event: 96.837 Thread 0x00000268a041ec10 flushing  nmethod 0x00000268a434ae10
Event: 96.837 Thread 0x00000268a041ec10 flushing  nmethod 0x00000268a43aef10
Event: 96.837 Thread 0x00000268a041ec10 flushing  nmethod 0x00000268a43c9410

Events (20 events):
Event: 28.755 Thread 0x00000268fd622c20 Thread added: 0x00000268fe8d53a0
Event: 29.213 Thread 0x00000268b68b73d0 Thread added: 0x00000268fe8daf80
Event: 29.225 Thread 0x00000268b68b73d0 Thread added: 0x00000268fe8db610
Event: 30.126 Thread 0x00000268b68b73d0 Thread added: 0x00000268fe8d8eb0
Event: 30.342 Thread 0x00000268b68b73d0 Thread added: 0x00000268fe8d4d10
Event: 31.185 Thread 0x00000268b68b73d0 Thread added: 0x00000268fe8d6de0
Event: 31.795 Thread 0x00000268b68b73d0 Thread added: 0x00000268fe8d5a30
Event: 32.962 Thread 0x00000268b68b73d0 Thread added: 0x00000268fe8dc330
Event: 33.113 Thread 0x00000268b68b73d0 Thread added: 0x00000268fe8d8190
Event: 45.665 Thread 0x00000268b68b73d0 Thread added: 0x00000268fe8dbca0
Event: 48.835 Thread 0x00000268b68b73d0 Thread added: 0x00000268fe8d7470
Event: 65.912 Thread 0x00000268b68b73d0 Thread added: 0x00000268fe8d7b00
Event: 65.915 Thread 0x00000268b68b73d0 Thread added: 0x00000268fe8da260
Event: 65.923 Thread 0x00000268b68b73d0 Thread added: 0x00000268fe8da8f0
Event: 67.096 Thread 0x00000268b68b73d0 Thread added: 0x00000268fe8d6750
Event: 67.103 Thread 0x00000268b68b73d0 Thread added: 0x00000268ffc1cb20
Event: 67.106 Thread 0x00000268b68b73d0 Thread added: 0x00000268ffc18980
Event: 77.449 Thread 0x00000268b68b73d0 Thread added: 0x00000268ffc19010
Event: 77.450 Thread 0x00000268b68b73d0 Thread added: 0x00000268ffc1b770
Event: 77.451 Thread 0x00000268b68b73d0 Thread added: 0x00000268ffc196a0


Dynamic libraries:
0x00007ff648e20000 - 0x00007ff648e2e000 	C:\Users\System Bilgisayar\.vscode\extensions\redhat.java-1.54.0-win32-x64\jre\21.0.10-win32-x86_64\bin\java.exe
0x00007ffa034d0000 - 0x00007ffa036c8000 	C:\WINDOWS\SYSTEM32\ntdll.dll
0x00007ffa020b0000 - 0x00007ffa02172000 	C:\WINDOWS\System32\KERNEL32.DLL
0x00007ffa011f0000 - 0x00007ffa014e6000 	C:\WINDOWS\System32\KERNELBASE.dll
0x00007ffa00b60000 - 0x00007ffa00c60000 	C:\WINDOWS\System32\ucrtbase.dll
0x00007ff9e8b50000 - 0x00007ff9e8b68000 	C:\Users\System Bilgisayar\.vscode\extensions\redhat.java-1.54.0-win32-x64\jre\21.0.10-win32-x86_64\bin\jli.dll
0x00007ff9e9640000 - 0x00007ff9e965e000 	C:\Users\System Bilgisayar\.vscode\extensions\redhat.java-1.54.0-win32-x64\jre\21.0.10-win32-x86_64\bin\VCRUNTIME140.dll
0x00007ffa016e0000 - 0x00007ffa01881000 	C:\WINDOWS\System32\USER32.dll
0x00007ffa00db0000 - 0x00007ffa00dd2000 	C:\WINDOWS\System32\win32u.dll
0x00007ffa014f0000 - 0x00007ffa0151b000 	C:\WINDOWS\System32\GDI32.dll
0x00007ffa00f40000 - 0x00007ffa01059000 	C:\WINDOWS\System32\gdi32full.dll
0x00007ffa00c60000 - 0x00007ffa00cfd000 	C:\WINDOWS\System32\msvcp_win.dll
0x00007ff9f0bc0000 - 0x00007ff9f0e5b000 	C:\WINDOWS\WinSxS\amd64_microsoft.windows.common-controls_6595b64144ccf1df_6.0.19041.6456_none_60b8a6cb71f64256\COMCTL32.dll
0x00007ffa032d0000 - 0x00007ffa0336e000 	C:\WINDOWS\System32\msvcrt.dll
0x00007ffa03240000 - 0x00007ffa0326f000 	C:\WINDOWS\System32\IMM32.DLL
0x00007ff9f9b00000 - 0x00007ff9f9b0c000 	C:\Users\System Bilgisayar\.vscode\extensions\redhat.java-1.54.0-win32-x64\jre\21.0.10-win32-x86_64\bin\vcruntime140_1.dll
0x00007ff9deef0000 - 0x00007ff9def7d000 	C:\Users\System Bilgisayar\.vscode\extensions\redhat.java-1.54.0-win32-x64\jre\21.0.10-win32-x86_64\bin\msvcp140.dll
0x00007ff9ae790000 - 0x00007ff9af531000 	C:\Users\System Bilgisayar\.vscode\extensions\redhat.java-1.54.0-win32-x64\jre\21.0.10-win32-x86_64\bin\server\jvm.dll
0x00007ffa01590000 - 0x00007ffa01641000 	C:\WINDOWS\System32\ADVAPI32.dll
0x00007ffa02010000 - 0x00007ffa020af000 	C:\WINDOWS\System32\sechost.dll
0x00007ffa03370000 - 0x00007ffa03490000 	C:\WINDOWS\System32\RPCRT4.dll
0x00007ffa011c0000 - 0x00007ffa011e7000 	C:\WINDOWS\System32\bcrypt.dll
0x00007ffa02fd0000 - 0x00007ffa0303b000 	C:\WINDOWS\System32\WS2_32.dll
0x00007ffa000f0000 - 0x00007ffa0013b000 	C:\WINDOWS\SYSTEM32\POWRPROF.dll
0x00007ff9f88d0000 - 0x00007ff9f88da000 	C:\WINDOWS\SYSTEM32\VERSION.dll
0x00007ff9f1090000 - 0x00007ff9f10b7000 	C:\WINDOWS\SYSTEM32\WINMM.dll
0x00007ff9fff60000 - 0x00007ff9fff72000 	C:\WINDOWS\SYSTEM32\UMPDC.dll
0x00007ff9ff370000 - 0x00007ff9ff382000 	C:\WINDOWS\SYSTEM32\kernel.appcore.dll
0x00007ff9f9250000 - 0x00007ff9f925a000 	C:\Users\System Bilgisayar\.vscode\extensions\redhat.java-1.54.0-win32-x64\jre\21.0.10-win32-x86_64\bin\jimage.dll
0x00007ff9fe8b0000 - 0x00007ff9feab1000 	C:\WINDOWS\SYSTEM32\DBGHELP.DLL
0x00007ff9eafe0000 - 0x00007ff9eb014000 	C:\WINDOWS\SYSTEM32\dbgcore.DLL
0x00007ffa01130000 - 0x00007ffa011b2000 	C:\WINDOWS\System32\bcryptPrimitives.dll
0x00007ff9fd4d0000 - 0x00007ff9fd4df000 	C:\Users\System Bilgisayar\.vscode\extensions\redhat.java-1.54.0-win32-x64\jre\21.0.10-win32-x86_64\bin\instrument.dll
0x00007ff9e7bb0000 - 0x00007ff9e7bd0000 	C:\Users\System Bilgisayar\.vscode\extensions\redhat.java-1.54.0-win32-x64\jre\21.0.10-win32-x86_64\bin\java.dll
0x00007ffa023f0000 - 0x00007ffa02b60000 	C:\WINDOWS\System32\SHELL32.dll
0x00007ff9febb0000 - 0x00007ff9ff355000 	C:\WINDOWS\SYSTEM32\windows.storage.dll
0x00007ffa018f0000 - 0x00007ffa01c44000 	C:\WINDOWS\System32\combase.dll
0x00007ffa00590000 - 0x00007ffa005bb000 	C:\WINDOWS\SYSTEM32\Wldp.dll
0x00007ffa03170000 - 0x00007ffa0323d000 	C:\WINDOWS\System32\OLEAUT32.dll
0x00007ffa02330000 - 0x00007ffa023dd000 	C:\WINDOWS\System32\SHCORE.dll
0x00007ffa03270000 - 0x00007ffa032cb000 	C:\WINDOWS\System32\shlwapi.dll
0x00007ffa00a90000 - 0x00007ffa00ab4000 	C:\WINDOWS\SYSTEM32\profapi.dll
0x00007ff9e7b90000 - 0x00007ff9e7ba8000 	C:\Users\System Bilgisayar\.vscode\extensions\redhat.java-1.54.0-win32-x64\jre\21.0.10-win32-x86_64\bin\zip.dll
0x00007ff9f90a0000 - 0x00007ff9f90b0000 	C:\Users\System Bilgisayar\.vscode\extensions\redhat.java-1.54.0-win32-x64\jre\21.0.10-win32-x86_64\bin\net.dll
0x00007ff9fa2e0000 - 0x00007ff9fa3ea000 	C:\WINDOWS\SYSTEM32\WINHTTP.dll
0x00007ffa002f0000 - 0x00007ffa0035a000 	C:\WINDOWS\system32\mswsock.dll
0x00007ff9e6570000 - 0x00007ff9e6586000 	C:\Users\System Bilgisayar\.vscode\extensions\redhat.java-1.54.0-win32-x64\jre\21.0.10-win32-x86_64\bin\nio.dll
0x00007ff9fcb50000 - 0x00007ff9fcb60000 	C:\Users\System Bilgisayar\.vscode\extensions\redhat.java-1.54.0-win32-x64\jre\21.0.10-win32-x86_64\bin\verify.dll
0x00007ff9e9ca0000 - 0x00007ff9e9cc7000 	C:\Users\System Bilgisayar\.gradle\native\c067742578af261105cb4f569cf0c3c89f3d7b1fecec35dd04571415982c5e48\windows-amd64\native-platform.dll
0x00007ff9c3870000 - 0x00007ff9c39b4000 	C:\Users\System Bilgisayar\.gradle\native\100fb08df4bc3b14c8652ba06237920a3bd2aa13389f12d3474272988ae205f9\windows-amd64\native-platform-file-events.dll
0x00007ff9eef30000 - 0x00007ff9eef3a000 	C:\Users\System Bilgisayar\.vscode\extensions\redhat.java-1.54.0-win32-x64\jre\21.0.10-win32-x86_64\bin\management.dll
0x00007ff9eef20000 - 0x00007ff9eef2c000 	C:\Users\System Bilgisayar\.vscode\extensions\redhat.java-1.54.0-win32-x64\jre\21.0.10-win32-x86_64\bin\management_ext.dll
0x00007ffa02000000 - 0x00007ffa02008000 	C:\WINDOWS\System32\PSAPI.DLL
0x00007ffa004f0000 - 0x00007ffa00508000 	C:\WINDOWS\SYSTEM32\CRYPTSP.dll
0x00007ff9ffba0000 - 0x00007ff9ffbd8000 	C:\WINDOWS\system32\rsaenh.dll
0x00007ffa00a10000 - 0x00007ffa00a3e000 	C:\WINDOWS\SYSTEM32\USERENV.dll
0x00007ffa004e0000 - 0x00007ffa004ec000 	C:\WINDOWS\SYSTEM32\CRYPTBASE.dll
0x00007ff9fff80000 - 0x00007ff9fffbb000 	C:\WINDOWS\SYSTEM32\IPHLPAPI.DLL
0x00007ffa01580000 - 0x00007ffa01588000 	C:\WINDOWS\System32\NSI.dll
0x00007ff9fac10000 - 0x00007ff9fac19000 	C:\Users\System Bilgisayar\.vscode\extensions\redhat.java-1.54.0-win32-x64\jre\21.0.10-win32-x86_64\bin\extnet.dll
0x00007ff9fac30000 - 0x00007ff9fac3e000 	C:\Users\System Bilgisayar\.vscode\extensions\redhat.java-1.54.0-win32-x64\jre\21.0.10-win32-x86_64\bin\sunmscapi.dll
0x00007ffa00de0000 - 0x00007ffa00f3d000 	C:\WINDOWS\System32\CRYPT32.dll
0x00007ffa00600000 - 0x00007ffa00627000 	C:\WINDOWS\SYSTEM32\ncrypt.dll
0x00007ffa005c0000 - 0x00007ffa005fb000 	C:\WINDOWS\SYSTEM32\NTASN1.dll
0x00007ff9fac20000 - 0x00007ff9fac27000 	C:\WINDOWS\system32\wshunix.dll

JVMTI agents:
C:\Users\System Bilgisayar\.gradle\wrapper\dists\gradle-8.9-bin\90cnw93cvbtalezasaz0blq0a\gradle-8.9\lib\agents\gradle-instrumentation-agent-8.9.jar path:C:\Users\System Bilgisayar\.vscode\extensions\redhat.java-1.54.0-win32-x64\jre\21.0.10-win32-x86_64\bin\instrument.dll, loaded, initialized, instrumentlib options:none

dbghelp: loaded successfully - version: 4.0.5 - missing functions: none
symbol engine: initialized successfully - sym options: 0x614 - pdb path: .;C:\Users\System Bilgisayar\.vscode\extensions\redhat.java-1.54.0-win32-x64\jre\21.0.10-win32-x86_64\bin;C:\WINDOWS\SYSTEM32;C:\WINDOWS\WinSxS\amd64_microsoft.windows.common-controls_6595b64144ccf1df_6.0.19041.6456_none_60b8a6cb71f64256;C:\Users\System Bilgisayar\.vscode\extensions\redhat.java-1.54.0-win32-x64\jre\21.0.10-win32-x86_64\bin\server;C:\Users\System Bilgisayar\.gradle\native\c067742578af261105cb4f569cf0c3c89f3d7b1fecec35dd04571415982c5e48\windows-amd64;C:\Users\System Bilgisayar\.gradle\native\100fb08df4bc3b14c8652ba06237920a3bd2aa13389f12d3474272988ae205f9\windows-amd64

VM Arguments:
jvm_args: --add-opens=java.base/java.util=ALL-UNNAMED --add-opens=java.base/java.lang=ALL-UNNAMED --add-opens=java.base/java.lang.invoke=ALL-UNNAMED --add-opens=java.prefs/java.util.prefs=ALL-UNNAMED --add-exports=jdk.compiler/com.sun.tools.javac.api=ALL-UNNAMED --add-exports=jdk.compiler/com.sun.tools.javac.util=ALL-UNNAMED --add-opens=java.base/java.nio.charset=ALL-UNNAMED --add-opens=java.base/java.net=ALL-UNNAMED --add-opens=java.base/java.util.concurrent.atomic=ALL-UNNAMED -Xmx1536M -Dfile.encoding=utf8 -Duser.country=TR -Duser.language=tr -Duser.variant -javaagent:C:\Users\System Bilgisayar\.gradle\wrapper\dists\gradle-8.9-bin\90cnw93cvbtalezasaz0blq0a\gradle-8.9\lib\agents\gradle-instrumentation-agent-8.9.jar 
java_command: org.gradle.launcher.daemon.bootstrap.GradleDaemon 8.9
java_class_path (initial): C:\Users\System Bilgisayar\.gradle\wrapper\dists\gradle-8.9-bin\90cnw93cvbtalezasaz0blq0a\gradle-8.9\lib\gradle-daemon-main-8.9.jar
Launcher Type: SUN_STANDARD

[Global flags]
     intx CICompilerCount                          = 3                                         {product} {ergonomic}
     uint ConcGCThreads                            = 1                                         {product} {ergonomic}
     uint G1ConcRefinementThreads                  = 4                                         {product} {ergonomic}
   size_t G1HeapRegionSize                         = 1048576                                   {product} {ergonomic}
    uintx GCDrainStackTargetSize                   = 64                                        {product} {ergonomic}
   size_t InitialHeapSize                          = 56623104                                  {product} {ergonomic}
   size_t MarkStackSize                            = 4194304                                   {product} {ergonomic}
   size_t MaxHeapSize                              = 1610612736                                {product} {command line}
   size_t MaxNewSize                               = 965738496                                 {product} {ergonomic}
   size_t MinHeapDeltaBytes                        = 1048576                                   {product} {ergonomic}
   size_t MinHeapSize                              = 8388608                                   {product} {ergonomic}
    uintx NonNMethodCodeHeapSize                   = 5832780                                {pd product} {ergonomic}
    uintx NonProfiledCodeHeapSize                  = 122912730                              {pd product} {ergonomic}
    uintx ProfiledCodeHeapSize                     = 122912730                              {pd product} {ergonomic}
    uintx ReservedCodeCacheSize                    = 251658240                              {pd product} {ergonomic}
     bool SegmentedCodeCache                       = true                                      {product} {ergonomic}
   size_t SoftMaxHeapSize                          = 1610612736                             {manageable} {ergonomic}
     bool UseCompressedOops                        = true                           {product lp64_product} {ergonomic}
     bool UseG1GC                                  = true                                      {product} {ergonomic}
     bool UseLargePagesIndividualAllocation        = false                                  {pd product} {ergonomic}

Logging:
Log output configuration:
 #0: stdout all=warning uptime,level,tags foldmultilines=false
 #1: stderr all=off uptime,level,tags foldmultilines=false

Release file:
JAVA_VERSION="21.0.10" 
MODULES="java.base java.compiler java.datatransfer java.xml java.prefs java.desktop java.instrument java.logging java.management java.security.sasl java.naming java.rmi java.management.rmi java.net.http java.scripting java.security.jgss java.transaction.xa java.sql java.sql.rowset java.xml.crypto java.se java.smartcardio jdk.accessibility jdk.internal.jvmstat jdk.attach jdk.charsets jdk.internal.opt jdk.zipfs jdk.compiler jdk.crypto.ec jdk.crypto.cryptoki jdk.crypto.mscapi jdk.dynalink jdk.internal.ed jdk.editpad jdk.hotspot.agent jdk.httpserver jdk.internal.le jdk.internal.vm.ci jdk.internal.vm.compiler jdk.internal.vm.compiler.management jdk.jartool jdk.javadoc jdk.jcmd jdk.management jdk.management.agent jdk.jconsole jdk.jdeps jdk.jdwp.agent jdk.jdi jdk.jfr jdk.jshell jdk.jsobject jdk.jstatd jdk.localedata jdk.management.jfr jdk.naming.dns jdk.naming.rmi jdk.net jdk.nio.mapmode jdk.random jdk.sctp jdk.security.auth jdk.security.jgss jdk.unsupported jdk.unsupported.desktop jdk.xml.dom" 

Environment Variables:
JAVA_HOME=C:\Program Files\Java\jdk-17
PATH=C:\Users\System Bilgisayar\AppData\Local\Programs\Microsoft VS Code;C:\Program Files\Zulu\zulu-11\bin\;C:\flutter\bin;C:\Windows\system32;C:\Windows;C:\Windows\System32\Wbem;C:\Windows\System32\WindowsPowerShell\v1.0\;C:\Windows\System32\OpenSSH\;C:\Program Files\Microsoft SQL Server\150\Tools\Binn\;C:\WINDOWS\system32;C:\WINDOWS;C:\WINDOWS\System32\Wbem;C:\WINDOWS\System32\WindowsPowerShell\v1.0\;C:\WINDOWS\System32\OpenSSH\;C:\Program Files (x86)\Git\cmd;C:\Program Files\Java\jdk-23;C:\xampp\php;C:\composer;C:\nodejs;C:\Program Files\nodejs\;C:\Users\System Bilgisayar\AppData\Local\Pub\Cache\bin;C:\Program Files\dotnet\;C:\Program Files (x86)\Windows Kits\10\Windows Performance Toolkit\;C:\Program Files\MySQL\MySQL Shell 8.0\bin\;E:\Anaconda;C:\Program Files\flutter\bin;E: \Anaconda\Library\mingw-64\bin;E:\Anaconda\Library\usr\bin;E:\Anaconda\Library\bin;E:\Anaconda\Scripts;C:\Users\System Bilgisayar\AppData\Local\Microsoft\WindowsApps;C:\Program Files\JetBrains\IntelliJ IDEA Community Edition 2022.2.3\bin;;C:\Users\System Bilgisayar\AppData\Local\Programs\Microsoft VS Code\bin;C:\Program Files\Git\bin\;C:\dart-sdk\bin;C:\Users\System Bilgisayar\AppData\Roaming\Composer\vendor\bin;C:\Users\System Bilgisayar\AppData\Local\Microsoft\WinGet\Links;C:\Users\System Bilgisayar\AppData\Roaming\npm;C:\Program Files\Java\jdk-17\bin;C:\Users\System Bilgisayar\.dotnet\tools
USERNAME=System Bilgisayar
OS=Windows_NT
PROCESSOR_IDENTIFIER=Intel64 Family 6 Model 142 Stepping 9, GenuineIntel
TMP=C:\Users\SYSTEM~1\AppData\Local\Temp
TEMP=C:\Users\SYSTEM~1\AppData\Local\Temp




Periodic native trim disabled

---------------  S Y S T E M  ---------------

OS:
 Windows 10 , 64 bit Build 19041 (10.0.19041.5915)
OS uptime: 12 days 23:38 hours

CPU: total 4 (initial active 4) (2 cores per cpu, 2 threads per core) family 6 model 142 stepping 9 microcode 0xb4, cx8, cmov, fxsr, ht, mmx, 3dnowpref, sse, sse2, sse3, ssse3, sse4.1, sse4.2, popcnt, lzcnt, tsc, tscinvbit, avx, avx2, aes, erms, clmul, bmi1, bmi2, adx, fma, vzeroupper, clflush, clflushopt, rdtscp, f16c
Processor Information for the first 4 processors :
  Max Mhz: 2712, Current Mhz: 2511, Mhz Limit: 2495

Memory: 4k page, system-wide physical 3345M (62M free)
TotalPageFile size 13570M (AvailPageFile size 279M)
current process WorkingSet (physical memory assigned to process): 311M, peak: 325M
current process commit charge ("private bytes"): 462M, peak: 757M

vm_info: OpenJDK 64-Bit Server VM (21.0.10+7-LTS) for windows-amd64 JRE (21.0.10+7-LTS), built on 2026-01-20T00:00:00Z by "admin" with MS VC++ 17.12 (VS2022)

END.
